Oct 06 06:06:47 kali kernel: Linux version 6.8.11-amd64 (devel@kali.org) (x86_64-linux-gnu-gcc-13 (Debian 13.2.0-25) 13.2.0, GNU ld (GNU Binutils for Debian) 2.42) #1 SMP PREEMPT_DYNAMIC Kali 6.8.11-1kali2 (2024-05-30)
Oct 06 06:06:47 kali kernel: Command line: BOOT_IMAGE=/boot/vmlinuz-6.8.11-amd64 root=UUID=2dc67759-3280-48e4-b59a-055805b405d0 ro quiet splash
Oct 06 06:06:47 kali kernel: BIOS-provided physical RAM map:
Oct 06 06:06:47 kali kernel: BIOS-e820: [mem 0x0000000000000000-0x000000000009ffff] usable
Oct 06 06:06:47 kali kernel: BIOS-e820: [mem 0x00000000000a0000-0x00000000000fffff] reserved
Oct 06 06:06:47 kali kernel: BIOS-e820: [mem 0x0000000000100000-0x0000000009cfffff] usable
Oct 06 06:06:47 kali kernel: BIOS-e820: [mem 0x0000000009d00000-0x0000000009ffffff] reserved
Oct 06 06:06:47 kali kernel: BIOS-e820: [mem 0x000000000a000000-0x000000000a1fffff] usable
Oct 06 06:06:47 kali kernel: BIOS-e820: [mem 0x000000000a200000-0x000000000a20afff] ACPI NVS
Oct 06 06:06:47 kali kernel: BIOS-e820: [mem 0x000000000a20b000-0x000000000affffff] usable
Oct 06 06:06:47 kali kernel: BIOS-e820: [mem 0x000000000b000000-0x000000000b01ffff] reserved
Oct 06 06:06:47 kali kernel: BIOS-e820: [mem 0x000000000b020000-0x00000000da746fff] usable
Oct 06 06:06:47 kali kernel: BIOS-e820: [mem 0x00000000da747000-0x00000000dbc38fff] reserved
Oct 06 06:06:47 kali kernel: BIOS-e820: [mem 0x00000000dbc39000-0x00000000dbcb5fff] ACPI data
Oct 06 06:06:47 kali kernel: BIOS-e820: [mem 0x00000000dbcb6000-0x00000000dc1cefff] ACPI NVS
Oct 06 06:06:47 kali kernel: BIOS-e820: [mem 0x00000000dc1cf000-0x00000000dcd02fff] reserved
Oct 06 06:06:47 kali kernel: BIOS-e820: [mem 0x00000000dcd03000-0x00000000deffffff] usable
Oct 06 06:06:47 kali kernel: BIOS-e820: [mem 0x00000000df000000-0x00000000dfffffff] reserved
Oct 06 06:06:47 kali kernel: BIOS-e820: [mem 0x00000000f8000000-0x00000000fbffffff] reserved
Oct 06 06:06:47 kali kernel: BIOS-e820: [mem 0x00000000fd000000-0x00000000ffffffff] reserved
Oct 06 06:06:47 kali kernel: BIOS-e820: [mem 0x0000000100000000-0x000000041f37ffff] usable
Oct 06 06:06:47 kali kernel: NX (Execute Disable) protection: active
Oct 06 06:06:47 kali kernel: APIC: Static calls initialized
Oct 06 06:06:47 kali kernel: e820: update [mem 0xd76fa018-0xd7717057] usable ==> usable
Oct 06 06:06:47 kali kernel: e820: update [mem 0xd76fa018-0xd7717057] usable ==> usable
Oct 06 06:06:47 kali kernel: extended physical RAM map:
Oct 06 06:06:47 kali kernel: reserve setup_data: [mem 0x0000000000000000-0x000000000009ffff] usable
Oct 06 06:06:47 kali kernel: reserve setup_data: [mem 0x00000000000a0000-0x00000000000fffff] reserved
Oct 06 06:06:47 kali kernel: reserve setup_data: [mem 0x0000000000100000-0x0000000009cfffff] usable
Oct 06 06:06:47 kali kernel: reserve setup_data: [mem 0x0000000009d00000-0x0000000009ffffff] reserved
Oct 06 06:06:47 kali kernel: reserve setup_data: [mem 0x000000000a000000-0x000000000a1fffff] usable
Oct 06 06:06:47 kali kernel: reserve setup_data: [mem 0x000000000a200000-0x000000000a20afff] ACPI NVS
Oct 06 06:06:47 kali kernel: reserve setup_data: [mem 0x000000000a20b000-0x000000000affffff] usable
Oct 06 06:06:47 kali kernel: reserve setup_data: [mem 0x000000000b000000-0x000000000b01ffff] reserved
Oct 06 06:06:47 kali kernel: reserve setup_data: [mem 0x000000000b020000-0x00000000d76fa017] usable
Oct 06 06:06:47 kali kernel: reserve setup_data: [mem 0x00000000d76fa018-0x00000000d7717057] usable
Oct 06 06:06:47 kali kernel: reserve setup_data: [mem 0x00000000d7717058-0x00000000da746fff] usable
Oct 06 06:06:47 kali kernel: reserve setup_data: [mem 0x00000000da747000-0x00000000dbc38fff] reserved
Oct 06 06:06:47 kali kernel: reserve setup_data: [mem 0x00000000dbc39000-0x00000000dbcb5fff] ACPI data
Oct 06 06:06:47 kali kernel: reserve setup_data: [mem 0x00000000dbcb6000-0x00000000dc1cefff] ACPI NVS
Oct 06 06:06:47 kali kernel: reserve setup_data: [mem 0x00000000dc1cf000-0x00000000dcd02fff] reserved
Oct 06 06:06:47 kali kernel: reserve setup_data: [mem 0x00000000dcd03000-0x00000000deffffff] usable
Oct 06 06:06:47 kali kernel: reserve setup_data: [mem 0x00000000df000000-0x00000000dfffffff] reserved
Oct 06 06:06:47 kali kernel: reserve setup_data: [mem 0x00000000f8000000-0x00000000fbffffff] reserved
Oct 06 06:06:47 kali kernel: reserve setup_data: [mem 0x00000000fd000000-0x00000000ffffffff] reserved
Oct 06 06:06:47 kali kernel: reserve setup_data: [mem 0x0000000100000000-0x000000041f37ffff] usable
Oct 06 06:06:47 kali kernel: efi: EFI v2.7 by American Megatrends
Oct 06 06:06:47 kali kernel: efi: ACPI 2.0=0xdc14a000 ACPI=0xdc14a000 SMBIOS=0xdcb37000 SMBIOS 3.0=0xdcb36000 MEMATTR=0xd91cf018 ESRT=0xd925a498 INITRD=0xd7769d18 RNG=0xdbcb5018 
Oct 06 06:06:47 kali kernel: random: crng init done
Oct 06 06:06:47 kali kernel: efi: Remove mem275: MMIO range=[0xf8000000-0xfbffffff] (64MB) from e820 map
Oct 06 06:06:47 kali kernel: e820: remove [mem 0xf8000000-0xfbffffff] reserved
Oct 06 06:06:47 kali kernel: efi: Remove mem276: MMIO range=[0xfd000000-0xffffffff] (48MB) from e820 map
Oct 06 06:06:47 kali kernel: e820: remove [mem 0xfd000000-0xffffffff] reserved
Oct 06 06:06:47 kali kernel: secureboot: Secure boot disabled
Oct 06 06:06:47 kali kernel: SMBIOS 3.2.1 present.
Oct 06 06:06:47 kali kernel: DMI: To Be Filled By O.E.M. To Be Filled By O.E.M./A320M-DVS R4.0, BIOS P2.20 06/26/2019
Oct 06 06:06:47 kali kernel: tsc: Fast TSC calibration failed
Oct 06 06:06:47 kali kernel: e820: update [mem 0x00000000-0x00000fff] usable ==> reserved
Oct 06 06:06:47 kali kernel: e820: remove [mem 0x000a0000-0x000fffff] usable
Oct 06 06:06:47 kali kernel: last_pfn = 0x41f380 max_arch_pfn = 0x400000000
Oct 06 06:06:47 kali kernel: MTRR map: 6 entries (4 fixed + 2 variable; max 21), built from 9 variable MTRRs
Oct 06 06:06:47 kali kernel: x86/PAT: Configuration [0-7]: WB  WC  UC- UC  WB  WP  UC- WT  
Oct 06 06:06:47 kali kernel: e820: update [mem 0xe0000000-0xffffffff] usable ==> reserved
Oct 06 06:06:47 kali kernel: last_pfn = 0xdf000 max_arch_pfn = 0x400000000
Oct 06 06:06:47 kali kernel: esrt: Reserving ESRT space from 0x00000000d925a498 to 0x00000000d925a4d0.
Oct 06 06:06:47 kali kernel: e820: update [mem 0xd925a000-0xd925afff] usable ==> reserved
Oct 06 06:06:47 kali kernel: Using GB pages for direct mapping
Oct 06 06:06:47 kali kernel: RAMDISK: [mem 0xcdf94000-0xd2bd9fff]
Oct 06 06:06:47 kali kernel: ACPI: Early table checksum verification disabled
Oct 06 06:06:47 kali kernel: ACPI: RSDP 0x00000000DC14A000 000024 (v02 ALASKA)
Oct 06 06:06:47 kali kernel: ACPI: XSDT 0x00000000DC14A0A8 0000CC (v01 ALASKA A M I    01072009 AMI  00010013)
Oct 06 06:06:47 kali kernel: ACPI: FACP 0x00000000DC150A30 000114 (v06 ALASKA A M I    01072009 AMI  00010013)
Oct 06 06:06:47 kali kernel: ACPI: DSDT 0x00000000DC14A208 006825 (v02 ALASKA A M I    01072009 INTL 20120913)
Oct 06 06:06:47 kali kernel: ACPI: FACS 0x00000000DC1B6E00 000040
Oct 06 06:06:47 kali kernel: ACPI: APIC 0x00000000DC150B48 00015E (v03 ALASKA A M I    01072009 AMI  00010013)
Oct 06 06:06:47 kali kernel: ACPI: FPDT 0x00000000DC150CA8 000044 (v01 ALASKA A M I    01072009 AMI  00010013)
Oct 06 06:06:47 kali kernel: ACPI: FIDT 0x00000000DC150CF0 00009C (v01 ALASKA A M I    01072009 AMI  00010013)
Oct 06 06:06:47 kali kernel: ACPI: SSDT 0x00000000DC150D90 0000C8 (v02 ALASKA CPUSSDT  01072009 AMI  01072009)
Oct 06 06:06:47 kali kernel: ACPI: SSDT 0x00000000DC150E58 008C98 (v02 AMD    AMD ALIB 00000002 MSFT 04000000)
Oct 06 06:06:47 kali kernel: ACPI: SSDT 0x00000000DC159AF0 00307E (v01 AMD    AMD AOD  00000001 INTL 20120913)
Oct 06 06:06:47 kali kernel: ACPI: MCFG 0x00000000DC15CB70 00003C (v01 ALASKA A M I    01072009 MSFT 00010013)
Oct 06 06:06:47 kali kernel: ACPI: AAFT 0x00000000DC15CBB0 0003EA (v01 ALASKA OEMAAFT  01072009 MSFT 00000097)
Oct 06 06:06:47 kali kernel: ACPI: HPET 0x00000000DC15CFA0 000038 (v01 ALASKA A M I    01072009 AMI  00000005)
Oct 06 06:06:47 kali kernel: ACPI: SSDT 0x00000000DC15CFD8 000024 (v01 AMDFCH FCHZP    00001000 INTL 20120913)
Oct 06 06:06:47 kali kernel: ACPI: UEFI 0x00000000DC15D000 000042 (v01 ALASKA A M I    00000002      01000013)
Oct 06 06:06:47 kali kernel: ACPI: VFCT 0x00000000DC15D048 00EA84 (v01 ALASKA A M I    00000001 AMD  31504F47)
Oct 06 06:06:47 kali kernel: ACPI: IVRS 0x00000000DC16BAD0 0000D0 (v02 AMD    AMD IVRS 00000001 AMD  00000000)
Oct 06 06:06:47 kali kernel: ACPI: SSDT 0x00000000DC16BBA0 001A58 (v01 AMD    AMD CPU  00000001 AMD  00000001)
Oct 06 06:06:47 kali kernel: ACPI: CRAT 0x00000000DC16D5F8 000BD0 (v01 AMD    AMD CRAT 00000001 AMD  00000001)
Oct 06 06:06:47 kali kernel: ACPI: CDIT 0x00000000DC16E1C8 000029 (v01 AMD    AMD CDIT 00000001 AMD  00000001)
Oct 06 06:06:47 kali kernel: ACPI: BGRT 0x00000000DC16E1F8 000038 (v01 ALASKA A M I    01072009 AMI  00010013)
Oct 06 06:06:47 kali kernel: ACPI: SSDT 0x00000000DC16E230 001D4A (v01 AMD    AmdTable 00000001 INTL 20120913)
Oct 06 06:06:47 kali kernel: ACPI: SSDT 0x00000000DC16FF80 0000BF (v01 AMD    AMD PT   00001000 INTL 20120913)
Oct 06 06:06:47 kali kernel: ACPI: WSMT 0x00000000DC170040 000028 (v01 ALASKA A M I    01072009 AMI  00010013)
Oct 06 06:06:47 kali kernel: ACPI: Reserving FACP table memory at [mem 0xdc150a30-0xdc150b43]
Oct 06 06:06:47 kali kernel: ACPI: Reserving DSDT table memory at [mem 0xdc14a208-0xdc150a2c]
Oct 06 06:06:47 kali kernel: ACPI: Reserving FACS table memory at [mem 0xdc1b6e00-0xdc1b6e3f]
Oct 06 06:06:47 kali kernel: ACPI: Reserving APIC table memory at [mem 0xdc150b48-0xdc150ca5]
Oct 06 06:06:47 kali kernel: ACPI: Reserving FPDT table memory at [mem 0xdc150ca8-0xdc150ceb]
Oct 06 06:06:47 kali kernel: ACPI: Reserving FIDT table memory at [mem 0xdc150cf0-0xdc150d8b]
Oct 06 06:06:47 kali kernel: ACPI: Reserving SSDT table memory at [mem 0xdc150d90-0xdc150e57]
Oct 06 06:06:47 kali kernel: ACPI: Reserving SSDT table memory at [mem 0xdc150e58-0xdc159aef]
Oct 06 06:06:47 kali kernel: ACPI: Reserving SSDT table memory at [mem 0xdc159af0-0xdc15cb6d]
Oct 06 06:06:47 kali kernel: ACPI: Reserving MCFG table memory at [mem 0xdc15cb70-0xdc15cbab]
Oct 06 06:06:47 kali kernel: ACPI: Reserving AAFT table memory at [mem 0xdc15cbb0-0xdc15cf99]
Oct 06 06:06:47 kali kernel: ACPI: Reserving HPET table memory at [mem 0xdc15cfa0-0xdc15cfd7]
Oct 06 06:06:47 kali kernel: ACPI: Reserving SSDT table memory at [mem 0xdc15cfd8-0xdc15cffb]
Oct 06 06:06:47 kali kernel: ACPI: Reserving UEFI table memory at [mem 0xdc15d000-0xdc15d041]
Oct 06 06:06:47 kali kernel: ACPI: Reserving VFCT table memory at [mem 0xdc15d048-0xdc16bacb]
Oct 06 06:06:47 kali kernel: ACPI: Reserving IVRS table memory at [mem 0xdc16bad0-0xdc16bb9f]
Oct 06 06:06:47 kali kernel: ACPI: Reserving SSDT table memory at [mem 0xdc16bba0-0xdc16d5f7]
Oct 06 06:06:47 kali kernel: ACPI: Reserving CRAT table memory at [mem 0xdc16d5f8-0xdc16e1c7]
Oct 06 06:06:47 kali kernel: ACPI: Reserving CDIT table memory at [mem 0xdc16e1c8-0xdc16e1f0]
Oct 06 06:06:47 kali kernel: ACPI: Reserving BGRT table memory at [mem 0xdc16e1f8-0xdc16e22f]
Oct 06 06:06:47 kali kernel: ACPI: Reserving SSDT table memory at [mem 0xdc16e230-0xdc16ff79]
Oct 06 06:06:47 kali kernel: ACPI: Reserving SSDT table memory at [mem 0xdc16ff80-0xdc17003e]
Oct 06 06:06:47 kali kernel: ACPI: Reserving WSMT table memory at [mem 0xdc170040-0xdc170067]
Oct 06 06:06:47 kali kernel: No NUMA configuration found
Oct 06 06:06:47 kali kernel: Faking a node at [mem 0x0000000000000000-0x000000041f37ffff]
Oct 06 06:06:47 kali kernel: NODE_DATA(0) allocated [mem 0x41f355000-0x41f37ffff]
Oct 06 06:06:47 kali kernel: Zone ranges:
Oct 06 06:06:47 kali kernel:   DMA      [mem 0x0000000000001000-0x0000000000ffffff]
Oct 06 06:06:47 kali kernel:   DMA32    [mem 0x0000000001000000-0x00000000ffffffff]
Oct 06 06:06:47 kali kernel:   Normal   [mem 0x0000000100000000-0x000000041f37ffff]
Oct 06 06:06:47 kali kernel:   Device   empty
Oct 06 06:06:47 kali kernel: Movable zone start for each node
Oct 06 06:06:47 kali kernel: Early memory node ranges
Oct 06 06:06:47 kali kernel:   node   0: [mem 0x0000000000001000-0x000000000009ffff]
Oct 06 06:06:47 kali kernel:   node   0: [mem 0x0000000000100000-0x0000000009cfffff]
Oct 06 06:06:47 kali kernel:   node   0: [mem 0x000000000a000000-0x000000000a1fffff]
Oct 06 06:06:47 kali kernel:   node   0: [mem 0x000000000a20b000-0x000000000affffff]
Oct 06 06:06:47 kali kernel:   node   0: [mem 0x000000000b020000-0x00000000da746fff]
Oct 06 06:06:47 kali kernel:   node   0: [mem 0x00000000dcd03000-0x00000000deffffff]
Oct 06 06:06:47 kali kernel:   node   0: [mem 0x0000000100000000-0x000000041f37ffff]
Oct 06 06:06:47 kali kernel: Initmem setup node 0 [mem 0x0000000000001000-0x000000041f37ffff]
Oct 06 06:06:47 kali kernel: On node 0, zone DMA: 1 pages in unavailable ranges
Oct 06 06:06:47 kali kernel: On node 0, zone DMA: 96 pages in unavailable ranges
Oct 06 06:06:47 kali kernel: On node 0, zone DMA32: 768 pages in unavailable ranges
Oct 06 06:06:47 kali kernel: On node 0, zone DMA32: 11 pages in unavailable ranges
Oct 06 06:06:47 kali kernel: On node 0, zone DMA32: 32 pages in unavailable ranges
Oct 06 06:06:47 kali kernel: On node 0, zone DMA32: 9660 pages in unavailable ranges
Oct 06 06:06:47 kali kernel: On node 0, zone Normal: 4096 pages in unavailable ranges
Oct 06 06:06:47 kali kernel: On node 0, zone Normal: 3200 pages in unavailable ranges
Oct 06 06:06:47 kali kernel: ACPI: PM-Timer IO Port: 0x808
Oct 06 06:06:47 kali kernel: ACPI: LAPIC_NMI (acpi_id[0xff] high edge lint[0x1])
Oct 06 06:06:47 kali kernel: IOAPIC[0]: apic_id 13, version 33, address 0xfec00000, GSI 0-23
Oct 06 06:06:47 kali kernel: IOAPIC[1]: apic_id 14, version 33, address 0xfec01000, GSI 24-55
Oct 06 06:06:47 kali kernel: ACPI: INT_SRC_OVR (bus 0 bus_irq 0 global_irq 2 dfl dfl)
Oct 06 06:06:47 kali kernel: ACPI: INT_SRC_OVR (bus 0 bus_irq 9 global_irq 9 low level)
Oct 06 06:06:47 kali kernel: ACPI: Using ACPI (MADT) for SMP configuration information
Oct 06 06:06:47 kali kernel: ACPI: HPET id: 0x10228201 base: 0xfed00000
Oct 06 06:06:47 kali kernel: e820: update [mem 0xd776d000-0xd77adfff] usable ==> reserved
Oct 06 06:06:47 kali kernel: smpboot: Allowing 32 CPUs, 20 hotplug CPUs
Oct 06 06:06:47 kali kernel: PM: hibernation: Registered nosave memory: [mem 0x00000000-0x00000fff]
Oct 06 06:06:47 kali kernel: PM: hibernation: Registered nosave memory: [mem 0x000a0000-0x000fffff]
Oct 06 06:06:47 kali kernel: PM: hibernation: Registered nosave memory: [mem 0x09d00000-0x09ffffff]
Oct 06 06:06:47 kali kernel: PM: hibernation: Registered nosave memory: [mem 0x0a200000-0x0a20afff]
Oct 06 06:06:47 kali kernel: PM: hibernation: Registered nosave memory: [mem 0x0b000000-0x0b01ffff]
Oct 06 06:06:47 kali kernel: PM: hibernation: Registered nosave memory: [mem 0xd76fa000-0xd76fafff]
Oct 06 06:06:47 kali kernel: PM: hibernation: Registered nosave memory: [mem 0xd7717000-0xd7717fff]
Oct 06 06:06:47 kali kernel: PM: hibernation: Registered nosave memory: [mem 0xd776d000-0xd77adfff]
Oct 06 06:06:47 kali kernel: PM: hibernation: Registered nosave memory: [mem 0xd925a000-0xd925afff]
Oct 06 06:06:47 kali kernel: PM: hibernation: Registered nosave memory: [mem 0xda747000-0xdbc38fff]
Oct 06 06:06:47 kali kernel: PM: hibernation: Registered nosave memory: [mem 0xdbc39000-0xdbcb5fff]
Oct 06 06:06:47 kali kernel: PM: hibernation: Registered nosave memory: [mem 0xdbcb6000-0xdc1cefff]
Oct 06 06:06:47 kali kernel: PM: hibernation: Registered nosave memory: [mem 0xdc1cf000-0xdcd02fff]
Oct 06 06:06:47 kali kernel: PM: hibernation: Registered nosave memory: [mem 0xdf000000-0xdfffffff]
Oct 06 06:06:47 kali kernel: PM: hibernation: Registered nosave memory: [mem 0xe0000000-0xffffffff]
Oct 06 06:06:47 kali kernel: [mem 0xe0000000-0xffffffff] available for PCI devices
Oct 06 06:06:47 kali kernel: Booting paravirtualized kernel on bare hardware
Oct 06 06:06:47 kali kernel: clocksource: refined-jiffies: mask: 0xffffffff max_cycles: 0xffffffff, max_idle_ns: 7645519600211568 ns
Oct 06 06:06:47 kali kernel: setup_percpu: NR_CPUS:8192 nr_cpumask_bits:32 nr_cpu_ids:32 nr_node_ids:1
Oct 06 06:06:47 kali kernel: percpu: Embedded 64 pages/cpu s225280 r8192 d28672 u262144
Oct 06 06:06:47 kali kernel: pcpu-alloc: s225280 r8192 d28672 u262144 alloc=1*2097152
Oct 06 06:06:47 kali kernel: pcpu-alloc: [0] 00 01 02 03 04 05 06 07 [0] 08 09 10 11 12 13 14 15 
Oct 06 06:06:47 kali kernel: pcpu-alloc: [0] 16 17 18 19 20 21 22 23 [0] 24 25 26 27 28 29 30 31 
Oct 06 06:06:47 kali kernel: Kernel command line: BOOT_IMAGE=/boot/vmlinuz-6.8.11-amd64 root=UUID=2dc67759-3280-48e4-b59a-055805b405d0 ro quiet splash
Oct 06 06:06:47 kali kernel: Unknown kernel command line parameters "splash BOOT_IMAGE=/boot/vmlinuz-6.8.11-amd64", will be passed to user space.
Oct 06 06:06:47 kali kernel: printk: log_buf_len individual max cpu contribution: 4096 bytes
Oct 06 06:06:47 kali kernel: printk: log_buf_len total cpu_extra contributions: 126976 bytes
Oct 06 06:06:47 kali kernel: printk: log_buf_len min size: 131072 bytes
Oct 06 06:06:47 kali kernel: printk: log_buf_len: 262144 bytes
Oct 06 06:06:47 kali kernel: printk: early log buf free: 117576(89%)
Oct 06 06:06:47 kali kernel: Dentry cache hash table entries: 2097152 (order: 12, 16777216 bytes, linear)
Oct 06 06:06:47 kali kernel: Inode-cache hash table entries: 1048576 (order: 11, 8388608 bytes, linear)
Oct 06 06:06:47 kali kernel: Fallback order for Node 0: 0 
Oct 06 06:06:47 kali kernel: Built 1 zonelists, mobility grouping on.  Total pages: 4111022
Oct 06 06:06:47 kali kernel: Policy zone: Normal
Oct 06 06:06:47 kali kernel: mem auto-init: stack:all(zero), heap alloc:on, heap free:off
Oct 06 06:06:47 kali kernel: software IO TLB: area num 32.
Oct 06 06:06:47 kali kernel: Memory: 3505852K/16705760K available (16384K kernel code, 2368K rwdata, 10760K rodata, 4028K init, 5548K bss, 578788K reserved, 0K cma-reserved)
Oct 06 06:06:47 kali kernel: SLUB: HWalign=64, Order=0-3, MinObjects=0, CPUs=32, Nodes=1
Oct 06 06:06:47 kali kernel: ftrace: allocating 43653 entries in 171 pages
Oct 06 06:06:47 kali kernel: ftrace: allocated 171 pages with 5 groups
Oct 06 06:06:47 kali kernel: Dynamic Preempt: voluntary
Oct 06 06:06:47 kali kernel: rcu: Preemptible hierarchical RCU implementation.
Oct 06 06:06:47 kali kernel: rcu:         RCU restricting CPUs from NR_CPUS=8192 to nr_cpu_ids=32.
Oct 06 06:06:47 kali kernel:         Trampoline variant of Tasks RCU enabled.
Oct 06 06:06:47 kali kernel:         Rude variant of Tasks RCU enabled.
Oct 06 06:06:47 kali kernel:         Tracing variant of Tasks RCU enabled.
Oct 06 06:06:47 kali kernel: rcu: RCU calculated value of scheduler-enlistment delay is 25 jiffies.
Oct 06 06:06:47 kali kernel: rcu: Adjusting geometry for rcu_fanout_leaf=16, nr_cpu_ids=32
Oct 06 06:06:47 kali kernel: NR_IRQS: 524544, nr_irqs: 1224, preallocated irqs: 16
Oct 06 06:06:47 kali kernel: rcu: srcu_init: Setting srcu_struct sizes based on contention.
Oct 06 06:06:47 kali kernel: Console: colour dummy device 80x25
Oct 06 06:06:47 kali kernel: printk: legacy console [tty0] enabled
Oct 06 06:06:47 kali kernel: ACPI: Core revision 20230628
Oct 06 06:06:47 kali kernel: clocksource: hpet: mask: 0xffffffff max_cycles: 0xffffffff, max_idle_ns: 133484873504 ns
Oct 06 06:06:47 kali kernel: APIC: Switch to symmetric I/O mode setup
Oct 06 06:06:47 kali kernel: AMD-Vi: Using global IVHD EFR:0xf77ef22294ada, EFR2:0x0
Oct 06 06:06:47 kali kernel: APIC: Switched APIC routing to: physical flat
Oct 06 06:06:47 kali kernel: ..TIMER: vector=0x30 apic1=0 pin1=2 apic2=-1 pin2=-1
Oct 06 06:06:47 kali kernel: tsc: PIT calibration matches HPET. 2 loops
Oct 06 06:06:47 kali kernel: tsc: Detected 3399.570 MHz processor
Oct 06 06:06:47 kali kernel: clocksource: tsc-early: mask: 0xffffffffffffffff max_cycles: 0x3100b9044a8, max_idle_ns: 440795363060 ns
Oct 06 06:06:47 kali kernel: Calibrating delay loop (skipped), value calculated using timer frequency.. 6799.14 BogoMIPS (lpj=13598280)
Oct 06 06:06:47 kali kernel: AMD Zen1 DIV0 bug detected. Disable SMT for full protection.
Oct 06 06:06:47 kali kernel: LVT offset 1 assigned for vector 0xf9
Oct 06 06:06:47 kali kernel: LVT offset 2 assigned for vector 0xf4
Oct 06 06:06:47 kali kernel: process: using mwait in idle threads
Oct 06 06:06:47 kali kernel: Last level iTLB entries: 4KB 1024, 2MB 1024, 4MB 512
Oct 06 06:06:47 kali kernel: Last level dTLB entries: 4KB 1536, 2MB 1536, 4MB 768, 1GB 0
Oct 06 06:06:47 kali kernel: Spectre V1 : Mitigation: usercopy/swapgs barriers and __user pointer sanitization
Oct 06 06:06:47 kali kernel: Spectre V2 : Mitigation: Retpolines
Oct 06 06:06:47 kali kernel: Spectre V2 : Spectre v2 / SpectreRSB mitigation: Filling RSB on context switch
Oct 06 06:06:47 kali kernel: Spectre V2 : Spectre v2 / SpectreRSB : Filling RSB on VMEXIT
Oct 06 06:06:47 kali kernel: Spectre V2 : Enabling Speculation Barrier for firmware calls
Oct 06 06:06:47 kali kernel: RETBleed: Mitigation: untrained return thunk
Oct 06 06:06:47 kali kernel: Spectre V2 : mitigation: Enabling conditional Indirect Branch Prediction Barrier
Oct 06 06:06:47 kali kernel: Speculative Store Bypass: Mitigation: Speculative Store Bypass disabled via prctl
Oct 06 06:06:47 kali kernel: Speculative Return Stack Overflow: Mitigation: Safe RET
Oct 06 06:06:47 kali kernel: x86/fpu: Supporting XSAVE feature 0x001: 'x87 floating point registers'
Oct 06 06:06:47 kali kernel: x86/fpu: Supporting XSAVE feature 0x002: 'SSE registers'
Oct 06 06:06:47 kali kernel: x86/fpu: Supporting XSAVE feature 0x004: 'AVX registers'
Oct 06 06:06:47 kali kernel: x86/fpu: xstate_offset[2]:  576, xstate_sizes[2]:  256
Oct 06 06:06:47 kali kernel: x86/fpu: Enabled xstate features 0x7, context size is 832 bytes, using 'compacted' format.
Oct 06 06:06:47 kali kernel: Freeing SMP alternatives memory: 36K
Oct 06 06:06:47 kali kernel: pid_max: default: 32768 minimum: 301
Oct 06 06:06:47 kali kernel: LSM: initializing lsm=lockdown,capability,landlock,yama,apparmor,tomoyo,bpf,integrity
Oct 06 06:06:47 kali kernel: landlock: Up and running.
Oct 06 06:06:47 kali kernel: Yama: disabled by default; enable with sysctl kernel.yama.*
Oct 06 06:06:47 kali kernel: AppArmor: AppArmor initialized
Oct 06 06:06:47 kali kernel: TOMOYO Linux initialized
Oct 06 06:06:47 kali kernel: LSM support for eBPF active
Oct 06 06:06:47 kali kernel: Mount-cache hash table entries: 32768 (order: 6, 262144 bytes, linear)
Oct 06 06:06:47 kali kernel: Mountpoint-cache hash table entries: 32768 (order: 6, 262144 bytes, linear)
Oct 06 06:06:47 kali kernel: smpboot: CPU0: AMD Ryzen 5 2600 Six-Core Processor (family: 0x17, model: 0x8, stepping: 0x2)
Oct 06 06:06:47 kali kernel: RCU Tasks: Setting shift to 5 and lim to 1 rcu_task_cb_adjust=1.
Oct 06 06:06:47 kali kernel: RCU Tasks Rude: Setting shift to 5 and lim to 1 rcu_task_cb_adjust=1.
Oct 06 06:06:47 kali kernel: RCU Tasks Trace: Setting shift to 5 and lim to 1 rcu_task_cb_adjust=1.
Oct 06 06:06:47 kali kernel: Performance Events: Fam17h+ core perfctr, AMD PMU driver.
Oct 06 06:06:47 kali kernel: ... version:                0
Oct 06 06:06:47 kali kernel: ... bit width:              48
Oct 06 06:06:47 kali kernel: ... generic registers:      6
Oct 06 06:06:47 kali kernel: ... value mask:             0000ffffffffffff
Oct 06 06:06:47 kali kernel: ... max period:             00007fffffffffff
Oct 06 06:06:47 kali kernel: ... fixed-purpose events:   0
Oct 06 06:06:47 kali kernel: ... event mask:             000000000000003f
Oct 06 06:06:47 kali kernel: signal: max sigframe size: 1776
Oct 06 06:06:47 kali kernel: rcu: Hierarchical SRCU implementation.
Oct 06 06:06:47 kali kernel: rcu:         Max phase no-delay instances is 1000.
Oct 06 06:06:47 kali kernel: NMI watchdog: Enabled. Permanently consumes one hw-PMU counter.
Oct 06 06:06:47 kali kernel: smp: Bringing up secondary CPUs ...
Oct 06 06:06:47 kali kernel: smpboot: x86: Booting SMP configuration:
Oct 06 06:06:47 kali kernel: .... node  #0, CPUs:        #1  #2  #3  #4  #5  #6  #7  #8  #9 #10 #11
Oct 06 06:06:47 kali kernel: smp: Brought up 1 node, 12 CPUs
Oct 06 06:06:47 kali kernel: smpboot: Max logical packages: 3
Oct 06 06:06:47 kali kernel: smpboot: Total of 12 processors activated (81589.68 BogoMIPS)
Oct 06 06:06:47 kali kernel: node 0 deferred pages initialised in 16ms
Oct 06 06:06:47 kali kernel: devtmpfs: initialized
Oct 06 06:06:47 kali kernel: x86/mm: Memory block size: 128MB
Oct 06 06:06:47 kali kernel: ACPI: PM: Registering ACPI NVS region [mem 0x0a200000-0x0a20afff] (45056 bytes)
Oct 06 06:06:47 kali kernel: ACPI: PM: Registering ACPI NVS region [mem 0xdbcb6000-0xdc1cefff] (5345280 bytes)
Oct 06 06:06:47 kali kernel: clocksource: jiffies: mask: 0xffffffff max_cycles: 0xffffffff, max_idle_ns: 7645041785100000 ns
Oct 06 06:06:47 kali kernel: futex hash table entries: 8192 (order: 7, 524288 bytes, linear)
Oct 06 06:06:47 kali kernel: pinctrl core: initialized pinctrl subsystem
Oct 06 06:06:47 kali kernel: NET: Registered PF_NETLINK/PF_ROUTE protocol family
Oct 06 06:06:47 kali kernel: DMA: preallocated 2048 KiB GFP_KERNEL pool for atomic allocations
Oct 06 06:06:47 kali kernel: DMA: preallocated 2048 KiB GFP_KERNEL|GFP_DMA pool for atomic allocations
Oct 06 06:06:47 kali kernel: DMA: preallocated 2048 KiB GFP_KERNEL|GFP_DMA32 pool for atomic allocations
Oct 06 06:06:47 kali kernel: audit: initializing netlink subsys (disabled)
Oct 06 06:06:47 kali kernel: audit: type=2000 audit(1728209201.228:1): state=initialized audit_enabled=0 res=1
Oct 06 06:06:47 kali kernel: thermal_sys: Registered thermal governor 'fair_share'
Oct 06 06:06:47 kali kernel: thermal_sys: Registered thermal governor 'bang_bang'
Oct 06 06:06:47 kali kernel: thermal_sys: Registered thermal governor 'step_wise'
Oct 06 06:06:47 kali kernel: thermal_sys: Registered thermal governor 'user_space'
Oct 06 06:06:47 kali kernel: thermal_sys: Registered thermal governor 'power_allocator'
Oct 06 06:06:47 kali kernel: cpuidle: using governor ladder
Oct 06 06:06:47 kali kernel: cpuidle: using governor menu
Oct 06 06:06:47 kali kernel: acpiphp: ACPI Hot Plug PCI Controller Driver version: 0.5
Oct 06 06:06:47 kali kernel: PCI: ECAM [mem 0xf8000000-0xfbffffff] (base 0xf8000000) for domain 0000 [bus 00-3f]
Oct 06 06:06:47 kali kernel: PCI: not using ECAM ([mem 0xf8000000-0xfbffffff] not reserved)
Oct 06 06:06:47 kali kernel: PCI: Using configuration type 1 for base access
Oct 06 06:06:47 kali kernel: PCI: Using configuration type 1 for extended access
Oct 06 06:06:47 kali kernel: kprobes: kprobe jump-optimization is enabled. All kprobes are optimized if possible.
Oct 06 06:06:47 kali kernel: HugeTLB: registered 1.00 GiB page size, pre-allocated 0 pages
Oct 06 06:06:47 kali kernel: HugeTLB: 16380 KiB vmemmap can be freed for a 1.00 GiB page
Oct 06 06:06:47 kali kernel: HugeTLB: registered 2.00 MiB page size, pre-allocated 0 pages
Oct 06 06:06:47 kali kernel: HugeTLB: 28 KiB vmemmap can be freed for a 2.00 MiB page
Oct 06 06:06:47 kali kernel: ACPI: Added _OSI(Module Device)
Oct 06 06:06:47 kali kernel: ACPI: Added _OSI(Processor Device)
Oct 06 06:06:47 kali kernel: ACPI: Added _OSI(3.0 _SCP Extensions)
Oct 06 06:06:47 kali kernel: ACPI: Added _OSI(Processor Aggregator Device)
Oct 06 06:06:47 kali kernel: ACPI: 8 ACPI AML tables successfully acquired and loaded
Oct 06 06:06:47 kali kernel: ACPI: [Firmware Bug]: BIOS _OSI(Linux) query ignored
Oct 06 06:06:47 kali kernel: ACPI: _OSC evaluation for CPUs failed, trying _PDC
Oct 06 06:06:47 kali kernel: ACPI: Interpreter enabled
Oct 06 06:06:47 kali kernel: ACPI: PM: (supports S0 S3 S4 S5)
Oct 06 06:06:47 kali kernel: ACPI: Using IOAPIC for interrupt routing
Oct 06 06:06:47 kali kernel: PCI: ECAM [mem 0xf8000000-0xfbffffff] (base 0xf8000000) for domain 0000 [bus 00-3f]
Oct 06 06:06:47 kali kernel: PCI: ECAM [mem 0xf8000000-0xfbffffff] reserved as ACPI motherboard resource
Oct 06 06:06:47 kali kernel: PCI: Using host bridge windows from ACPI; if necessary, use "pci=nocrs" and report a bug
Oct 06 06:06:47 kali kernel: PCI: Using E820 reservations for host bridge windows
Oct 06 06:06:47 kali kernel: ACPI: Enabled 2 GPEs in block 00 to 1F
Oct 06 06:06:47 kali kernel: ACPI: PCI Root Bridge [PCI0] (domain 0000 [bus 00-ff])
Oct 06 06:06:47 kali kernel: acpi PNP0A08:00: _OSC: OS supports [ExtendedConfig ASPM ClockPM Segments MSI HPX-Type3]
Oct 06 06:06:47 kali kernel: acpi PNP0A08:00: _OSC: platform does not support [SHPCHotplug LTR]
Oct 06 06:06:47 kali kernel: acpi PNP0A08:00: _OSC: OS now controls [PCIeHotplug PME AER PCIeCapability]
Oct 06 06:06:47 kali kernel: acpi PNP0A08:00: [Firmware Info]: ECAM [mem 0xf8000000-0xfbffffff] for domain 0000 [bus 00-3f] only partially covers this bridge
Oct 06 06:06:47 kali kernel: PCI host bridge to bus 0000:00
Oct 06 06:06:47 kali kernel: pci_bus 0000:00: root bus resource [io  0x0000-0x03af window]
Oct 06 06:06:47 kali kernel: pci_bus 0000:00: root bus resource [io  0x03e0-0x0cf7 window]
Oct 06 06:06:47 kali kernel: pci_bus 0000:00: root bus resource [io  0x03b0-0x03df window]
Oct 06 06:06:47 kali kernel: pci_bus 0000:00: root bus resource [io  0x0d00-0xffff window]
Oct 06 06:06:47 kali kernel: pci_bus 0000:00: root bus resource [mem 0x000a0000-0x000dffff window]
Oct 06 06:06:47 kali kernel: pci_bus 0000:00: root bus resource [mem 0xe0000000-0xfec2ffff window]
Oct 06 06:06:47 kali kernel: pci_bus 0000:00: root bus resource [mem 0xfee00000-0xffffffff window]
Oct 06 06:06:47 kali kernel: pci_bus 0000:00: root bus resource [bus 00-ff]
Oct 06 06:06:47 kali kernel: pci 0000:00:00.0: [1022:1450] type 00 class 0x060000 conventional PCI endpoint
Oct 06 06:06:47 kali kernel: pci 0000:00:00.2: [1022:1451] type 00 class 0x080600 conventional PCI endpoint
Oct 06 06:06:47 kali kernel: pci 0000:00:01.0: [1022:1452] type 00 class 0x060000 conventional PCI endpoint
Oct 06 06:06:47 kali kernel: pci 0000:00:01.3: [1022:1453] type 01 class 0x060400 PCIe Root Port
Oct 06 06:06:47 kali kernel: pci 0000:00:01.3: PCI bridge to [bus 01-05]
Oct 06 06:06:47 kali kernel: pci 0000:00:01.3:   bridge window [io  0xf000-0xffff]
Oct 06 06:06:47 kali kernel: pci 0000:00:01.3:   bridge window [mem 0xfcc00000-0xfcdfffff]
Oct 06 06:06:47 kali kernel: pci 0000:00:01.3: enabling Extended Tags
Oct 06 06:06:47 kali kernel: pci 0000:00:01.3: PME# supported from D0 D3hot D3cold
Oct 06 06:06:47 kali kernel: pci 0000:00:02.0: [1022:1452] type 00 class 0x060000 conventional PCI endpoint
Oct 06 06:06:47 kali kernel: pci 0000:00:03.0: [1022:1452] type 00 class 0x060000 conventional PCI endpoint
Oct 06 06:06:47 kali kernel: pci 0000:00:03.1: [1022:1453] type 01 class 0x060400 PCIe Root Port
Oct 06 06:06:47 kali kernel: pci 0000:00:03.1: PCI bridge to [bus 06]
Oct 06 06:06:47 kali kernel: pci 0000:00:03.1:   bridge window [io  0xe000-0xefff]
Oct 06 06:06:47 kali kernel: pci 0000:00:03.1:   bridge window [mem 0xfcf00000-0xfcffffff]
Oct 06 06:06:47 kali kernel: pci 0000:00:03.1:   bridge window [mem 0xe0000000-0xf01fffff 64bit pref]
Oct 06 06:06:47 kali kernel: pci 0000:00:03.1: PME# supported from D0 D3hot D3cold
Oct 06 06:06:47 kali kernel: pci 0000:00:04.0: [1022:1452] type 00 class 0x060000 conventional PCI endpoint
Oct 06 06:06:47 kali kernel: pci 0000:00:07.0: [1022:1452] type 00 class 0x060000 conventional PCI endpoint
Oct 06 06:06:47 kali kernel: pci 0000:00:07.1: [1022:1454] type 01 class 0x060400 PCIe Root Port
Oct 06 06:06:47 kali kernel: pci 0000:00:07.1: PCI bridge to [bus 07]
Oct 06 06:06:47 kali kernel: pci 0000:00:07.1:   bridge window [mem 0xfc900000-0xfcbfffff]
Oct 06 06:06:47 kali kernel: pci 0000:00:07.1: enabling Extended Tags
Oct 06 06:06:47 kali kernel: pci 0000:00:07.1: PME# supported from D0 D3hot D3cold
Oct 06 06:06:47 kali kernel: pci 0000:00:08.0: [1022:1452] type 00 class 0x060000 conventional PCI endpoint
Oct 06 06:06:47 kali kernel: pci 0000:00:08.1: [1022:1454] type 01 class 0x060400 PCIe Root Port
Oct 06 06:06:47 kali kernel: pci 0000:00:08.1: PCI bridge to [bus 08]
Oct 06 06:06:47 kali kernel: pci 0000:00:08.1:   bridge window [mem 0xfce00000-0xfcefffff]
Oct 06 06:06:47 kali kernel: pci 0000:00:08.1: enabling Extended Tags
Oct 06 06:06:47 kali kernel: pci 0000:00:08.1: PME# supported from D0 D3hot D3cold
Oct 06 06:06:47 kali kernel: pci 0000:00:14.0: [1022:790b] type 00 class 0x0c0500 conventional PCI endpoint
Oct 06 06:06:47 kali kernel: pci 0000:00:14.3: [1022:790e] type 00 class 0x060100 conventional PCI endpoint
Oct 06 06:06:47 kali kernel: pci 0000:00:18.0: [1022:1460] type 00 class 0x060000 conventional PCI endpoint
Oct 06 06:06:47 kali kernel: pci 0000:00:18.1: [1022:1461] type 00 class 0x060000 conventional PCI endpoint
Oct 06 06:06:47 kali kernel: pci 0000:00:18.2: [1022:1462] type 00 class 0x060000 conventional PCI endpoint
Oct 06 06:06:47 kali kernel: pci 0000:00:18.3: [1022:1463] type 00 class 0x060000 conventional PCI endpoint
Oct 06 06:06:47 kali kernel: pci 0000:00:18.4: [1022:1464] type 00 class 0x060000 conventional PCI endpoint
Oct 06 06:06:47 kali kernel: pci 0000:00:18.5: [1022:1465] type 00 class 0x060000 conventional PCI endpoint
Oct 06 06:06:47 kali kernel: pci 0000:00:18.6: [1022:1466] type 00 class 0x060000 conventional PCI endpoint
Oct 06 06:06:47 kali kernel: pci 0000:00:18.7: [1022:1467] type 00 class 0x060000 conventional PCI endpoint
Oct 06 06:06:47 kali kernel: pci 0000:01:00.0: [1022:43bc] type 00 class 0x0c0330 PCIe Legacy Endpoint
Oct 06 06:06:47 kali kernel: pci 0000:01:00.0: BAR 0 [mem 0xfcda0000-0xfcda7fff 64bit]
Oct 06 06:06:47 kali kernel: pci 0000:01:00.0: enabling Extended Tags
Oct 06 06:06:47 kali kernel: pci 0000:01:00.0: PME# supported from D3hot D3cold
Oct 06 06:06:47 kali kernel: pci 0000:01:00.1: [1022:43b8] type 00 class 0x010601 PCIe Legacy Endpoint
Oct 06 06:06:47 kali kernel: pci 0000:01:00.1: BAR 5 [mem 0xfcd80000-0xfcd9ffff]
Oct 06 06:06:47 kali kernel: pci 0000:01:00.1: ROM [mem 0xfcd00000-0xfcd7ffff pref]
Oct 06 06:06:47 kali kernel: pci 0000:01:00.1: enabling Extended Tags
Oct 06 06:06:47 kali kernel: pci 0000:01:00.1: PME# supported from D3hot D3cold
Oct 06 06:06:47 kali kernel: pci 0000:01:00.2: [1022:43b3] type 01 class 0x060400 PCIe Switch Upstream Port
Oct 06 06:06:47 kali kernel: pci 0000:01:00.2: PCI bridge to [bus 02-05]
Oct 06 06:06:47 kali kernel: pci 0000:01:00.2:   bridge window [io  0xf000-0xffff]
Oct 06 06:06:47 kali kernel: pci 0000:01:00.2:   bridge window [mem 0xfcc00000-0xfccfffff]
Oct 06 06:06:47 kali kernel: pci 0000:01:00.2: enabling Extended Tags
Oct 06 06:06:47 kali kernel: pci 0000:01:00.2: PME# supported from D3hot D3cold
Oct 06 06:06:47 kali kernel: pci 0000:00:01.3: PCI bridge to [bus 01-05]
Oct 06 06:06:47 kali kernel: pci 0000:02:04.0: [1022:43b4] type 01 class 0x060400 PCIe Switch Downstream Port
Oct 06 06:06:47 kali kernel: pci 0000:02:04.0: PCI bridge to [bus 03]
Oct 06 06:06:47 kali kernel: pci 0000:02:04.0: enabling Extended Tags
Oct 06 06:06:47 kali kernel: pci 0000:02:04.0: PME# supported from D3hot D3cold
Oct 06 06:06:47 kali kernel: pci 0000:02:06.0: [1022:43b4] type 01 class 0x060400 PCIe Switch Downstream Port
Oct 06 06:06:47 kali kernel: pci 0000:02:06.0: PCI bridge to [bus 04]
Oct 06 06:06:47 kali kernel: pci 0000:02:06.0: enabling Extended Tags
Oct 06 06:06:47 kali kernel: pci 0000:02:06.0: PME# supported from D3hot D3cold
Oct 06 06:06:47 kali kernel: pci 0000:02:07.0: [1022:43b4] type 01 class 0x060400 PCIe Switch Downstream Port
Oct 06 06:06:47 kali kernel: pci 0000:02:07.0: PCI bridge to [bus 05]
Oct 06 06:06:47 kali kernel: pci 0000:02:07.0:   bridge window [io  0xf000-0xffff]
Oct 06 06:06:47 kali kernel: pci 0000:02:07.0:   bridge window [mem 0xfcc00000-0xfccfffff]
Oct 06 06:06:47 kali kernel: pci 0000:02:07.0: enabling Extended Tags
Oct 06 06:06:47 kali kernel: pci 0000:02:07.0: PME# supported from D3hot D3cold
Oct 06 06:06:47 kali kernel: pci 0000:01:00.2: PCI bridge to [bus 02-05]
Oct 06 06:06:47 kali kernel: pci 0000:02:04.0: PCI bridge to [bus 03]
Oct 06 06:06:47 kali kernel: pci 0000:02:06.0: PCI bridge to [bus 04]
Oct 06 06:06:47 kali kernel: pci 0000:05:00.0: [10ec:8168] type 00 class 0x020000 PCIe Endpoint
Oct 06 06:06:47 kali kernel: pci 0000:05:00.0: BAR 0 [io  0xf000-0xf0ff]
Oct 06 06:06:47 kali kernel: pci 0000:05:00.0: BAR 2 [mem 0xfcc04000-0xfcc04fff 64bit]
Oct 06 06:06:47 kali kernel: pci 0000:05:00.0: BAR 4 [mem 0xfcc00000-0xfcc03fff 64bit]
Oct 06 06:06:47 kali kernel: pci 0000:05:00.0: supports D1 D2
Oct 06 06:06:47 kali kernel: pci 0000:05:00.0: PME# supported from D0 D1 D2 D3hot D3cold
Oct 06 06:06:47 kali kernel: pci 0000:02:07.0: PCI bridge to [bus 05]
Oct 06 06:06:47 kali kernel: pci 0000:06:00.0: [1002:67df] type 00 class 0x030000 PCIe Legacy Endpoint
Oct 06 06:06:47 kali kernel: pci 0000:06:00.0: BAR 0 [mem 0xe0000000-0xefffffff 64bit pref]
Oct 06 06:06:47 kali kernel: pci 0000:06:00.0: BAR 2 [mem 0xf0000000-0xf01fffff 64bit pref]
Oct 06 06:06:47 kali kernel: pci 0000:06:00.0: BAR 4 [io  0xe000-0xe0ff]
Oct 06 06:06:47 kali kernel: pci 0000:06:00.0: BAR 5 [mem 0xfcf00000-0xfcf3ffff]
Oct 06 06:06:47 kali kernel: pci 0000:06:00.0: ROM [mem 0xfcf40000-0xfcf5ffff pref]
Oct 06 06:06:47 kali kernel: pci 0000:06:00.0: BAR 0: assigned to efifb
Oct 06 06:06:47 kali kernel: pci 0000:06:00.0: supports D1 D2
Oct 06 06:06:47 kali kernel: pci 0000:06:00.0: PME# supported from D1 D2 D3hot D3cold
Oct 06 06:06:47 kali kernel: pci 0000:06:00.1: [1002:aaf0] type 00 class 0x040300 PCIe Legacy Endpoint
Oct 06 06:06:47 kali kernel: pci 0000:06:00.1: BAR 0 [mem 0xfcf60000-0xfcf63fff 64bit]
Oct 06 06:06:47 kali kernel: pci 0000:06:00.1: supports D1 D2
Oct 06 06:06:47 kali kernel: pci 0000:00:03.1: PCI bridge to [bus 06]
Oct 06 06:06:47 kali kernel: pci 0000:07:00.0: [1022:145a] type 00 class 0x130000 PCIe Endpoint
Oct 06 06:06:47 kali kernel: pci 0000:07:00.0: enabling Extended Tags
Oct 06 06:06:47 kali kernel: pci 0000:07:00.2: [1022:1456] type 00 class 0x108000 PCIe Endpoint
Oct 06 06:06:47 kali kernel: pci 0000:07:00.2: BAR 2 [mem 0xfca00000-0xfcafffff]
Oct 06 06:06:47 kali kernel: pci 0000:07:00.2: BAR 5 [mem 0xfcb00000-0xfcb01fff]
Oct 06 06:06:47 kali kernel: pci 0000:07:00.2: enabling Extended Tags
Oct 06 06:06:47 kali kernel: pci 0000:07:00.3: [1022:145f] type 00 class 0x0c0330 PCIe Endpoint
Oct 06 06:06:47 kali kernel: pci 0000:07:00.3: BAR 0 [mem 0xfc900000-0xfc9fffff 64bit]
Oct 06 06:06:47 kali kernel: pci 0000:07:00.3: enabling Extended Tags
Oct 06 06:06:47 kali kernel: pci 0000:07:00.3: PME# supported from D0 D3hot D3cold
Oct 06 06:06:47 kali kernel: pci 0000:00:07.1: PCI bridge to [bus 07]
Oct 06 06:06:47 kali kernel: pci 0000:08:00.0: [1022:1455] type 00 class 0x130000 PCIe Endpoint
Oct 06 06:06:47 kali kernel: pci 0000:08:00.0: enabling Extended Tags
Oct 06 06:06:47 kali kernel: pci 0000:08:00.2: [1022:7901] type 00 class 0x010601 PCIe Endpoint
Oct 06 06:06:47 kali kernel: pci 0000:08:00.2: BAR 5 [mem 0xfce08000-0xfce08fff]
Oct 06 06:06:47 kali kernel: pci 0000:08:00.2: enabling Extended Tags
Oct 06 06:06:47 kali kernel: pci 0000:08:00.2: PME# supported from D3hot D3cold
Oct 06 06:06:47 kali kernel: pci 0000:08:00.3: [1022:1457] type 00 class 0x040300 PCIe Endpoint
Oct 06 06:06:47 kali kernel: pci 0000:08:00.3: BAR 0 [mem 0xfce00000-0xfce07fff]
Oct 06 06:06:47 kali kernel: pci 0000:08:00.3: enabling Extended Tags
Oct 06 06:06:47 kali kernel: pci 0000:08:00.3: PME# supported from D0 D3hot D3cold
Oct 06 06:06:47 kali kernel: pci 0000:00:08.1: PCI bridge to [bus 08]
Oct 06 06:06:47 kali kernel: ACPI: PCI: Interrupt link LNKA configured for IRQ 0
Oct 06 06:06:47 kali kernel: ACPI: PCI: Interrupt link LNKB configured for IRQ 0
Oct 06 06:06:47 kali kernel: ACPI: PCI: Interrupt link LNKC configured for IRQ 0
Oct 06 06:06:47 kali kernel: ACPI: PCI: Interrupt link LNKD configured for IRQ 0
Oct 06 06:06:47 kali kernel: ACPI: PCI: Interrupt link LNKE configured for IRQ 0
Oct 06 06:06:47 kali kernel: ACPI: PCI: Interrupt link LNKF configured for IRQ 0
Oct 06 06:06:47 kali kernel: ACPI: PCI: Interrupt link LNKG configured for IRQ 0
Oct 06 06:06:47 kali kernel: ACPI: PCI: Interrupt link LNKH configured for IRQ 0
Oct 06 06:06:47 kali kernel: iommu: Default domain type: Translated
Oct 06 06:06:47 kali kernel: iommu: DMA domain TLB invalidation policy: lazy mode
Oct 06 06:06:47 kali kernel: pps_core: LinuxPPS API ver. 1 registered
Oct 06 06:06:47 kali kernel: pps_core: Software ver. 5.3.6 - Copyright 2005-2007 Rodolfo Giometti <giometti@linux.it>
Oct 06 06:06:47 kali kernel: PTP clock support registered
Oct 06 06:06:47 kali kernel: EDAC MC: Ver: 3.0.0
Oct 06 06:06:47 kali kernel: efivars: Registered efivars operations
Oct 06 06:06:47 kali kernel: NetLabel: Initializing
Oct 06 06:06:47 kali kernel: NetLabel:  domain hash size = 128
Oct 06 06:06:47 kali kernel: NetLabel:  protocols = UNLABELED CIPSOv4 CALIPSO
Oct 06 06:06:47 kali kernel: NetLabel:  unlabeled traffic allowed by default
Oct 06 06:06:47 kali kernel: PCI: Using ACPI for IRQ routing
Oct 06 06:06:47 kali kernel: PCI: pci_cache_line_size set to 64 bytes
Oct 06 06:06:47 kali kernel: e820: reserve RAM buffer [mem 0x09d00000-0x0bffffff]
Oct 06 06:06:47 kali kernel: e820: reserve RAM buffer [mem 0x0a200000-0x0bffffff]
Oct 06 06:06:47 kali kernel: e820: reserve RAM buffer [mem 0x0b000000-0x0bffffff]
Oct 06 06:06:47 kali kernel: e820: reserve RAM buffer [mem 0xd76fa018-0xd7ffffff]
Oct 06 06:06:47 kali kernel: e820: reserve RAM buffer [mem 0xd776d000-0xd7ffffff]
Oct 06 06:06:47 kali kernel: e820: reserve RAM buffer [mem 0xd925a000-0xdbffffff]
Oct 06 06:06:47 kali kernel: e820: reserve RAM buffer [mem 0xda747000-0xdbffffff]
Oct 06 06:06:47 kali kernel: e820: reserve RAM buffer [mem 0xdf000000-0xdfffffff]
Oct 06 06:06:47 kali kernel: e820: reserve RAM buffer [mem 0x41f380000-0x41fffffff]
Oct 06 06:06:47 kali kernel: pci 0000:06:00.0: vgaarb: setting as boot VGA device
Oct 06 06:06:47 kali kernel: pci 0000:06:00.0: vgaarb: bridge control possible
Oct 06 06:06:47 kali kernel: pci 0000:06:00.0: vgaarb: VGA device added: decodes=io+mem,owns=none,locks=none
Oct 06 06:06:47 kali kernel: vgaarb: loaded
Oct 06 06:06:47 kali kernel: hpet0: at MMIO 0xfed00000, IRQs 2, 8, 0
Oct 06 06:06:47 kali kernel: hpet0: 3 comparators, 32-bit 14.318180 MHz counter
Oct 06 06:06:47 kali kernel: clocksource: Switched to clocksource tsc-early
Oct 06 06:06:47 kali kernel: VFS: Disk quotas dquot_6.6.0
Oct 06 06:06:47 kali kernel: VFS: Dquot-cache hash table entries: 512 (order 0, 4096 bytes)
Oct 06 06:06:47 kali kernel: AppArmor: AppArmor Filesystem Enabled
Oct 06 06:06:47 kali kernel: pnp: PnP ACPI init
Oct 06 06:06:47 kali kernel: system 00:00: [mem 0xf8000000-0xfbffffff] has been reserved
Oct 06 06:06:47 kali kernel: system 00:02: [io  0x0280-0x028f] has been reserved
Oct 06 06:06:47 kali kernel: system 00:02: [io  0x0290-0x029f] has been reserved
Oct 06 06:06:47 kali kernel: system 00:02: [io  0x02a0-0x02af] has been reserved
Oct 06 06:06:47 kali kernel: system 00:02: [io  0x02b0-0x02bf] has been reserved
Oct 06 06:06:47 kali kernel: pnp 00:03: [dma 0 disabled]
Oct 06 06:06:47 kali kernel: system 00:04: [io  0x04d0-0x04d1] has been reserved
Oct 06 06:06:47 kali kernel: system 00:04: [io  0x040b] has been reserved
Oct 06 06:06:47 kali kernel: system 00:04: [io  0x04d6] has been reserved
Oct 06 06:06:47 kali kernel: system 00:04: [io  0x0c00-0x0c01] has been reserved
Oct 06 06:06:47 kali kernel: system 00:04: [io  0x0c14] has been reserved
Oct 06 06:06:47 kali kernel: system 00:04: [io  0x0c50-0x0c51] has been reserved
Oct 06 06:06:47 kali kernel: system 00:04: [io  0x0c52] has been reserved
Oct 06 06:06:47 kali kernel: system 00:04: [io  0x0c6c] has been reserved
Oct 06 06:06:47 kali kernel: system 00:04: [io  0x0c6f] has been reserved
Oct 06 06:06:47 kali kernel: system 00:04: [io  0x0cd0-0x0cd1] has been reserved
Oct 06 06:06:47 kali kernel: system 00:04: [io  0x0cd2-0x0cd3] has been reserved
Oct 06 06:06:47 kali kernel: system 00:04: [io  0x0cd4-0x0cd5] has been reserved
Oct 06 06:06:47 kali kernel: system 00:04: [io  0x0cd6-0x0cd7] has been reserved
Oct 06 06:06:47 kali kernel: system 00:04: [io  0x0cd8-0x0cdf] has been reserved
Oct 06 06:06:47 kali kernel: system 00:04: [io  0x0800-0x089f] has been reserved
Oct 06 06:06:47 kali kernel: system 00:04: [io  0x0b00-0x0b0f] has been reserved
Oct 06 06:06:47 kali kernel: system 00:04: [io  0x0b20-0x0b3f] has been reserved
Oct 06 06:06:47 kali kernel: system 00:04: [io  0x0900-0x090f] has been reserved
Oct 06 06:06:47 kali kernel: system 00:04: [io  0x0910-0x091f] has been reserved
Oct 06 06:06:47 kali kernel: system 00:04: [mem 0xfec00000-0xfec00fff] could not be reserved
Oct 06 06:06:47 kali kernel: system 00:04: [mem 0xfec01000-0xfec01fff] could not be reserved
Oct 06 06:06:47 kali kernel: system 00:04: [mem 0xfedc0000-0xfedc0fff] has been reserved
Oct 06 06:06:47 kali kernel: system 00:04: [mem 0xfee00000-0xfee00fff] has been reserved
Oct 06 06:06:47 kali kernel: system 00:04: [mem 0xfed80000-0xfed8ffff] could not be reserved
Oct 06 06:06:47 kali kernel: system 00:04: [mem 0xfec10000-0xfec10fff] has been reserved
Oct 06 06:06:47 kali kernel: system 00:04: [mem 0xff000000-0xffffffff] has been reserved
Oct 06 06:06:47 kali kernel: pnp: PnP ACPI: found 5 devices
Oct 06 06:06:47 kali kernel: clocksource: acpi_pm: mask: 0xffffff max_cycles: 0xffffff, max_idle_ns: 2085701024 ns
Oct 06 06:06:47 kali kernel: NET: Registered PF_INET protocol family
Oct 06 06:06:47 kali kernel: IP idents hash table entries: 262144 (order: 9, 2097152 bytes, linear)
Oct 06 06:06:47 kali kernel: tcp_listen_portaddr_hash hash table entries: 8192 (order: 5, 131072 bytes, linear)
Oct 06 06:06:47 kali kernel: Table-perturb hash table entries: 65536 (order: 6, 262144 bytes, linear)
Oct 06 06:06:47 kali kernel: TCP established hash table entries: 131072 (order: 8, 1048576 bytes, linear)
Oct 06 06:06:47 kali kernel: TCP bind hash table entries: 65536 (order: 9, 2097152 bytes, linear)
Oct 06 06:06:47 kali kernel: TCP: Hash tables configured (established 131072 bind 65536)
Oct 06 06:06:47 kali kernel: MPTCP token hash table entries: 16384 (order: 6, 393216 bytes, linear)
Oct 06 06:06:47 kali kernel: UDP hash table entries: 8192 (order: 6, 262144 bytes, linear)
Oct 06 06:06:47 kali kernel: UDP-Lite hash table entries: 8192 (order: 6, 262144 bytes, linear)
Oct 06 06:06:47 kali kernel: NET: Registered PF_UNIX/PF_LOCAL protocol family
Oct 06 06:06:47 kali kernel: NET: Registered PF_XDP protocol family
Oct 06 06:06:47 kali kernel: pci 0000:02:04.0: PCI bridge to [bus 03]
Oct 06 06:06:47 kali kernel: pci 0000:02:06.0: PCI bridge to [bus 04]
Oct 06 06:06:47 kali kernel: pci 0000:02:07.0: PCI bridge to [bus 05]
Oct 06 06:06:47 kali kernel: pci 0000:02:07.0:   bridge window [io  0xf000-0xffff]
Oct 06 06:06:47 kali kernel: pci 0000:02:07.0:   bridge window [mem 0xfcc00000-0xfccfffff]
Oct 06 06:06:47 kali kernel: pci 0000:01:00.2: PCI bridge to [bus 02-05]
Oct 06 06:06:47 kali kernel: pci 0000:01:00.2:   bridge window [io  0xf000-0xffff]
Oct 06 06:06:47 kali kernel: pci 0000:01:00.2:   bridge window [mem 0xfcc00000-0xfccfffff]
Oct 06 06:06:47 kali kernel: pci 0000:00:01.3: PCI bridge to [bus 01-05]
Oct 06 06:06:47 kali kernel: pci 0000:00:01.3:   bridge window [io  0xf000-0xffff]
Oct 06 06:06:47 kali kernel: pci 0000:00:01.3:   bridge window [mem 0xfcc00000-0xfcdfffff]
Oct 06 06:06:47 kali kernel: pci 0000:00:03.1: PCI bridge to [bus 06]
Oct 06 06:06:47 kali kernel: pci 0000:00:03.1:   bridge window [io  0xe000-0xefff]
Oct 06 06:06:47 kali kernel: pci 0000:00:03.1:   bridge window [mem 0xfcf00000-0xfcffffff]
Oct 06 06:06:47 kali kernel: pci 0000:00:03.1:   bridge window [mem 0xe0000000-0xf01fffff 64bit pref]
Oct 06 06:06:47 kali kernel: pci 0000:00:07.1: PCI bridge to [bus 07]
Oct 06 06:06:47 kali kernel: pci 0000:00:07.1:   bridge window [mem 0xfc900000-0xfcbfffff]
Oct 06 06:06:47 kali kernel: pci 0000:00:08.1: PCI bridge to [bus 08]
Oct 06 06:06:47 kali kernel: pci 0000:00:08.1:   bridge window [mem 0xfce00000-0xfcefffff]
Oct 06 06:06:47 kali kernel: pci_bus 0000:00: resource 4 [io  0x0000-0x03af window]
Oct 06 06:06:47 kali kernel: pci_bus 0000:00: resource 5 [io  0x03e0-0x0cf7 window]
Oct 06 06:06:47 kali kernel: pci_bus 0000:00: resource 6 [io  0x03b0-0x03df window]
Oct 06 06:06:47 kali kernel: pci_bus 0000:00: resource 7 [io  0x0d00-0xffff window]
Oct 06 06:06:47 kali kernel: pci_bus 0000:00: resource 8 [mem 0x000a0000-0x000dffff window]
Oct 06 06:06:47 kali kernel: pci_bus 0000:00: resource 9 [mem 0xe0000000-0xfec2ffff window]
Oct 06 06:06:47 kali kernel: pci_bus 0000:00: resource 10 [mem 0xfee00000-0xffffffff window]
Oct 06 06:06:47 kali kernel: pci_bus 0000:01: resource 0 [io  0xf000-0xffff]
Oct 06 06:06:47 kali kernel: pci_bus 0000:01: resource 1 [mem 0xfcc00000-0xfcdfffff]
Oct 06 06:06:47 kali kernel: pci_bus 0000:02: resource 0 [io  0xf000-0xffff]
Oct 06 06:06:47 kali kernel: pci_bus 0000:02: resource 1 [mem 0xfcc00000-0xfccfffff]
Oct 06 06:06:47 kali kernel: pci_bus 0000:05: resource 0 [io  0xf000-0xffff]
Oct 06 06:06:47 kali kernel: pci_bus 0000:05: resource 1 [mem 0xfcc00000-0xfccfffff]
Oct 06 06:06:47 kali kernel: pci_bus 0000:06: resource 0 [io  0xe000-0xefff]
Oct 06 06:06:47 kali kernel: pci_bus 0000:06: resource 1 [mem 0xfcf00000-0xfcffffff]
Oct 06 06:06:47 kali kernel: pci_bus 0000:06: resource 2 [mem 0xe0000000-0xf01fffff 64bit pref]
Oct 06 06:06:47 kali kernel: pci_bus 0000:07: resource 1 [mem 0xfc900000-0xfcbfffff]
Oct 06 06:06:47 kali kernel: pci_bus 0000:08: resource 1 [mem 0xfce00000-0xfcefffff]
Oct 06 06:06:47 kali kernel: pci 0000:06:00.1: D0 power state depends on 0000:06:00.0
Oct 06 06:06:47 kali kernel: PCI: CLS 64 bytes, default 64
Oct 06 06:06:47 kali kernel: pci 0000:00:00.2: AMD-Vi: IOMMU performance counters supported
Oct 06 06:06:47 kali kernel: Trying to unpack rootfs image as initramfs...
Oct 06 06:06:47 kali kernel: pci 0000:00:01.0: Adding to iommu group 0
Oct 06 06:06:47 kali kernel: pci 0000:00:01.3: Adding to iommu group 1
Oct 06 06:06:47 kali kernel: pci 0000:00:02.0: Adding to iommu group 2
Oct 06 06:06:47 kali kernel: pci 0000:00:03.0: Adding to iommu group 3
Oct 06 06:06:47 kali kernel: pci 0000:00:03.1: Adding to iommu group 4
Oct 06 06:06:47 kali kernel: pci 0000:00:04.0: Adding to iommu group 5
Oct 06 06:06:47 kali kernel: pci 0000:00:07.0: Adding to iommu group 6
Oct 06 06:06:47 kali kernel: pci 0000:00:07.1: Adding to iommu group 7
Oct 06 06:06:47 kali kernel: pci 0000:00:08.0: Adding to iommu group 8
Oct 06 06:06:47 kali kernel: pci 0000:00:08.1: Adding to iommu group 9
Oct 06 06:06:47 kali kernel: pci 0000:00:14.0: Adding to iommu group 10
Oct 06 06:06:47 kali kernel: pci 0000:00:14.3: Adding to iommu group 10
Oct 06 06:06:47 kali kernel: pci 0000:00:18.0: Adding to iommu group 11
Oct 06 06:06:47 kali kernel: pci 0000:00:18.1: Adding to iommu group 11
Oct 06 06:06:47 kali kernel: pci 0000:00:18.2: Adding to iommu group 11
Oct 06 06:06:47 kali kernel: pci 0000:00:18.3: Adding to iommu group 11
Oct 06 06:06:47 kali kernel: pci 0000:00:18.4: Adding to iommu group 11
Oct 06 06:06:47 kali kernel: pci 0000:00:18.5: Adding to iommu group 11
Oct 06 06:06:47 kali kernel: pci 0000:00:18.6: Adding to iommu group 11
Oct 06 06:06:47 kali kernel: pci 0000:00:18.7: Adding to iommu group 11
Oct 06 06:06:47 kali kernel: pci 0000:01:00.0: Adding to iommu group 12
Oct 06 06:06:47 kali kernel: pci 0000:01:00.1: Adding to iommu group 12
Oct 06 06:06:47 kali kernel: pci 0000:01:00.2: Adding to iommu group 12
Oct 06 06:06:47 kali kernel: pci 0000:02:04.0: Adding to iommu group 12
Oct 06 06:06:47 kali kernel: pci 0000:02:06.0: Adding to iommu group 12
Oct 06 06:06:47 kali kernel: pci 0000:02:07.0: Adding to iommu group 12
Oct 06 06:06:47 kali kernel: pci 0000:05:00.0: Adding to iommu group 12
Oct 06 06:06:47 kali kernel: pci 0000:06:00.0: Adding to iommu group 13
Oct 06 06:06:47 kali kernel: pci 0000:06:00.1: Adding to iommu group 13
Oct 06 06:06:47 kali kernel: pci 0000:07:00.0: Adding to iommu group 14
Oct 06 06:06:47 kali kernel: pci 0000:07:00.2: Adding to iommu group 15
Oct 06 06:06:47 kali kernel: pci 0000:07:00.3: Adding to iommu group 16
Oct 06 06:06:47 kali kernel: pci 0000:08:00.0: Adding to iommu group 17
Oct 06 06:06:47 kali kernel: pci 0000:08:00.2: Adding to iommu group 18
Oct 06 06:06:47 kali kernel: pci 0000:08:00.3: Adding to iommu group 19
Oct 06 06:06:47 kali kernel: AMD-Vi: Extended features (0xf77ef22294ada, 0x0): PPR NX GT IA GA PC GA_vAPIC
Oct 06 06:06:47 kali kernel: AMD-Vi: Interrupt remapping enabled
Oct 06 06:06:47 kali kernel: AMD-Vi: Virtual APIC enabled
Oct 06 06:06:47 kali kernel: PCI-DMA: Using software bounce buffering for IO (SWIOTLB)
Oct 06 06:06:47 kali kernel: software IO TLB: mapped [mem 0x00000000c9f94000-0x00000000cdf94000] (64MB)
Oct 06 06:06:47 kali kernel: amd_uncore: 4 amd_df counters detected
Oct 06 06:06:47 kali kernel: amd_uncore: 6 amd_l3 counters detected
Oct 06 06:06:47 kali kernel: perf/amd_iommu: Detected AMD IOMMU #0 (2 banks, 4 counters/bank).
Oct 06 06:06:47 kali kernel: Initialise system trusted keyrings
Oct 06 06:06:47 kali kernel: Key type blacklist registered
Oct 06 06:06:47 kali kernel: workingset: timestamp_bits=36 max_order=22 bucket_order=0
Oct 06 06:06:47 kali kernel: zbud: loaded
Oct 06 06:06:47 kali kernel: fuse: init (API version 7.39)
Oct 06 06:06:47 kali kernel: integrity: Platform Keyring initialized
Oct 06 06:06:47 kali kernel: integrity: Machine keyring initialized
Oct 06 06:06:47 kali kernel: Key type asymmetric registered
Oct 06 06:06:47 kali kernel: Asymmetric key parser 'x509' registered
Oct 06 06:06:47 kali kernel: Freeing initrd memory: 78104K
Oct 06 06:06:47 kali kernel: Block layer SCSI generic (bsg) driver version 0.4 loaded (major 247)
Oct 06 06:06:47 kali kernel: io scheduler mq-deadline registered
Oct 06 06:06:47 kali kernel: pcieport 0000:00:01.3: PME: Signaling with IRQ 26
Oct 06 06:06:47 kali kernel: pcieport 0000:00:01.3: AER: enabled with IRQ 26
Oct 06 06:06:47 kali kernel: pcieport 0000:00:03.1: PME: Signaling with IRQ 27
Oct 06 06:06:47 kali kernel: pcieport 0000:00:03.1: AER: enabled with IRQ 27
Oct 06 06:06:47 kali kernel: pcieport 0000:00:07.1: PME: Signaling with IRQ 28
Oct 06 06:06:47 kali kernel: pcieport 0000:00:07.1: AER: enabled with IRQ 28
Oct 06 06:06:47 kali kernel: pcieport 0000:00:08.1: PME: Signaling with IRQ 30
Oct 06 06:06:47 kali kernel: pcieport 0000:00:08.1: AER: enabled with IRQ 30
Oct 06 06:06:47 kali kernel: shpchp: Standard Hot Plug PCI Controller Driver version: 0.4
Oct 06 06:06:47 kali kernel: Monitor-Mwait will be used to enter C-1 state
Oct 06 06:06:47 kali kernel: ACPI: \_PR_.C000: Found 2 idle states
Oct 06 06:06:47 kali kernel: ACPI: \_PR_.C002: Found 2 idle states
Oct 06 06:06:47 kali kernel: ACPI: \_PR_.C004: Found 2 idle states
Oct 06 06:06:47 kali kernel: ACPI: \_PR_.C006: Found 2 idle states
Oct 06 06:06:47 kali kernel: ACPI: \_PR_.C008: Found 2 idle states
Oct 06 06:06:47 kali kernel: ACPI: \_PR_.C00A: Found 2 idle states
Oct 06 06:06:47 kali kernel: ACPI: \_PR_.C001: Found 2 idle states
Oct 06 06:06:47 kali kernel: ACPI: \_PR_.C003: Found 2 idle states
Oct 06 06:06:47 kali kernel: ACPI: \_PR_.C005: Found 2 idle states
Oct 06 06:06:47 kali kernel: ACPI: \_PR_.C007: Found 2 idle states
Oct 06 06:06:47 kali kernel: ACPI: \_PR_.C009: Found 2 idle states
Oct 06 06:06:47 kali kernel: ACPI: \_PR_.C00B: Found 2 idle states
Oct 06 06:06:47 kali kernel: Serial: 8250/16550 driver, 4 ports, IRQ sharing enabled
Oct 06 06:06:47 kali kernel: 00:03: ttyS0 at I/O 0x3f8 (irq = 4, base_baud = 115200) is a 16550A
Oct 06 06:06:47 kali kernel: Linux agpgart interface v0.103
Oct 06 06:06:47 kali kernel: i8042: PNP: No PS/2 controller found.
Oct 06 06:06:47 kali kernel: mousedev: PS/2 mouse device common for all mice
Oct 06 06:06:47 kali kernel: rtc_cmos 00:01: RTC can wake from S4
Oct 06 06:06:47 kali kernel: rtc_cmos 00:01: registered as rtc0
Oct 06 06:06:47 kali kernel: rtc_cmos 00:01: setting system clock to 2024-10-06T10:06:42 UTC (1728209202)
Oct 06 06:06:47 kali kernel: rtc_cmos 00:01: alarms up to one month, y3k, 114 bytes nvram, hpet irqs
Oct 06 06:06:47 kali kernel: amd_pstate: the _CPC object is not present in SBIOS or ACPI disabled
Oct 06 06:06:47 kali kernel: ledtrig-cpu: registered to indicate activity on CPUs
Oct 06 06:06:47 kali kernel: efifb: probing for efifb
Oct 06 06:06:47 kali kernel: efifb: framebuffer at 0xe0000000, using 3600k, total 3600k
Oct 06 06:06:47 kali kernel: efifb: mode is 1280x720x32, linelength=5120, pages=1
Oct 06 06:06:47 kali kernel: efifb: scrolling: redraw
Oct 06 06:06:47 kali kernel: efifb: Truecolor: size=8:8:8:8, shift=24:16:8:0
Oct 06 06:06:47 kali kernel: Console: switching to colour frame buffer device 160x45
Oct 06 06:06:47 kali kernel: fb0: EFI VGA frame buffer device
Oct 06 06:06:47 kali kernel: NET: Registered PF_INET6 protocol family
Oct 06 06:06:47 kali kernel: Segment Routing with IPv6
Oct 06 06:06:47 kali kernel: In-situ OAM (IOAM) with IPv6
Oct 06 06:06:47 kali kernel: mip6: Mobile IPv6
Oct 06 06:06:47 kali kernel: NET: Registered PF_PACKET protocol family
Oct 06 06:06:47 kali kernel: mpls_gso: MPLS GSO support
Oct 06 06:06:47 kali kernel: microcode: Current revision: 0x0800820d
Oct 06 06:06:47 kali kernel: microcode: Updated early from: 0x0800820c
Oct 06 06:06:47 kali kernel: IPI shorthand broadcast: enabled
Oct 06 06:06:47 kali kernel: sched_clock: Marking stable (881020892, -27995190)->(856402629, -3376927)
Oct 06 06:06:47 kali kernel: registered taskstats version 1
Oct 06 06:06:47 kali kernel: Loading compiled-in X.509 certificates
Oct 06 06:06:47 kali kernel: Loaded X.509 cert 'Build time autogenerated kernel key: 5074cd6907c9af0896adabe46ab51220a9ca7ba0'
Oct 06 06:06:47 kali kernel: Key type .fscrypt registered
Oct 06 06:06:47 kali kernel: Key type fscrypt-provisioning registered
Oct 06 06:06:47 kali kernel: cryptd: max_cpu_qlen set to 1000
Oct 06 06:06:47 kali kernel: AVX2 version of gcm_enc/dec engaged.
Oct 06 06:06:47 kali kernel: AES CTR mode by8 optimization enabled
Oct 06 06:06:47 kali kernel: Key type encrypted registered
Oct 06 06:06:47 kali kernel: AppArmor: AppArmor sha256 policy hashing enabled
Oct 06 06:06:47 kali kernel: ima: No TPM chip found, activating TPM-bypass!
Oct 06 06:06:47 kali kernel: ima: Allocated hash algorithm: sha256
Oct 06 06:06:47 kali kernel: ima: No architecture policies found
Oct 06 06:06:47 kali kernel: evm: Initialising EVM extended attributes:
Oct 06 06:06:47 kali kernel: evm: security.selinux
Oct 06 06:06:47 kali kernel: evm: security.SMACK64 (disabled)
Oct 06 06:06:47 kali kernel: evm: security.SMACK64EXEC (disabled)
Oct 06 06:06:47 kali kernel: evm: security.SMACK64TRANSMUTE (disabled)
Oct 06 06:06:47 kali kernel: evm: security.SMACK64MMAP (disabled)
Oct 06 06:06:47 kali kernel: evm: security.apparmor
Oct 06 06:06:47 kali kernel: evm: security.ima
Oct 06 06:06:47 kali kernel: evm: security.capability
Oct 06 06:06:47 kali kernel: evm: HMAC attrs: 0x1
Oct 06 06:06:47 kali kernel: RAS: Correctable Errors collector initialized.
Oct 06 06:06:47 kali kernel: clk: Disabling unused clocks
Oct 06 06:06:47 kali kernel: Freeing unused decrypted memory: 2028K
Oct 06 06:06:47 kali kernel: Freeing unused kernel image (initmem) memory: 4028K
Oct 06 06:06:47 kali kernel: Write protecting the kernel read-only data: 28672k
Oct 06 06:06:47 kali kernel: Freeing unused kernel image (rodata/data gap) memory: 1528K
Oct 06 06:06:47 kali kernel: x86/mm: Checked W+X mappings: passed, no W+X pages found.
Oct 06 06:06:47 kali kernel: Run /init as init process
Oct 06 06:06:47 kali kernel:   with arguments:
Oct 06 06:06:47 kali kernel:     /init
Oct 06 06:06:47 kali kernel:     splash
Oct 06 06:06:47 kali kernel:   with environment:
Oct 06 06:06:47 kali kernel:     HOME=/
Oct 06 06:06:47 kali kernel:     TERM=linux
Oct 06 06:06:47 kali kernel:     BOOT_IMAGE=/boot/vmlinuz-6.8.11-amd64
Oct 06 06:06:47 kali kernel: input: Power Button as /devices/LNXSYSTM:00/LNXSYBUS:00/PNP0C0C:00/input/input0
Oct 06 06:06:47 kali kernel: ACPI: button: Power Button [PWRB]
Oct 06 06:06:47 kali kernel: input: Power Button as /devices/LNXSYSTM:00/LNXPWRBN:00/input/input1
Oct 06 06:06:47 kali kernel: piix4_smbus 0000:00:14.0: SMBus Host Controller at 0xb00, revision 0
Oct 06 06:06:47 kali kernel: piix4_smbus 0000:00:14.0: Using register 0x02 for SMBus port selection
Oct 06 06:06:47 kali kernel: piix4_smbus 0000:00:14.0: Auxiliary SMBus Host Controller at 0xb20
Oct 06 06:06:47 kali kernel: ACPI: button: Power Button [PWRF]
Oct 06 06:06:47 kali kernel: SCSI subsystem initialized
Oct 06 06:06:47 kali kernel: ACPI: bus type USB registered
Oct 06 06:06:47 kali kernel: usbcore: registered new interface driver usbfs
Oct 06 06:06:47 kali kernel: usbcore: registered new interface driver hub
Oct 06 06:06:47 kali kernel: usbcore: registered new device driver usb
Oct 06 06:06:47 kali kernel: libata version 3.00 loaded.
Oct 06 06:06:47 kali kernel: ACPI: bus type drm_connector registered
Oct 06 06:06:47 kali kernel: xhci_hcd 0000:01:00.0: xHCI Host Controller
Oct 06 06:06:47 kali kernel: xhci_hcd 0000:01:00.0: new USB bus registered, assigned bus number 1
Oct 06 06:06:47 kali kernel: ahci 0000:01:00.1: version 3.0
Oct 06 06:06:47 kali kernel: ahci 0000:01:00.1: SSS flag set, parallel bus scan disabled
Oct 06 06:06:47 kali kernel: ahci 0000:01:00.1: AHCI 0001.0301 32 slots 8 ports 6 Gbps 0x33 impl SATA mode
Oct 06 06:06:47 kali kernel: ahci 0000:01:00.1: flags: 64bit ncq sntf stag pm led clo only pmp pio slum part sxs deso sadm sds apst 
Oct 06 06:06:47 kali kernel: scsi host0: ahci
Oct 06 06:06:47 kali kernel: scsi host1: ahci
Oct 06 06:06:47 kali kernel: scsi host2: ahci
Oct 06 06:06:47 kali kernel: scsi host3: ahci
Oct 06 06:06:47 kali kernel: scsi host4: ahci
Oct 06 06:06:47 kali kernel: scsi host5: ahci
Oct 06 06:06:47 kali kernel: scsi host6: ahci
Oct 06 06:06:47 kali kernel: scsi host7: ahci
Oct 06 06:06:47 kali kernel: ata1: SATA max UDMA/133 abar m131072@0xfcd80000 port 0xfcd80100 irq 37 lpm-pol 0
Oct 06 06:06:47 kali kernel: ata2: SATA max UDMA/133 abar m131072@0xfcd80000 port 0xfcd80180 irq 37 lpm-pol 0
Oct 06 06:06:47 kali kernel: ata3: DUMMY
Oct 06 06:06:47 kali kernel: ata4: DUMMY
Oct 06 06:06:47 kali kernel: ata5: SATA max UDMA/133 abar m131072@0xfcd80000 port 0xfcd80300 irq 37 lpm-pol 0
Oct 06 06:06:47 kali kernel: ata6: SATA max UDMA/133 abar m131072@0xfcd80000 port 0xfcd80380 irq 37 lpm-pol 0
Oct 06 06:06:47 kali kernel: ata7: DUMMY
Oct 06 06:06:47 kali kernel: ata8: DUMMY
Oct 06 06:06:47 kali kernel: ahci 0000:08:00.2: AHCI 0001.0301 32 slots 1 ports 6 Gbps 0x1 impl SATA mode
Oct 06 06:06:47 kali kernel: ahci 0000:08:00.2: flags: 64bit ncq sntf ilck pm led clo only pmp fbs pio slum part 
Oct 06 06:06:47 kali kernel: scsi host8: ahci
Oct 06 06:06:47 kali kernel: ata9: SATA max UDMA/133 abar m4096@0xfce08000 port 0xfce08100 irq 39 lpm-pol 3
Oct 06 06:06:47 kali kernel: r8169 0000:05:00.0 eth0: RTL8168h/8111h, 70:85:c2:d2:8f:44, XID 541, IRQ 40
Oct 06 06:06:47 kali kernel: r8169 0000:05:00.0 eth0: jumbo features [frames: 9194 bytes, tx checksumming: ko]
Oct 06 06:06:47 kali kernel: tsc: Refined TSC clocksource calibration: 3399.999 MHz
Oct 06 06:06:47 kali kernel: clocksource: tsc: mask: 0xffffffffffffffff max_cycles: 0x31024d9464a, max_idle_ns: 440795287124 ns
Oct 06 06:06:47 kali kernel: clocksource: Switched to clocksource tsc
Oct 06 06:06:47 kali kernel: xhci_hcd 0000:01:00.0: hcc params 0x0200ef81 hci version 0x110 quirks 0x0000000008000410
Oct 06 06:06:47 kali kernel: xhci_hcd 0000:01:00.0: xHCI Host Controller
Oct 06 06:06:47 kali kernel: xhci_hcd 0000:01:00.0: new USB bus registered, assigned bus number 2
Oct 06 06:06:47 kali kernel: xhci_hcd 0000:01:00.0: Host supports USB 3.1 Enhanced SuperSpeed
Oct 06 06:06:47 kali kernel: usb usb1: New USB device found, idVendor=1d6b, idProduct=0002, bcdDevice= 6.08
Oct 06 06:06:47 kali kernel: usb usb1: New USB device strings: Mfr=3, Product=2, SerialNumber=1
Oct 06 06:06:47 kali kernel: usb usb1: Product: xHCI Host Controller
Oct 06 06:06:47 kali kernel: usb usb1: Manufacturer: Linux 6.8.11-amd64 xhci-hcd
Oct 06 06:06:47 kali kernel: usb usb1: SerialNumber: 0000:01:00.0
Oct 06 06:06:47 kali kernel: hub 1-0:1.0: USB hub found
Oct 06 06:06:47 kali kernel: hub 1-0:1.0: 9 ports detected
Oct 06 06:06:47 kali kernel: usb usb2: We don't know the algorithms for LPM for this host, disabling LPM.
Oct 06 06:06:47 kali kernel: usb usb2: New USB device found, idVendor=1d6b, idProduct=0003, bcdDevice= 6.08
Oct 06 06:06:47 kali kernel: usb usb2: New USB device strings: Mfr=3, Product=2, SerialNumber=1
Oct 06 06:06:47 kali kernel: usb usb2: Product: xHCI Host Controller
Oct 06 06:06:47 kali kernel: usb usb2: Manufacturer: Linux 6.8.11-amd64 xhci-hcd
Oct 06 06:06:47 kali kernel: usb usb2: SerialNumber: 0000:01:00.0
Oct 06 06:06:47 kali kernel: hub 2-0:1.0: USB hub found
Oct 06 06:06:47 kali kernel: hub 2-0:1.0: 3 ports detected
Oct 06 06:06:47 kali kernel: xhci_hcd 0000:07:00.3: xHCI Host Controller
Oct 06 06:06:47 kali kernel: xhci_hcd 0000:07:00.3: new USB bus registered, assigned bus number 3
Oct 06 06:06:47 kali kernel: xhci_hcd 0000:07:00.3: hcc params 0x0270f665 hci version 0x100 quirks 0x0000000000000410
Oct 06 06:06:47 kali kernel: xhci_hcd 0000:07:00.3: xHCI Host Controller
Oct 06 06:06:47 kali kernel: xhci_hcd 0000:07:00.3: new USB bus registered, assigned bus number 4
Oct 06 06:06:47 kali kernel: xhci_hcd 0000:07:00.3: Host supports USB 3.0 SuperSpeed
Oct 06 06:06:47 kali kernel: usb usb3: New USB device found, idVendor=1d6b, idProduct=0002, bcdDevice= 6.08
Oct 06 06:06:47 kali kernel: usb usb3: New USB device strings: Mfr=3, Product=2, SerialNumber=1
Oct 06 06:06:47 kali kernel: usb usb3: Product: xHCI Host Controller
Oct 06 06:06:47 kali kernel: usb usb3: Manufacturer: Linux 6.8.11-amd64 xhci-hcd
Oct 06 06:06:47 kali kernel: usb usb3: SerialNumber: 0000:07:00.3
Oct 06 06:06:47 kali kernel: hub 3-0:1.0: USB hub found
Oct 06 06:06:47 kali kernel: hub 3-0:1.0: 4 ports detected
Oct 06 06:06:47 kali kernel: usb usb4: We don't know the algorithms for LPM for this host, disabling LPM.
Oct 06 06:06:47 kali kernel: usb usb4: New USB device found, idVendor=1d6b, idProduct=0003, bcdDevice= 6.08
Oct 06 06:06:47 kali kernel: usb usb4: New USB device strings: Mfr=3, Product=2, SerialNumber=1
Oct 06 06:06:47 kali kernel: usb usb4: Product: xHCI Host Controller
Oct 06 06:06:47 kali kernel: usb usb4: Manufacturer: Linux 6.8.11-amd64 xhci-hcd
Oct 06 06:06:47 kali kernel: usb usb4: SerialNumber: 0000:07:00.3
Oct 06 06:06:47 kali kernel: hub 4-0:1.0: USB hub found
Oct 06 06:06:47 kali kernel: hub 4-0:1.0: 4 ports detected
Oct 06 06:06:47 kali kernel: usb 3-1: new full-speed USB device number 2 using xhci_hcd
Oct 06 06:06:47 kali kernel: ata9: SATA link down (SStatus 0 SControl 300)
Oct 06 06:06:47 kali kernel: ata1: SATA link up 6.0 Gbps (SStatus 133 SControl 300)
Oct 06 06:06:47 kali kernel: ata1.00: supports DRM functions and may not be fully accessible
Oct 06 06:06:47 kali kernel: ata1.00: ATA-11: Samsung SSD 860 EVO 250GB, RVT03B6Q, max UDMA/133
Oct 06 06:06:47 kali kernel: ata1.00: 488397168 sectors, multi 1: LBA48 NCQ (depth 32), AA
Oct 06 06:06:47 kali kernel: ata1.00: Features: Trust Dev-Sleep NCQ-sndrcv
Oct 06 06:06:47 kali kernel: ata1.00: supports DRM functions and may not be fully accessible
Oct 06 06:06:47 kali kernel: ata1.00: configured for UDMA/133
Oct 06 06:06:47 kali kernel: scsi 0:0:0:0: Direct-Access     ATA      Samsung SSD 860  3B6Q PQ: 0 ANSI: 5
Oct 06 06:06:47 kali kernel: usb 3-1: New USB device found, idVendor=258a, idProduct=002a, bcdDevice=90.36
Oct 06 06:06:47 kali kernel: usb 3-1: New USB device strings: Mfr=1, Product=2, SerialNumber=0
Oct 06 06:06:47 kali kernel: usb 3-1: Product: COX CK420 
Oct 06 06:06:47 kali kernel: usb 3-1: Manufacturer: SINO WEALTH
Oct 06 06:06:47 kali kernel: usb 3-2: new full-speed USB device number 3 using xhci_hcd
Oct 06 06:06:47 kali kernel: usb 3-2: New USB device found, idVendor=046d, idProduct=c09d, bcdDevice=52.02
Oct 06 06:06:47 kali kernel: usb 3-2: New USB device strings: Mfr=1, Product=2, SerialNumber=3
Oct 06 06:06:47 kali kernel: usb 3-2: Product: G102 LIGHTSYNC Gaming Mouse
Oct 06 06:06:47 kali kernel: usb 3-2: Manufacturer: Logitech
Oct 06 06:06:47 kali kernel: usb 3-2: SerialNumber: 207E38685357
Oct 06 06:06:47 kali kernel: ata2: SATA link down (SStatus 0 SControl 300)
Oct 06 06:06:47 kali kernel: usb 3-3: new high-speed USB device number 4 using xhci_hcd
Oct 06 06:06:47 kali kernel: ata5: SATA link down (SStatus 0 SControl 300)
Oct 06 06:06:47 kali kernel: usb 3-3: New USB device found, idVendor=0c45, idProduct=6367, bcdDevice= 1.00
Oct 06 06:06:47 kali kernel: usb 3-3: New USB device strings: Mfr=2, Product=1, SerialNumber=3
Oct 06 06:06:47 kali kernel: usb 3-3: Product: HCAM01N
Oct 06 06:06:47 kali kernel: usb 3-3: Manufacturer: Sonix Technology Co., Ltd.
Oct 06 06:06:47 kali kernel: usb 3-3: SerialNumber: SN0001
Oct 06 06:06:47 kali kernel: ata6: SATA link down (SStatus 0 SControl 300)
Oct 06 06:06:47 kali kernel: hid: raw HID events driver (C) Jiri Kosina
Oct 06 06:06:47 kali kernel: ata1.00: Enabling discard_zeroes_data
Oct 06 06:06:47 kali kernel: sd 0:0:0:0: [sda] 488397168 512-byte logical blocks: (250 GB/233 GiB)
Oct 06 06:06:47 kali kernel: sd 0:0:0:0: [sda] Write Protect is off
Oct 06 06:06:47 kali kernel: sd 0:0:0:0: [sda] Mode Sense: 00 3a 00 00
Oct 06 06:06:47 kali kernel: sd 0:0:0:0: [sda] Write cache: enabled, read cache: enabled, doesn't support DPO or FUA
Oct 06 06:06:47 kali kernel: sd 0:0:0:0: [sda] Preferred minimum I/O size 512 bytes
Oct 06 06:06:47 kali kernel: ata1.00: Enabling discard_zeroes_data
Oct 06 06:06:47 kali kernel:  sda: sda1 sda2 sda3
Oct 06 06:06:47 kali kernel: sd 0:0:0:0: [sda] supports TCG Opal
Oct 06 06:06:47 kali kernel: sd 0:0:0:0: [sda] Attached SCSI disk
Oct 06 06:06:47 kali kernel: usbcore: registered new interface driver usbhid
Oct 06 06:06:47 kali kernel: usbhid: USB HID core driver
Oct 06 06:06:47 kali kernel: input: SINO WEALTH COX CK420  as /devices/pci0000:00/0000:00:07.1/0000:07:00.3/usb3/3-1/3-1:1.0/0003:258A:002A.0001/input/input2
Oct 06 06:06:47 kali kernel: hid-generic 0003:258A:002A.0001: input,hidraw0: USB HID v1.11 Keyboard [SINO WEALTH COX CK420 ] on usb-0000:07:00.3-1/input0
Oct 06 06:06:47 kali kernel: input: SINO WEALTH COX CK420  System Control as /devices/pci0000:00/0000:00:07.1/0000:07:00.3/usb3/3-1/3-1:1.1/0003:258A:002A.0002/input/input3
Oct 06 06:06:47 kali kernel: input: SINO WEALTH COX CK420  Consumer Control as /devices/pci0000:00/0000:00:07.1/0000:07:00.3/usb3/3-1/3-1:1.1/0003:258A:002A.0002/input/input4
Oct 06 06:06:47 kali kernel: input: SINO WEALTH COX CK420  Keyboard as /devices/pci0000:00/0000:00:07.1/0000:07:00.3/usb3/3-1/3-1:1.1/0003:258A:002A.0002/input/input5
Oct 06 06:06:47 kali kernel: hid-generic 0003:258A:002A.0002: input,hiddev0,hidraw1: USB HID v1.11 Keyboard [SINO WEALTH COX CK420 ] on usb-0000:07:00.3-1/input1
Oct 06 06:06:47 kali kernel: input: Logitech G102 LIGHTSYNC Gaming Mouse as /devices/pci0000:00/0000:00:07.1/0000:07:00.3/usb3/3-2/3-2:1.0/0003:046D:C09D.0003/input/input6
Oct 06 06:06:47 kali kernel: hid-generic 0003:046D:C09D.0003: input,hidraw2: USB HID v1.11 Mouse [Logitech G102 LIGHTSYNC Gaming Mouse] on usb-0000:07:00.3-2/input0
Oct 06 06:06:47 kali kernel: input: Logitech G102 LIGHTSYNC Gaming Mouse Keyboard as /devices/pci0000:00/0000:00:07.1/0000:07:00.3/usb3/3-2/3-2:1.1/0003:046D:C09D.0004/input/input7
Oct 06 06:06:47 kali kernel: hid-generic 0003:046D:C09D.0004: input,hiddev1,hidraw3: USB HID v1.11 Keyboard [Logitech G102 LIGHTSYNC Gaming Mouse] on usb-0000:07:00.3-2/input1
Oct 06 06:06:47 kali kernel: [drm] amdgpu kernel modesetting enabled.
Oct 06 06:06:47 kali kernel: amdgpu: Virtual CRAT table created for CPU
Oct 06 06:06:47 kali kernel: amdgpu: Topology: Add CPU node
Oct 06 06:06:47 kali kernel: amdgpu 0000:06:00.0: enabling device (0006 -> 0007)
Oct 06 06:06:47 kali kernel: [drm] initializing kernel modesetting (POLARIS10 0x1002:0x67DF 0x1458:0x22F7 0xEF).
Oct 06 06:06:47 kali kernel: [drm] register mmio base: 0xFCF00000
Oct 06 06:06:47 kali kernel: [drm] register mmio size: 262144
Oct 06 06:06:47 kali kernel: [drm] add ip block number 0 <vi_common>
Oct 06 06:06:47 kali kernel: [drm] add ip block number 1 <gmc_v8_0>
Oct 06 06:06:47 kali kernel: [drm] add ip block number 2 <tonga_ih>
Oct 06 06:06:47 kali kernel: [drm] add ip block number 3 <gfx_v8_0>
Oct 06 06:06:47 kali kernel: [drm] add ip block number 4 <sdma_v3_0>
Oct 06 06:06:47 kali kernel: [drm] add ip block number 5 <powerplay>
Oct 06 06:06:47 kali kernel: [drm] add ip block number 6 <dm>
Oct 06 06:06:47 kali kernel: [drm] add ip block number 7 <uvd_v6_0>
Oct 06 06:06:47 kali kernel: [drm] add ip block number 8 <vce_v3_0>
Oct 06 06:06:47 kali kernel: amdgpu 0000:06:00.0: amdgpu: Fetched VBIOS from VFCT
Oct 06 06:06:47 kali kernel: amdgpu: ATOM BIOS: xxx-xxx-xxx
Oct 06 06:06:47 kali kernel: amdgpu 0000:06:00.0: firmware: direct-loading firmware amdgpu/polaris10_sdma.bin
Oct 06 06:06:47 kali kernel: amdgpu 0000:06:00.0: firmware: direct-loading firmware amdgpu/polaris10_sdma1.bin
Oct 06 06:06:47 kali kernel: [drm] UVD is enabled in VM mode
Oct 06 06:06:47 kali kernel: [drm] UVD ENC is enabled in VM mode
Oct 06 06:06:47 kali kernel: [drm] VCE enabled in VM mode
Oct 06 06:06:47 kali kernel: Console: switching to colour dummy device 80x25
Oct 06 06:06:47 kali kernel: amdgpu 0000:06:00.0: vgaarb: deactivate vga console
Oct 06 06:06:47 kali kernel: amdgpu 0000:06:00.0: amdgpu: Trusted Memory Zone (TMZ) feature not supported
Oct 06 06:06:47 kali kernel: [drm] vm size is 64 GB, 2 levels, block size is 10-bit, fragment size is 9-bit
Oct 06 06:06:47 kali kernel: amdgpu 0000:06:00.0: firmware: direct-loading firmware amdgpu/polaris10_mc.bin
Oct 06 06:06:47 kali kernel: amdgpu 0000:06:00.0: amdgpu: VRAM: 4096M 0x000000F400000000 - 0x000000F4FFFFFFFF (4096M used)
Oct 06 06:06:47 kali kernel: amdgpu 0000:06:00.0: amdgpu: GART: 256M 0x000000FF00000000 - 0x000000FF0FFFFFFF
Oct 06 06:06:47 kali kernel: [drm] Detected VRAM RAM=4096M, BAR=256M
Oct 06 06:06:47 kali kernel: [drm] RAM width 256bits GDDR5
Oct 06 06:06:47 kali kernel: [drm] amdgpu: 4096M of VRAM memory ready
Oct 06 06:06:47 kali kernel: [drm] amdgpu: 7961M of GTT memory ready.
Oct 06 06:06:47 kali kernel: [drm] GART: num cpu pages 65536, num gpu pages 65536
Oct 06 06:06:47 kali kernel: [drm] PCIE GART of 256M enabled (table at 0x000000F400400000).
Oct 06 06:06:47 kali kernel: amdgpu 0000:06:00.0: firmware: direct-loading firmware amdgpu/polaris10_pfp_2.bin
Oct 06 06:06:47 kali kernel: amdgpu 0000:06:00.0: firmware: direct-loading firmware amdgpu/polaris10_me_2.bin
Oct 06 06:06:47 kali kernel: amdgpu 0000:06:00.0: firmware: direct-loading firmware amdgpu/polaris10_ce_2.bin
Oct 06 06:06:47 kali kernel: [drm] Chained IB support enabled!
Oct 06 06:06:47 kali kernel: amdgpu 0000:06:00.0: firmware: direct-loading firmware amdgpu/polaris10_rlc.bin
Oct 06 06:06:47 kali kernel: amdgpu 0000:06:00.0: firmware: direct-loading firmware amdgpu/polaris10_mec_2.bin
Oct 06 06:06:47 kali kernel: amdgpu 0000:06:00.0: firmware: direct-loading firmware amdgpu/polaris10_mec2_2.bin
Oct 06 06:06:47 kali kernel: amdgpu: hwmgr_sw_init smu backed is polaris10_smu
Oct 06 06:06:47 kali kernel: amdgpu 0000:06:00.0: firmware: direct-loading firmware amdgpu/polaris10_uvd.bin
Oct 06 06:06:47 kali kernel: [drm] Found UVD firmware Version: 1.130 Family ID: 16
Oct 06 06:06:47 kali kernel: amdgpu 0000:06:00.0: firmware: direct-loading firmware amdgpu/polaris10_vce.bin
Oct 06 06:06:47 kali kernel: [drm] Found VCE firmware Version: 53.26 Binary ID: 3
Oct 06 06:06:47 kali kernel: amdgpu 0000:06:00.0: firmware: direct-loading firmware amdgpu/polaris10_k_smc.bin
Oct 06 06:06:47 kali kernel: [drm] Display Core v3.2.266 initialized on DCE 11.2
Oct 06 06:06:47 kali kernel: [drm] UVD and UVD ENC initialized successfully.
Oct 06 06:06:47 kali kernel: [drm] VCE initialized successfully.
Oct 06 06:06:47 kali kernel: kfd kfd: amdgpu: Allocated 3969056 bytes on gart
Oct 06 06:06:47 kali kernel: kfd kfd: amdgpu: Total number of KFD nodes to be created: 1
Oct 06 06:06:47 kali kernel: amdgpu: Virtual CRAT table created for GPU
Oct 06 06:06:47 kali kernel: amdgpu: Topology: Add dGPU node [0x67df:0x1002]
Oct 06 06:06:47 kali kernel: kfd kfd: amdgpu: added device 1002:67df
Oct 06 06:06:47 kali kernel: amdgpu 0000:06:00.0: amdgpu: SE 4, SH per SE 1, CU per SH 9, active_cu_number 32
Oct 06 06:06:47 kali kernel: amdgpu 0000:06:00.0: amdgpu: Using BACO for runtime pm
Oct 06 06:06:47 kali kernel: [drm] Initialized amdgpu 3.57.0 20150101 for 0000:06:00.0 on minor 0
Oct 06 06:06:47 kali kernel: fbcon: amdgpudrmfb (fb0) is primary device
Oct 06 06:06:47 kali kernel: Console: switching to colour frame buffer device 210x65
Oct 06 06:06:47 kali kernel: amdgpu 0000:06:00.0: [drm] fb0: amdgpudrmfb frame buffer device
Oct 06 06:06:47 kali kernel: PM: Image not found (code -22)
Oct 06 06:06:47 kali kernel: EXT4-fs (sda2): orphan cleanup on readonly fs
Oct 06 06:06:47 kali kernel: EXT4-fs (sda2): mounted filesystem 2dc67759-3280-48e4-b59a-055805b405d0 ro with ordered data mode. Quota mode: none.
Oct 06 06:06:47 kali kernel: Not activating Mandatory Access Control as /sbin/tomoyo-init does not exist.
Oct 06 06:06:47 kali systemd[1]: Inserted module 'autofs4'
Oct 06 06:06:47 kali systemd[1]: systemd 256.2-1 running in system mode (+PAM +AUDIT +SELINUX +APPARMOR +IMA +SMACK +SECCOMP +GCRYPT -GNUTLS +OPENSSL +ACL +BLKID +CURL +ELFUTILS +FIDO2 +IDN2 -IDN +IPTC +KMOD +LIBCRYPTSETUP +LIBCRYPTSETUP_PLUGINS +LIBFDISK +PCRE2 +PWQUALITY +P11KIT +QRENCODE +TPM2 +BZIP2 +LZ4 +XZ +ZLIB +ZSTD +BPF_FRAMEWORK -XKBCOMMON +UTMP +SYSVINIT +LIBARCHIVE)
Oct 06 06:06:47 kali systemd[1]: Detected architecture x86-64.
Oct 06 06:06:47 kali systemd[1]: Hostname set to <kali>.
Oct 06 06:06:47 kali systemd[1]: bpf-restrict-fs: LSM BPF program attached
Oct 06 06:06:47 kali systemd[1]: Queued start job for default target graphical.target.
Oct 06 06:06:47 kali systemd[1]: Created slice system-getty.slice - Slice /system/getty.
Oct 06 06:06:47 kali systemd[1]: Created slice system-modprobe.slice - Slice /system/modprobe.
Oct 06 06:06:47 kali systemd[1]: Created slice system-systemd\x2dfsck.slice - Slice /system/systemd-fsck.
Oct 06 06:06:47 kali systemd[1]: Created slice user.slice - User and Session Slice.
Oct 06 06:06:47 kali systemd[1]: Started systemd-ask-password-wall.path - Forward Password Requests to Wall Directory Watch.
Oct 06 06:06:47 kali systemd[1]: Set up automount proc-sys-fs-binfmt_misc.automount - Arbitrary Executable File Formats File System Automount Point.
Oct 06 06:06:47 kali systemd[1]: Expecting device dev-disk-by\x2duuid-BCC4\x2dA61F.device - /dev/disk/by-uuid/BCC4-A61F...
Oct 06 06:06:47 kali systemd[1]: Expecting device dev-disk-by\x2duuid-ed797a98\x2ddba8\x2d40ac\x2dbc9d\x2d6314cb719bab.device - /dev/disk/by-uuid/ed797a98-dba8-40ac-bc9d-6314cb719bab...
Oct 06 06:06:47 kali systemd[1]: Reached target nss-user-lookup.target - User and Group Name Lookups.
Oct 06 06:06:47 kali systemd[1]: Reached target slices.target - Slice Units.
Oct 06 06:06:47 kali systemd[1]: Reached target stunnel.target - TLS tunnels for network services - per-config-file target.
Oct 06 06:06:47 kali systemd[1]: Listening on systemd-coredump.socket - Process Core Dump Socket.
Oct 06 06:06:47 kali systemd[1]: Listening on systemd-creds.socket - Credential Encryption/Decryption.
Oct 06 06:06:47 kali systemd[1]: Listening on systemd-initctl.socket - initctl Compatibility Named Pipe.
Oct 06 06:06:47 kali systemd[1]: Listening on systemd-journald-dev-log.socket - Journal Socket (/dev/log).
Oct 06 06:06:47 kali systemd[1]: Listening on systemd-journald.socket - Journal Sockets.
Oct 06 06:06:47 kali systemd[1]: systemd-pcrextend.socket - TPM PCR Measurements was skipped because of an unmet condition check (ConditionSecurity=measured-uki).
Oct 06 06:06:47 kali systemd[1]: systemd-pcrlock.socket - Make TPM PCR Policy was skipped because of an unmet condition check (ConditionSecurity=measured-uki).
Oct 06 06:06:47 kali systemd[1]: Listening on systemd-udevd-control.socket - udev Control Socket.
Oct 06 06:06:47 kali systemd[1]: Listening on systemd-udevd-kernel.socket - udev Kernel Socket.
Oct 06 06:06:47 kali systemd[1]: Mounting dev-hugepages.mount - Huge Pages File System...
Oct 06 06:06:47 kali systemd[1]: Mounting dev-mqueue.mount - POSIX Message Queue File System...
Oct 06 06:06:47 kali systemd[1]: Mounting run-lock.mount - Legacy Locks Directory /run/lock...
Oct 06 06:06:47 kali systemd[1]: Mounting sys-kernel-debug.mount - Kernel Debug File System...
Oct 06 06:06:47 kali systemd[1]: Mounting sys-kernel-tracing.mount - Kernel Trace File System...
Oct 06 06:06:47 kali systemd[1]: auth-rpcgss-module.service - Kernel Module supporting RPCSEC_GSS was skipped because of an unmet condition check (ConditionPathExists=/etc/krb5.keytab).
Oct 06 06:06:47 kali systemd[1]: Starting keyboard-setup.service - Set the console keyboard layout...
Oct 06 06:06:47 kali systemd[1]: Starting kmod-static-nodes.service - Create List of Static Device Nodes...
Oct 06 06:06:47 kali systemd[1]: Starting modprobe@configfs.service - Load Kernel Module configfs...
Oct 06 06:06:47 kali systemd[1]: Starting modprobe@drm.service - Load Kernel Module drm...
Oct 06 06:06:47 kali systemd[1]: Starting modprobe@efi_pstore.service - Load Kernel Module efi_pstore...
Oct 06 06:06:47 kali systemd[1]: Starting modprobe@fuse.service - Load Kernel Module fuse...
Oct 06 06:06:47 kali systemd[1]: systemd-fsck-root.service - File System Check on Root Device was skipped because of an unmet condition check (ConditionPathExists=!/run/initramfs/fsck-root).
Oct 06 06:06:47 kali systemd[1]: systemd-hibernate-clear.service - Clear Stale Hibernate Storage Info was skipped because of an unmet condition check (ConditionPathExists=/sys/firmware/efi/efivars/HibernateLocation-8cf2644b-4b0b-428f-9387-6d876050dc67).
Oct 06 06:06:47 kali systemd[1]: Starting systemd-journald.service - Journal Service...
Oct 06 06:06:47 kali systemd[1]: Starting systemd-modules-load.service - Load Kernel Modules...
Oct 06 06:06:47 kali systemd[1]: systemd-pcrmachine.service - TPM PCR Machine ID Measurement was skipped because of an unmet condition check (ConditionSecurity=measured-uki).
Oct 06 06:06:47 kali systemd[1]: Starting systemd-remount-fs.service - Remount Root and Kernel File Systems...
Oct 06 06:06:47 kali systemd[1]: systemd-tpm2-setup-early.service - Early TPM SRK Setup was skipped because of an unmet condition check (ConditionSecurity=measured-uki).
Oct 06 06:06:47 kali systemd[1]: Starting systemd-udev-load-credentials.service - Load udev Rules from Credentials...
Oct 06 06:06:47 kali systemd[1]: Starting systemd-udev-trigger.service - Coldplug All udev Devices...
Oct 06 06:06:47 kali kernel: pstore: Using crash dump compression: deflate
Oct 06 06:06:47 kali systemd[1]: Mounted dev-hugepages.mount - Huge Pages File System.
Oct 06 06:06:47 kali systemd[1]: Mounted dev-mqueue.mount - POSIX Message Queue File System.
Oct 06 06:06:47 kali systemd[1]: Mounted run-lock.mount - Legacy Locks Directory /run/lock.
Oct 06 06:06:47 kali systemd[1]: Mounted sys-kernel-debug.mount - Kernel Debug File System.
Oct 06 06:06:47 kali systemd[1]: Mounted sys-kernel-tracing.mount - Kernel Trace File System.
Oct 06 06:06:47 kali systemd[1]: Finished keyboard-setup.service - Set the console keyboard layout.
Oct 06 06:06:47 kali kernel: pstore: Registered efi_pstore as persistent store backend
Oct 06 06:06:47 kali systemd[1]: Finished kmod-static-nodes.service - Create List of Static Device Nodes.
Oct 06 06:06:47 kali systemd[1]: modprobe@configfs.service: Deactivated successfully.
Oct 06 06:06:47 kali systemd[1]: Finished modprobe@configfs.service - Load Kernel Module configfs.
Oct 06 06:06:47 kali systemd[1]: modprobe@drm.service: Deactivated successfully.
Oct 06 06:06:47 kali systemd[1]: Finished modprobe@drm.service - Load Kernel Module drm.
Oct 06 06:06:47 kali systemd[1]: modprobe@efi_pstore.service: Deactivated successfully.
Oct 06 06:06:47 kali systemd[1]: Finished modprobe@efi_pstore.service - Load Kernel Module efi_pstore.
Oct 06 06:06:47 kali systemd[1]: modprobe@fuse.service: Deactivated successfully.
Oct 06 06:06:47 kali systemd[1]: Finished modprobe@fuse.service - Load Kernel Module fuse.
Oct 06 06:06:47 kali systemd[1]: Mounting sys-fs-fuse-connections.mount - FUSE Control File System...
Oct 06 06:06:47 kali systemd[1]: Mounting sys-kernel-config.mount - Kernel Configuration File System...
Oct 06 06:06:47 kali systemd[1]: Starting systemd-tmpfiles-setup-dev-early.service - Create Static Device Nodes in /dev gracefully...
Oct 06 06:06:47 kali systemd[1]: Finished systemd-modules-load.service - Load Kernel Modules.
Oct 06 06:06:47 kali systemd[1]: Starting systemd-sysctl.service - Apply Kernel Variables...
Oct 06 06:06:47 kali systemd[1]: Finished systemd-udev-load-credentials.service - Load udev Rules from Credentials.
Oct 06 06:06:47 kali systemd[1]: Mounted sys-fs-fuse-connections.mount - FUSE Control File System.
Oct 06 06:06:47 kali systemd[1]: Mounted sys-kernel-config.mount - Kernel Configuration File System.
Oct 06 06:06:47 kali systemd-journald[486]: Collecting audit messages is disabled.
Oct 06 06:06:47 kali systemd[1]: Finished systemd-sysctl.service - Apply Kernel Variables.
Oct 06 06:06:47 kali systemd[1]: Finished systemd-tmpfiles-setup-dev-early.service - Create Static Device Nodes in /dev gracefully.
Oct 06 06:06:47 kali kernel: EXT4-fs (sda2): re-mounted 2dc67759-3280-48e4-b59a-055805b405d0 r/w. Quota mode: none.
Oct 06 06:06:47 kali systemd[1]: Finished systemd-remount-fs.service - Remount Root and Kernel File Systems.
Oct 06 06:06:47 kali systemd[1]: systemd-hwdb-update.service - Rebuild Hardware Database was skipped because no trigger condition checks were met.
Oct 06 06:06:47 kali systemd[1]: systemd-pstore.service - Platform Persistent Storage Archival was skipped because of an unmet condition check (ConditionDirectoryNotEmpty=/sys/fs/pstore).
Oct 06 06:06:47 kali systemd[1]: Starting systemd-random-seed.service - Load/Save OS Random Seed...
Oct 06 06:06:47 kali systemd[1]: Starting systemd-sysusers.service - Create System Users...
Oct 06 06:06:47 kali systemd[1]: systemd-tpm2-setup.service - TPM SRK Setup was skipped because of an unmet condition check (ConditionSecurity=measured-uki).
Oct 06 06:06:47 kali systemd[1]: Finished systemd-random-seed.service - Load/Save OS Random Seed.
Oct 06 06:06:47 kali systemd[1]: Finished systemd-sysusers.service - Create System Users.
Oct 06 06:06:47 kali systemd[1]: Starting systemd-tmpfiles-setup-dev.service - Create Static Device Nodes in /dev...
Oct 06 06:06:47 kali systemd-journald[486]: Journal started
Oct 06 06:06:47 kali systemd-journald[486]: Runtime Journal (/run/log/journal/ff69230f34934a9cbf9f8f5f03a95ded) is 8M, max 159.2M, 151.2M free.
Oct 06 06:06:47 kali systemd-modules-load[489]: Inserted module 'msr'
Oct 06 06:06:47 kali systemd[1]: Starting systemd-journal-flush.service - Flush Journal to Persistent Storage...
Oct 06 06:06:47 kali systemd[1]: Started systemd-journald.service - Journal Service.
Oct 06 06:06:47 kali systemd[1]: Finished systemd-tmpfiles-setup-dev.service - Create Static Device Nodes in /dev.
Oct 06 06:06:47 kali systemd-journald[486]: Time spent on flushing to /var/log/journal/ff69230f34934a9cbf9f8f5f03a95ded is 6.967ms for 1009 entries.
Oct 06 06:06:47 kali systemd-journald[486]: System Journal (/var/log/journal/ff69230f34934a9cbf9f8f5f03a95ded) is 8M, max 4G, 3.9G free.
Oct 06 06:06:47 kali systemd-journald[486]: Received client request to flush runtime journal.
Oct 06 06:06:47 kali systemd[1]: Reached target local-fs-pre.target - Preparation for Local File Systems.
Oct 06 06:06:47 kali systemd[1]: Starting systemd-udevd.service - Rule-based Manager for Device Events and Files...
Oct 06 06:06:47 kali systemd[1]: Finished systemd-journal-flush.service - Flush Journal to Persistent Storage.
Oct 06 06:06:47 kali systemd-udevd[532]: Using default interface naming scheme 'v255'.
Oct 06 06:06:47 kali systemd[1]: Started systemd-udevd.service - Rule-based Manager for Device Events and Files.
Oct 06 06:06:47 kali systemd[1]: Finished systemd-udev-trigger.service - Coldplug All udev Devices.
Oct 06 06:06:48 kali kernel: sd 0:0:0:0: Attached scsi generic sg0 type 0
Oct 06 06:06:48 kali systemd[1]: Starting ifupdown-pre.service - Helper to synchronize boot up for ifupdown...
Oct 06 06:06:48 kali mtp-probe[584]: checking bus 3, device 3: "/sys/devices/pci0000:00/0000:00:07.1/0000:07:00.3/usb3/3-2"
Oct 06 06:06:48 kali mtp-probe[583]: checking bus 3, device 2: "/sys/devices/pci0000:00/0000:00:07.1/0000:07:00.3/usb3/3-1"
Oct 06 06:06:48 kali mtp-probe[584]: bus: 3, device: 3 was not an MTP device
Oct 06 06:06:48 kali mtp-probe[583]: bus: 3, device: 2 was not an MTP device
Oct 06 06:06:48 kali systemd[1]: Starting plymouth-start.service - Show Plymouth Boot Screen...
Oct 06 06:06:48 kali systemd[1]: Finished ifupdown-pre.service - Helper to synchronize boot up for ifupdown.
Oct 06 06:06:48 kali mtp-probe[598]: checking bus 3, device 4: "/sys/devices/pci0000:00/0000:00:07.1/0000:07:00.3/usb3/3-3"
Oct 06 06:06:48 kali mtp-probe[598]: bus: 3, device: 4 was not an MTP device
Oct 06 06:06:48 kali kernel: ccp 0000:07:00.2: enabling device (0000 -> 0002)
Oct 06 06:06:48 kali kernel: input: PC Speaker as /devices/platform/pcspkr/input/input10
Oct 06 06:06:48 kali kernel: acpi_cpufreq: overriding BIOS provided _PSD data
Oct 06 06:06:48 kali kernel: sp5100_tco: SP5100/SB800 TCO WatchDog Timer Driver
Oct 06 06:06:48 kali kernel: sp5100-tco sp5100-tco: Using 0xfeb00000 for watchdog MMIO address
Oct 06 06:06:48 kali kernel: sp5100-tco sp5100-tco: initialized. heartbeat=60 sec (nowayout=0)
Oct 06 06:06:48 kali kernel: ccp 0000:07:00.2: ccp enabled
Oct 06 06:06:48 kali kernel: ccp 0000:07:00.2: psp enabled
Oct 06 06:06:48 kali systemd[1]: Started plymouth-start.service - Show Plymouth Boot Screen.
Oct 06 06:06:48 kali systemd[1]: systemd-ask-password-console.path - Dispatch Password Requests to Console Directory Watch was skipped because of an unmet condition check (ConditionPathExists=!/run/plymouth/pid).
Oct 06 06:06:48 kali systemd[1]: Started systemd-ask-password-plymouth.path - Forward Password Requests to Plymouth Directory Watch.
Oct 06 06:06:48 kali systemd[1]: Reached target paths.target - Path Units.
Oct 06 06:06:48 kali kernel: RAPL PMU: API unit is 2^-32 Joules, 1 fixed counters, 163840 ms ovfl timer
Oct 06 06:06:48 kali kernel: RAPL PMU: hw unit of domain package 2^-16 Joules
Oct 06 06:06:48 kali kernel: mc: Linux media interface: v0.10
Oct 06 06:06:48 kali systemd[1]: Found device dev-disk-by\x2duuid-BCC4\x2dA61F.device - Samsung_SSD_860_EVO_250GB 1.
Oct 06 06:06:48 kali kernel: videodev: Linux video capture interface: v2.00
Oct 06 06:06:48 kali systemd[1]: Found device dev-disk-by\x2duuid-ed797a98\x2ddba8\x2d40ac\x2dbc9d\x2d6314cb719bab.device - Samsung_SSD_860_EVO_250GB 3.
Oct 06 06:06:48 kali kernel: usb 3-3: 3:1: cannot get freq at ep 0x84
Oct 06 06:06:48 kali kernel: snd_hda_intel 0000:06:00.1: enabling device (0000 -> 0002)
Oct 06 06:06:48 kali kernel: snd_hda_intel 0000:06:00.1: Force to non-snoop mode
Oct 06 06:06:48 kali kernel: snd_hda_intel 0000:08:00.3: enabling device (0000 -> 0002)
Oct 06 06:06:48 kali systemd[1]: Activating swap dev-disk-by\x2duuid-ed797a98\x2ddba8\x2d40ac\x2dbc9d\x2d6314cb719bab.swap - /dev/disk/by-uuid/ed797a98-dba8-40ac-bc9d-6314cb719bab...
Oct 06 06:06:48 kali systemd[1]: Starting systemd-fsck@dev-disk-by\x2duuid-BCC4\x2dA61F.service - File System Check on /dev/disk/by-uuid/BCC4-A61F...
Oct 06 06:06:48 kali kernel: Adding 1000444k swap on /dev/sda3.  Priority:-2 extents:1 across:1000444k SS
Oct 06 06:06:48 kali kernel: kvm_amd: TSC scaling supported
Oct 06 06:06:48 kali kernel: kvm_amd: Nested Virtualization enabled
Oct 06 06:06:48 kali kernel: kvm_amd: Nested Paging enabled
Oct 06 06:06:48 kali kernel: kvm_amd: SEV enabled (ASIDs 0 - 15)
Oct 06 06:06:48 kali kernel: kvm_amd: SEV-ES enabled (ASIDs 0 - 4294967295)
Oct 06 06:06:48 kali kernel: kvm_amd: Virtual VMLOAD VMSAVE supported
Oct 06 06:06:48 kali kernel: kvm_amd: Virtual GIF supported
Oct 06 06:06:48 kali kernel: kvm_amd: LBR virtualization supported
Oct 06 06:06:48 kali kernel: usbcore: registered new interface driver snd-usb-audio
Oct 06 06:06:48 kali systemd[1]: Activated swap dev-disk-by\x2duuid-ed797a98\x2ddba8\x2d40ac\x2dbc9d\x2d6314cb719bab.swap - /dev/disk/by-uuid/ed797a98-dba8-40ac-bc9d-6314cb719bab.
Oct 06 06:06:48 kali systemd[1]: Reached target swap.target - Swaps.
Oct 06 06:06:48 kali kernel: usb 3-3: Found UVC 1.00 device HCAM01N (0c45:6367)
Oct 06 06:06:48 kali kernel: snd_hda_intel 0000:06:00.1: bound 0000:06:00.0 (ops amdgpu_dm_audio_component_bind_ops [amdgpu])
Oct 06 06:06:48 kali kernel: input: HDA ATI HDMI HDMI/DP,pcm=3 as /devices/pci0000:00/0000:00:03.1/0000:06:00.1/sound/card1/input11
Oct 06 06:06:48 kali kernel: input: HDA ATI HDMI HDMI/DP,pcm=7 as /devices/pci0000:00/0000:00:03.1/0000:06:00.1/sound/card1/input12
Oct 06 06:06:48 kali kernel: input: HDA ATI HDMI HDMI/DP,pcm=8 as /devices/pci0000:00/0000:00:03.1/0000:06:00.1/sound/card1/input13
Oct 06 06:06:48 kali kernel: input: HDA ATI HDMI HDMI/DP,pcm=9 as /devices/pci0000:00/0000:00:03.1/0000:06:00.1/sound/card1/input14
Oct 06 06:06:48 kali kernel: input: HDA ATI HDMI HDMI/DP,pcm=10 as /devices/pci0000:00/0000:00:03.1/0000:06:00.1/sound/card1/input15
Oct 06 06:06:48 kali kernel: input: HDA ATI HDMI HDMI/DP,pcm=11 as /devices/pci0000:00/0000:00:03.1/0000:06:00.1/sound/card1/input16
Oct 06 06:06:48 kali systemd[1]: Reached target sound.target - Sound Card.
Oct 06 06:06:48 kali kernel: MCE: In-kernel MCE decoding enabled.
Oct 06 06:06:48 kali systemd-fsck[636]: fsck.fat 4.2 (2021-01-31)
Oct 06 06:06:48 kali systemd-fsck[636]: /dev/sda1: 3 files, 38/130811 clusters
Oct 06 06:06:48 kali kernel: snd_hda_codec_realtek hdaudioC2D0: autoconfig for ALC887-VD: line_outs=1 (0x14/0x0/0x0/0x0/0x0) type:line
Oct 06 06:06:48 kali kernel: snd_hda_codec_realtek hdaudioC2D0:    speaker_outs=0 (0x0/0x0/0x0/0x0/0x0)
Oct 06 06:06:48 kali kernel: snd_hda_codec_realtek hdaudioC2D0:    hp_outs=1 (0x1b/0x0/0x0/0x0/0x0)
Oct 06 06:06:48 kali kernel: snd_hda_codec_realtek hdaudioC2D0:    mono: mono_out=0x0
Oct 06 06:06:48 kali kernel: snd_hda_codec_realtek hdaudioC2D0:    inputs:
Oct 06 06:06:48 kali kernel: snd_hda_codec_realtek hdaudioC2D0:      Front Mic=0x19
Oct 06 06:06:48 kali kernel: snd_hda_codec_realtek hdaudioC2D0:      Rear Mic=0x18
Oct 06 06:06:48 kali kernel: snd_hda_codec_realtek hdaudioC2D0:      Line=0x1a
Oct 06 06:06:48 kali kernel: usbcore: registered new interface driver uvcvideo
Oct 06 06:06:48 kali systemd[1]: Finished systemd-fsck@dev-disk-by\x2duuid-BCC4\x2dA61F.service - File System Check on /dev/disk/by-uuid/BCC4-A61F.
Oct 06 06:06:48 kali kernel: input: HD-Audio Generic Front Mic as /devices/pci0000:00/0000:00:08.1/0000:08:00.3/sound/card2/input17
Oct 06 06:06:48 kali kernel: input: HD-Audio Generic Rear Mic as /devices/pci0000:00/0000:00:08.1/0000:08:00.3/sound/card2/input18
Oct 06 06:06:48 kali kernel: input: HD-Audio Generic Line as /devices/pci0000:00/0000:00:08.1/0000:08:00.3/sound/card2/input19
Oct 06 06:06:48 kali kernel: input: HD-Audio Generic Line Out as /devices/pci0000:00/0000:00:08.1/0000:08:00.3/sound/card2/input20
Oct 06 06:06:48 kali kernel: input: HD-Audio Generic Front Headphone as /devices/pci0000:00/0000:00:08.1/0000:08:00.3/sound/card2/input21
Oct 06 06:06:48 kali kernel: intel_rapl_common: Found RAPL domain package
Oct 06 06:06:48 kali kernel: intel_rapl_common: Found RAPL domain core
Oct 06 06:06:48 kali systemd[1]: Mounting boot-efi.mount - /boot/efi...
Oct 06 06:06:48 kali systemd[1]: tmp.mount: Directory /tmp to mount over is not empty, mounting anyway.
Oct 06 06:06:48 kali systemd[1]: Mounting tmp.mount - Temporary Directory /tmp...
Oct 06 06:06:48 kali systemd[1]: Mounted tmp.mount - Temporary Directory /tmp.
Oct 06 06:06:48 kali systemd[1]: Mounted boot-efi.mount - /boot/efi.
Oct 06 06:06:48 kali systemd[1]: Reached target local-fs.target - Local File Systems.
Oct 06 06:06:48 kali systemd[1]: Listening on systemd-sysext.socket - System Extension Image Management.
Oct 06 06:06:48 kali systemd[1]: Starting console-setup.service - Set console font and keymap...
Oct 06 06:06:48 kali systemd[1]: Starting ldconfig.service - Rebuild Dynamic Linker Cache...
Oct 06 06:06:48 kali systemd[1]: Starting networking.service - Raise network interfaces...
Oct 06 06:06:48 kali systemd[1]: Starting plymouth-read-write.service - Tell Plymouth To Write Out Runtime Data...
Oct 06 06:06:48 kali systemd[1]: Starting systemd-binfmt.service - Set Up Additional Binary Formats...
Oct 06 06:06:48 kali systemd[1]: Starting systemd-tmpfiles-setup.service - Create System Files and Directories...
Oct 06 06:06:48 kali systemd[1]: Finished console-setup.service - Set console font and keymap.
Oct 06 06:06:48 kali systemd[1]: proc-sys-fs-binfmt_misc.automount: Got automount request for /proc/sys/fs/binfmt_misc, triggered by 671 (systemd-binfmt)
Oct 06 06:06:48 kali systemd-tmpfiles[672]: /usr/lib/tmpfiles.d/legacy.conf:13: Duplicate line for path "/run/lock", ignoring.
Oct 06 06:06:48 kali systemd[1]: Mounting proc-sys-fs-binfmt_misc.mount - Arbitrary Executable File Formats File System...
Oct 06 06:06:48 kali systemd[1]: Received SIGRTMIN+20 from PID 391 (plymouthd).
Oct 06 06:06:48 kali systemd[1]: Finished plymouth-read-write.service - Tell Plymouth To Write Out Runtime Data.
Oct 06 06:06:48 kali systemd[1]: Mounted proc-sys-fs-binfmt_misc.mount - Arbitrary Executable File Formats File System.
Oct 06 06:06:48 kali systemd[1]: Finished systemd-binfmt.service - Set Up Additional Binary Formats.
Oct 06 06:06:48 kali systemd[1]: Finished systemd-tmpfiles-setup.service - Create System Files and Directories.
Oct 06 06:06:48 kali systemd[1]: Mounting run-rpc_pipefs.mount - RPC Pipe File System...
Oct 06 06:06:48 kali systemd[1]: Started haveged.service - Entropy Daemon based on the HAVEGE algorithm.
Oct 06 06:06:48 kali systemd[1]: systemd-firstboot.service - First Boot Wizard was skipped because of an unmet condition check (ConditionFirstBoot=yes).
Oct 06 06:06:48 kali systemd[1]: first-boot-complete.target - First Boot Complete was skipped because of an unmet condition check (ConditionFirstBoot=yes).
Oct 06 06:06:48 kali systemd[1]: Starting systemd-journal-catalog-update.service - Rebuild Journal Catalog...
Oct 06 06:06:48 kali systemd[1]: systemd-machine-id-commit.service - Save Transient machine-id to Disk was skipped because of an unmet condition check (ConditionPathIsMountPoint=/etc/machine-id).
Oct 06 06:06:48 kali systemd[1]: Starting systemd-timesyncd.service - Network Time Synchronization...
Oct 06 06:06:48 kali systemd[1]: Starting systemd-update-utmp.service - Record System Boot/Shutdown in UTMP...
Oct 06 06:06:48 kali systemd[1]: Finished systemd-update-utmp.service - Record System Boot/Shutdown in UTMP.
Oct 06 06:06:48 kali systemd[1]: Finished systemd-journal-catalog-update.service - Rebuild Journal Catalog.
Oct 06 06:06:48 kali (haveged)[711]: haveged.service: Referenced but unset environment variable evaluates to an empty string: DAEMON_ARGS
Oct 06 06:06:48 kali haveged[711]: haveged: command socket is listening at fd 3
Oct 06 06:06:48 kali systemd[1]: Started systemd-timesyncd.service - Network Time Synchronization.
Oct 06 06:06:48 kali systemd[1]: Reached target time-set.target - System Time Set.
Oct 06 06:06:48 kali systemd[1]: Finished ldconfig.service - Rebuild Dynamic Linker Cache.
Oct 06 06:06:48 kali systemd[1]: Starting systemd-update-done.service - Update is Completed...
Oct 06 06:06:48 kali systemd[1]: Finished networking.service - Raise network interfaces.
