Oct 07 10:14:50 archlinux systemd-journald[21]: Journal started
Oct 07 10:14:50 archlinux systemd-journald[21]: Runtime Journal (/run/log/journal/62a4de5dc2124148b239f26c964c7661) is 8M, max 318.4M, 310.4M free.
Oct 07 10:14:50 archlinux systemd[1]: Starting Flush Journal to Persistent Storage...
Oct 07 10:14:50 archlinux systemd-journald[21]: Time spent on flushing to /var/log/journal/62a4de5dc2124148b239f26c964c7661 is 1.444ms for 3 entries.
Oct 07 10:14:50 archlinux systemd-journald[21]: System Journal (/var/log/journal/62a4de5dc2124148b239f26c964c7661) is 8M, max 4G, 3.9G free.
Oct 07 10:14:50 archlinux systemd[1]: Started User Database Manager.
Oct 07 10:14:50 archlinux systemd[1]: Finished Flush Journal to Persistent Storage.
Oct 07 10:14:50 archlinux systemd[1]: Finished Create Static Device Nodes in /dev gracefully.
Oct 07 10:14:50 archlinux systemd[1]: Starting Create System Users...
Oct 07 10:14:50 archlinux systemd[1]: Finished Create System Users.
Oct 07 10:14:50 archlinux systemd[1]: Starting Create Static Device Nodes in /dev...
Oct 07 10:14:50 archlinux systemd[1]: Finished Create Static Device Nodes in /dev.
Oct 07 10:14:50 archlinux systemd[1]: Reached target Preparation for Local File Systems.
Oct 07 10:14:50 archlinux systemd[1]: Rule-based Manager for Device Events and Files was skipped because of an unmet condition check (ConditionPathIsReadWrite=/sys).
Oct 07 10:14:51 archlinux systemd[1]: Virtual Machine and Container Storage (Compatibility) was skipped because of an unmet condition check (ConditionPathExists=/var/lib/machines.raw).
Oct 07 10:14:51 archlinux systemd[1]: Reached target Local File Systems.
Oct 07 10:14:51 archlinux systemd[1]: Listening on Boot Entries Service Socket.
Oct 07 10:14:51 archlinux systemd[1]: Listening on System Extension Image Management.
Oct 07 10:14:51 archlinux systemd[1]: Starting Rebuild Dynamic Linker Cache...
Oct 07 10:14:51 archlinux systemd[1]: Set Up Additional Binary Formats was skipped because of an unmet condition check (ConditionPathIsMountPoint=/proc/sys/fs/binfmt_misc).
Oct 07 10:14:51 archlinux systemd[1]: Update Boot Loader Random Seed was skipped because of an unmet condition check (ConditionVirtualization=!container).
Oct 07 10:14:51 archlinux systemd[1]: Starting Create System Files and Directories...
Oct 07 10:14:51 archlinux systemd[1]: Finished Rebuild Dynamic Linker Cache.
Oct 07 10:14:51 archlinux systemd[1]: Finished Create System Files and Directories.
Oct 07 10:14:51 archlinux systemd[1]: First Boot Wizard was skipped because of an unmet condition check (ConditionFirstBoot=yes).
Oct 07 10:14:51 archlinux systemd[1]: First Boot Complete was skipped because of an unmet condition check (ConditionFirstBoot=yes).
Oct 07 10:14:51 archlinux systemd[1]: Starting Rebuild Journal Catalog...
Oct 07 10:14:51 archlinux systemd[1]: Save Transient machine-id to Disk was skipped because of an unmet condition check (ConditionPathIsMountPoint=/etc/machine-id).
Oct 07 10:14:51 archlinux systemd[1]: Starting Record System Boot/Shutdown in UTMP...
Oct 07 10:14:51 archlinux systemd[1]: Finished Record System Boot/Shutdown in UTMP.
Oct 07 10:14:51 archlinux systemd[1]: Finished Rebuild Journal Catalog.
Oct 07 10:14:51 archlinux systemd[1]: Starting Update is Completed...
Oct 07 10:14:51 archlinux systemd[1]: Finished Update is Completed.
Oct 07 10:14:51 archlinux systemd[1]: Reached target System Initialization.
Oct 07 10:14:51 archlinux systemd[1]: Started Refresh existing PGP keys of archlinux-keyring regularly.
Oct 07 10:14:51 archlinux systemd[1]: Started Daily verification of password and group files.
Oct 07 10:14:51 archlinux systemd[1]: Started Daily Cleanup of Temporary Directories.
Oct 07 10:14:51 archlinux systemd[1]: Reached target Timer Units.
Oct 07 10:14:51 archlinux systemd[1]: Listening on D-Bus System Message Bus Socket.
Oct 07 10:14:51 archlinux systemd[1]: Listening on GnuPG network certificate management daemon for /etc/pacman.d/gnupg.
Oct 07 10:14:51 archlinux systemd[1]: Listening on GnuPG cryptographic agent and passphrase cache (access for web browsers) for /etc/pacman.d/gnupg.
Oct 07 10:14:51 archlinux systemd[1]: Listening on GnuPG cryptographic agent and passphrase cache (restricted) for /etc/pacman.d/gnupg.
Oct 07 10:14:51 archlinux systemd[1]: Listening on GnuPG cryptographic agent (ssh-agent emulation) for /etc/pacman.d/gnupg.
Oct 07 10:14:51 archlinux systemd[1]: Listening on GnuPG cryptographic agent and passphrase cache for /etc/pacman.d/gnupg.
Oct 07 10:14:51 archlinux systemd[1]: Listening on GnuPG public key management service for /etc/pacman.d/gnupg.
Oct 07 10:14:51 archlinux systemd[1]: Listening on Hostname Service Socket.
Oct 07 10:14:51 archlinux systemd[1]: Reached target Socket Units.
Oct 07 10:14:51 archlinux systemd[1]: Starting D-Bus System Message Bus...
Oct 07 10:14:51 archlinux systemd[1]: TPM PCR Barrier (Initialization) was skipped because of an unmet condition check (ConditionSecurity=measured-uki).
Oct 07 10:14:51 archlinux systemd[1]: Started D-Bus System Message Bus.
Oct 07 10:14:51 archlinux systemd[1]: Reached target Basic System.
Oct 07 10:14:51 archlinux systemd[1]: Starting User Login Management...
Oct 07 10:14:51 archlinux systemd[1]: TPM PCR Barrier (User) was skipped because of an unmet condition check (ConditionSecurity=measured-uki).
Oct 07 10:14:51 archlinux dbus-broker-launch[60]: Ready
Oct 07 10:14:51 archlinux systemd[1]: Starting Permit User Sessions...
Oct 07 10:14:51 archlinux systemd[1]: Finished Permit User Sessions.
Oct 07 10:14:51 archlinux systemd[1]: Started Console Getty.
Oct 07 10:14:51 archlinux systemd[1]: Getty on tty1 was skipped because of an unmet condition check (ConditionPathExists=/dev/tty0).
Oct 07 10:14:51 archlinux systemd[1]: Reached target Login Prompts.
Oct 07 10:14:51 archlinux systemd-logind[62]: New seat seat0.
Oct 07 10:14:51 archlinux systemd[1]: Started User Login Management.
Oct 07 10:14:51 archlinux systemd[1]: Reached target Multi-User System.
Oct 07 10:14:51 archlinux systemd[1]: Reached target Graphical Interface.
Oct 07 10:14:51 archlinux systemd[1]: Startup finished in 1.469s.
Oct 07 10:14:53 archlinux systemd[1]: Started localectl set-keymap "".
Oct 07 10:14:53 archlinux systemd[1]: Starting Locale Service...
Oct 07 10:14:53 archlinux (-localed)[70]: systemd-localed.service: PrivateNetwork=yes is configured, but the kernel does not support or we lack privileges for network namespace, proceeding without.
Oct 07 10:14:53 archlinux systemd[1]: Started Locale Service.
Oct 07 10:14:53 archlinux systemd-localed[70]: No conversion found for virtual console keymap "".
Oct 07 10:14:53 archlinux systemd[1]: run-u3.service: Deactivated successfully.
Oct 07 10:14:53 archlinux systemd[1]: Started /usr/bin/localectl set-keymap us.
Oct 07 10:14:53 archlinux systemd-localed[70]: The virtual console keymap 'us' is converted to X11 keyboard layout 'us' model 'pc105+inet' variant '' options 'terminate:ctrl_alt_bksp'
Oct 07 10:14:53 archlinux systemd-localed[70]: Changed virtual console keymap to 'us' toggle ''
Oct 07 10:14:53 archlinux systemd[1]: Virtual Console Setup was skipped because of an unmet condition check (ConditionPathExists=/dev/tty0).
Oct 07 10:14:53 archlinux systemd[1]: run-u6.service: Deactivated successfully.
Oct 07 10:14:53 archlinux systemd[1]: Started shutdown now.
Oct 07 10:14:53 archlinux systemd-logind[62]: The system will power off now!
Oct 07 10:14:53 archlinux systemd-logind[62]: System is powering down.
Oct 07 10:14:53 archlinux systemd[1]: run-u8.service: Deactivated successfully.
Oct 07 10:14:53 archlinux systemd[1]: Stopped shutdown now.
Oct 07 10:14:53 archlinux systemd[1]: Removed slice Slice /system/getty.
Oct 07 10:14:53 archlinux systemd[1]: Removed slice Slice /system/modprobe.
Oct 07 10:14:53 archlinux systemd[1]: Stopped target Graphical Interface.
Oct 07 10:14:53 archlinux systemd[1]: Stopped target Multi-User System.
Oct 07 10:14:53 archlinux systemd[1]: Stopped target Login Prompts.
Oct 07 10:14:53 archlinux systemd[1]: Stopped target Timer Units.
Oct 07 10:14:53 archlinux systemd[1]: archlinux-keyring-wkd-sync.timer: Deactivated successfully.
Oct 07 10:14:53 archlinux systemd[1]: Stopped Refresh existing PGP keys of archlinux-keyring regularly.
Oct 07 10:14:53 archlinux systemd[1]: shadow.timer: Deactivated successfully.
Oct 07 10:14:53 archlinux systemd[1]: Stopped Daily verification of password and group files.
Oct 07 10:14:53 archlinux systemd[1]: systemd-tmpfiles-clean.timer: Deactivated successfully.
Oct 07 10:14:53 archlinux systemd[1]: Stopped Daily Cleanup of Temporary Directories.
Oct 07 10:14:53 archlinux systemd[1]: systemd-coredump.socket: Deactivated successfully.
Oct 07 10:14:53 archlinux systemd[1]: Closed Process Core Dump Socket.
Oct 07 10:14:53 archlinux systemd[1]: Stopping Console Getty...
Oct 07 10:14:53 archlinux systemd[1]: Starting Generate shutdown-ramfs...
Oct 07 10:14:53 archlinux systemd[1]: Stopping Locale Service...
Oct 07 10:14:53 archlinux systemd[1]: Stopping User Login Management...
Oct 07 10:14:53 archlinux systemd[1]: systemd-udev-load-credentials.service: Deactivated successfully.
Oct 07 10:14:53 archlinux systemd[1]: Stopped Load udev Rules from Credentials.
Oct 07 10:14:53 archlinux systemd[1]: run-credentials-systemd\x2dudev\x2dload\x2dcredentials.service.mount: Deactivated successfully.
Oct 07 10:14:53 archlinux systemd[1]: systemd-localed.service: Deactivated successfully.
Oct 07 10:14:53 archlinux systemd[1]: Stopped Locale Service.
Oct 07 10:14:53 archlinux (initcpio)[77]: mkinitcpio-generate-shutdown-ramfs.service: PrivateNetwork=yes is configured, but the kernel does not support or we lack privileges for network namespace, proceeding without.
Oct 07 10:14:53 archlinux systemd[1]: console-getty.service: Deactivated successfully.
Oct 07 10:14:53 archlinux systemd[1]: Stopped Console Getty.
Oct 07 10:14:53 archlinux systemd[1]: run-credentials-console\x2dgetty.service.mount: Deactivated successfully.
Oct 07 10:14:53 archlinux systemd[1]: Stopping Permit User Sessions...
Oct 07 10:14:53 archlinux systemd[1]: systemd-user-sessions.service: Deactivated successfully.
Oct 07 10:14:53 archlinux systemd[1]: Stopped Permit User Sessions.
Oct 07 10:14:53 archlinux systemd[1]: Stopped target Remote File Systems.
Oct 07 10:14:53 archlinux systemd[1]: systemd-logind.service: Deactivated successfully.
Oct 07 10:14:53 archlinux systemd[1]: Stopped User Login Management.
Oct 07 10:14:53 archlinux systemd[1]: Stopped target Basic System.
Oct 07 10:14:53 archlinux systemd[1]: Stopped target Path Units.
Oct 07 10:14:53 archlinux systemd[1]: Stopped target Slice Units.
Oct 07 10:14:53 archlinux systemd[1]: Removed slice User and Session Slice.
Oct 07 10:14:53 archlinux systemd[1]: Stopped target Socket Units.
Oct 07 10:14:53 archlinux systemd[1]: dirmngr@etc-pacman.d-gnupg.socket: Deactivated successfully.
Oct 07 10:14:53 archlinux systemd[1]: Closed GnuPG network certificate management daemon for /etc/pacman.d/gnupg.
Oct 07 10:14:53 archlinux systemd[1]: Removed slice Slice /system/dirmngr.
Oct 07 10:14:53 archlinux systemd[1]: gpg-agent-browser@etc-pacman.d-gnupg.socket: Deactivated successfully.
Oct 07 10:14:53 archlinux systemd[1]: Closed GnuPG cryptographic agent and passphrase cache (access for web browsers) for /etc/pacman.d/gnupg.
Oct 07 10:14:53 archlinux systemd[1]: Removed slice Slice /system/gpg-agent-browser.
Oct 07 10:14:53 archlinux systemd[1]: gpg-agent-extra@etc-pacman.d-gnupg.socket: Deactivated successfully.
Oct 07 10:14:53 archlinux systemd[1]: Closed GnuPG cryptographic agent and passphrase cache (restricted) for /etc/pacman.d/gnupg.
Oct 07 10:14:53 archlinux systemd[1]: Removed slice Slice /system/gpg-agent-extra.
Oct 07 10:14:53 archlinux systemd[1]: gpg-agent-ssh@etc-pacman.d-gnupg.socket: Deactivated successfully.
Oct 07 10:14:53 archlinux systemd[1]: Closed GnuPG cryptographic agent (ssh-agent emulation) for /etc/pacman.d/gnupg.
Oct 07 10:14:53 archlinux systemd[1]: Removed slice Slice /system/gpg-agent-ssh.
Oct 07 10:14:53 archlinux systemd[1]: gpg-agent@etc-pacman.d-gnupg.socket: Deactivated successfully.
Oct 07 10:14:53 archlinux systemd[1]: Closed GnuPG cryptographic agent and passphrase cache for /etc/pacman.d/gnupg.
Oct 07 10:14:53 archlinux systemd[1]: Removed slice Slice /system/gpg-agent.
Oct 07 10:14:53 archlinux systemd[1]: keyboxd@etc-pacman.d-gnupg.socket: Deactivated successfully.
Oct 07 10:14:53 archlinux systemd[1]: Closed GnuPG public key management service for /etc/pacman.d/gnupg.
Oct 07 10:14:53 archlinux systemd[1]: Removed slice Slice /system/keyboxd.
Oct 07 10:14:53 archlinux systemd[1]: systemd-hostnamed.socket: Deactivated successfully.
Oct 07 10:14:53 archlinux systemd[1]: Closed Hostname Service Socket.
Oct 07 10:14:53 archlinux dbus-broker[61]: Dispatched 736 messages @ 4(±4)μs / message.
Oct 07 10:14:53 archlinux systemd[1]: Stopping D-Bus System Message Bus...
Oct 07 10:14:53 archlinux systemd[1]: dbus-broker.service: Deactivated successfully.
Oct 07 10:14:53 archlinux systemd[1]: Stopped D-Bus System Message Bus.
Oct 07 10:14:53 archlinux systemd[1]: dbus.socket: Deactivated successfully.
Oct 07 10:14:53 archlinux systemd[1]: Closed D-Bus System Message Bus Socket.
Oct 07 10:14:53 archlinux systemd[1]: Stopped target System Initialization.
Oct 07 10:14:53 archlinux systemd[1]: Stopped target Local Encrypted Volumes.
Oct 07 10:14:53 archlinux systemd[1]: systemd-ask-password-console.path: Deactivated successfully.
Oct 07 10:14:53 archlinux systemd[1]: Stopped Dispatch Password Requests to Console Directory Watch.
Oct 07 10:14:53 archlinux systemd[1]: systemd-ask-password-wall.path: Deactivated successfully.
Oct 07 10:14:53 archlinux systemd[1]: Stopped Forward Password Requests to Wall Directory Watch.
Oct 07 10:14:53 archlinux systemd[1]: Stopped target Local Integrity Protected Volumes.
Oct 07 10:14:53 archlinux systemd[1]: Stopped target Local Verity Protected Volumes.
Oct 07 10:14:53 archlinux systemd[1]: systemd-update-done.service: Deactivated successfully.
Oct 07 10:14:53 archlinux systemd[1]: Stopped Update is Completed.
Oct 07 10:14:53 archlinux systemd[1]: ldconfig.service: Deactivated successfully.
Oct 07 10:14:53 archlinux systemd[1]: Stopped Rebuild Dynamic Linker Cache.
Oct 07 10:14:53 archlinux systemd[1]: systemd-journal-catalog-update.service: Deactivated successfully.
Oct 07 10:14:53 archlinux systemd[1]: Stopped Rebuild Journal Catalog.
Oct 07 10:14:53 archlinux systemd[1]: Stopping Record System Boot/Shutdown in UTMP...
Oct 07 10:14:53 archlinux mkinitcpio[77]: ==> Starting build: 'none'
Oct 07 10:14:53 archlinux mkinitcpio[77]:   -> Running build hook: [sd-shutdown]
Oct 07 10:14:53 archlinux systemd[1]: systemd-update-utmp.service: Deactivated successfully.
Oct 07 10:14:53 archlinux systemd[1]: Stopped Record System Boot/Shutdown in UTMP.
Oct 07 10:14:53 archlinux systemd[1]: systemd-tmpfiles-setup.service: Deactivated successfully.
Oct 07 10:14:53 archlinux systemd[1]: Stopped Create System Files and Directories.
Oct 07 10:14:53 archlinux systemd[1]: Stopped target Local File Systems.
Oct 07 10:14:53 archlinux systemd[1]: Unmounting /.snapshots...
Oct 07 10:14:53 archlinux systemd[1]: Unmounting /boot...
Oct 07 10:14:53 archlinux systemd[1]: Unmounting /home...
Oct 07 10:14:53 archlinux systemd[1]: Unmounting Temporary Directory /tmp...
Oct 07 10:14:53 archlinux systemd[1]: Unmounting /var/cache/pacman/pkg...
Oct 07 10:14:53 archlinux systemd[1]: Unmounting var-log.mount...
Oct 07 10:14:53 archlinux systemd[1]: run-credentials-systemd\x2dtmpfiles\x2dsetup.service.mount: Deactivated successfully.
Oct 07 10:14:53 archlinux systemd[1]: \x2esnapshots.mount: Deactivated successfully.
Oct 07 10:14:53 archlinux systemd[1]: Unmounted /.snapshots.
Oct 07 10:14:53 archlinux systemd[1]: home.mount: Deactivated successfully.
Oct 07 10:14:53 archlinux systemd[1]: Unmounted /home.
Oct 07 10:14:53 archlinux systemd[1]: boot.mount: Deactivated successfully.
Oct 07 10:14:53 archlinux umount[160]: umount: /var/log: target is busy.
Oct 07 10:14:53 archlinux systemd[1]: Unmounted /boot.
Oct 07 10:14:53 archlinux systemd[1]: tmp.mount: Deactivated successfully.
Oct 07 10:14:53 archlinux systemd[1]: Unmounted Temporary Directory /tmp.
Oct 07 10:14:53 archlinux systemd[1]: var-log.mount: Mount process exited, code=exited, status=32/n/a
Oct 07 10:14:53 archlinux systemd[1]: Failed unmounting var-log.mount.
Oct 07 10:14:53 archlinux systemd[1]: var-cache-pacman-pkg.mount: Deactivated successfully.
Oct 07 10:14:53 archlinux systemd[1]: Unmounted /var/cache/pacman/pkg.
Oct 07 10:14:53 archlinux systemd[1]: Stopped target Preparation for Local File Systems.
Oct 07 10:14:53 archlinux systemd[1]: Stopped target Swaps.
Oct 07 10:14:53 archlinux systemd[1]: Reached target Unmount All Filesystems.
Oct 07 10:14:53 archlinux systemd[1]: systemd-tmpfiles-setup-dev.service: Deactivated successfully.
Oct 07 10:14:53 archlinux systemd[1]: Stopped Create Static Device Nodes in /dev.
Oct 07 10:14:53 archlinux systemd[1]: systemd-sysusers.service: Deactivated successfully.
Oct 07 10:14:53 archlinux systemd[1]: Stopped Create System Users.
Oct 07 10:14:53 archlinux systemd[1]: systemd-remount-fs.service: Deactivated successfully.
Oct 07 10:14:53 archlinux systemd[1]: Stopped Remount Root and Kernel File Systems.
Oct 07 10:14:53 archlinux systemd[1]: systemd-tmpfiles-setup-dev-early.service: Deactivated successfully.
Oct 07 10:14:53 archlinux systemd[1]: Stopped Create Static Device Nodes in /dev gracefully.
Oct 07 10:14:53 archlinux mkinitcpio[77]: ==> Build complete.
Oct 07 10:14:53 archlinux systemd[1]: mkinitcpio-generate-shutdown-ramfs.service: Deactivated successfully.
Oct 07 10:14:53 archlinux systemd[1]: Finished Generate shutdown-ramfs.
Oct 07 10:14:53 archlinux systemd[1]: Reached target System Shutdown.
Oct 07 10:14:53 archlinux systemd[1]: Reached target Late Shutdown Services.
Oct 07 10:14:53 archlinux systemd[1]: systemd-poweroff.service: Deactivated successfully.
Oct 07 10:14:53 archlinux systemd[1]: Finished System Power Off.
Oct 07 10:14:53 archlinux systemd[1]: Reached target System Power Off.
Oct 07 10:14:53 archlinux systemd[1]: Shutting down.
Oct 07 10:14:53 archlinux systemd-journald[21]: Journal stopped
-- Boot 71cdf45c677040ccace2544ba88a3234 --
Oct 07 10:18:49 archlinux kernel: Linux version 6.11.2-arch1-1 (linux@archlinux) (gcc (GCC) 14.2.1 20240910, GNU ld (GNU Binutils) 2.43.0) #1 SMP PREEMPT_DYNAMIC Fri, 04 Oct 2024 21:51:11 +0000
Oct 07 10:18:49 archlinux kernel: Command line: initrd=\initramfs-linux.img root=PARTUUID=5ed156b4-e169-42eb-9c4a-16156a2e7e8f zswap.enabled=0 rootflags=subvol=@ rw rootfstype=btrfs
Oct 07 10:18:49 archlinux kernel: BIOS-provided physical RAM map:
Oct 07 10:18:49 archlinux kernel: BIOS-e820: [mem 0x0000000000000000-0x000000000009ffff] usable
Oct 07 10:18:49 archlinux kernel: BIOS-e820: [mem 0x00000000000a0000-0x00000000000fffff] reserved
Oct 07 10:18:49 archlinux kernel: BIOS-e820: [mem 0x0000000000100000-0x0000000009cfffff] usable
Oct 07 10:18:49 archlinux kernel: BIOS-e820: [mem 0x0000000009d00000-0x0000000009ffffff] reserved
Oct 07 10:18:49 archlinux kernel: BIOS-e820: [mem 0x000000000a000000-0x000000000a1fffff] usable
Oct 07 10:18:49 archlinux kernel: BIOS-e820: [mem 0x000000000a200000-0x000000000a20afff] ACPI NVS
Oct 07 10:18:49 archlinux kernel: BIOS-e820: [mem 0x000000000a20b000-0x000000000affffff] usable
Oct 07 10:18:49 archlinux kernel: BIOS-e820: [mem 0x000000000b000000-0x000000000b01ffff] reserved
Oct 07 10:18:49 archlinux kernel: BIOS-e820: [mem 0x000000000b020000-0x00000000da746fff] usable
Oct 07 10:18:49 archlinux kernel: BIOS-e820: [mem 0x00000000da747000-0x00000000dbc38fff] reserved
Oct 07 10:18:49 archlinux kernel: BIOS-e820: [mem 0x00000000dbc39000-0x00000000dbcb5fff] ACPI data
Oct 07 10:18:49 archlinux kernel: BIOS-e820: [mem 0x00000000dbcb6000-0x00000000dc1cefff] ACPI NVS
Oct 07 10:18:49 archlinux kernel: BIOS-e820: [mem 0x00000000dc1cf000-0x00000000dcd02fff] reserved
Oct 07 10:18:49 archlinux kernel: BIOS-e820: [mem 0x00000000dcd03000-0x00000000deffffff] usable
Oct 07 10:18:49 archlinux kernel: BIOS-e820: [mem 0x00000000df000000-0x00000000dfffffff] reserved
Oct 07 10:18:49 archlinux kernel: BIOS-e820: [mem 0x00000000f8000000-0x00000000fbffffff] reserved
Oct 07 10:18:49 archlinux kernel: BIOS-e820: [mem 0x00000000fd000000-0x00000000ffffffff] reserved
Oct 07 10:18:49 archlinux kernel: BIOS-e820: [mem 0x0000000100000000-0x000000041f37ffff] usable
Oct 07 10:18:49 archlinux kernel: NX (Execute Disable) protection: active
Oct 07 10:18:49 archlinux kernel: APIC: Static calls initialized
Oct 07 10:18:49 archlinux kernel: e820: update [mem 0xd7746018-0xd7763057] usable ==> usable
Oct 07 10:18:49 archlinux kernel: extended physical RAM map:
Oct 07 10:18:49 archlinux kernel: reserve setup_data: [mem 0x0000000000000000-0x000000000009ffff] usable
Oct 07 10:18:49 archlinux kernel: reserve setup_data: [mem 0x00000000000a0000-0x00000000000fffff] reserved
Oct 07 10:18:49 archlinux kernel: reserve setup_data: [mem 0x0000000000100000-0x0000000009cfffff] usable
Oct 07 10:18:49 archlinux kernel: reserve setup_data: [mem 0x0000000009d00000-0x0000000009ffffff] reserved
Oct 07 10:18:49 archlinux kernel: reserve setup_data: [mem 0x000000000a000000-0x000000000a1fffff] usable
Oct 07 10:18:49 archlinux kernel: reserve setup_data: [mem 0x000000000a200000-0x000000000a20afff] ACPI NVS
Oct 07 10:18:49 archlinux kernel: reserve setup_data: [mem 0x000000000a20b000-0x000000000affffff] usable
Oct 07 10:18:49 archlinux kernel: reserve setup_data: [mem 0x000000000b000000-0x000000000b01ffff] reserved
Oct 07 10:18:49 archlinux kernel: reserve setup_data: [mem 0x000000000b020000-0x00000000d7746017] usable
Oct 07 10:18:49 archlinux kernel: reserve setup_data: [mem 0x00000000d7746018-0x00000000d7763057] usable
Oct 07 10:18:49 archlinux kernel: reserve setup_data: [mem 0x00000000d7763058-0x00000000da746fff] usable
Oct 07 10:18:49 archlinux kernel: reserve setup_data: [mem 0x00000000da747000-0x00000000dbc38fff] reserved
Oct 07 10:18:49 archlinux kernel: reserve setup_data: [mem 0x00000000dbc39000-0x00000000dbcb5fff] ACPI data
Oct 07 10:18:49 archlinux kernel: reserve setup_data: [mem 0x00000000dbcb6000-0x00000000dc1cefff] ACPI NVS
Oct 07 10:18:49 archlinux kernel: reserve setup_data: [mem 0x00000000dc1cf000-0x00000000dcd02fff] reserved
Oct 07 10:18:49 archlinux kernel: reserve setup_data: [mem 0x00000000dcd03000-0x00000000deffffff] usable
Oct 07 10:18:49 archlinux kernel: reserve setup_data: [mem 0x00000000df000000-0x00000000dfffffff] reserved
Oct 07 10:18:49 archlinux kernel: reserve setup_data: [mem 0x00000000f8000000-0x00000000fbffffff] reserved
Oct 07 10:18:49 archlinux kernel: reserve setup_data: [mem 0x00000000fd000000-0x00000000ffffffff] reserved
Oct 07 10:18:49 archlinux kernel: reserve setup_data: [mem 0x0000000100000000-0x000000041f37ffff] usable
Oct 07 10:18:49 archlinux kernel: efi: EFI v2.7 by American Megatrends
Oct 07 10:18:49 archlinux kernel: efi: ACPI 2.0=0xdc14a000 ACPI=0xdc14a000 SMBIOS=0xdcb37000 SMBIOS 3.0=0xdcb36000 MEMATTR=0xd91cf018 ESRT=0xd9254f98 RNG=0xdbcb5f18 INITRD=0xd9251b18 
Oct 07 10:18:49 archlinux kernel: random: crng init done
Oct 07 10:18:49 archlinux kernel: efi: Remove mem282: MMIO range=[0xf8000000-0xfbffffff] (64MB) from e820 map
Oct 07 10:18:49 archlinux kernel: e820: remove [mem 0xf8000000-0xfbffffff] reserved
Oct 07 10:18:49 archlinux kernel: efi: Remove mem283: MMIO range=[0xfd000000-0xffffffff] (48MB) from e820 map
Oct 07 10:18:49 archlinux kernel: e820: remove [mem 0xfd000000-0xffffffff] reserved
Oct 07 10:18:49 archlinux kernel: SMBIOS 3.2.1 present.
Oct 07 10:18:49 archlinux kernel: DMI: To Be Filled By O.E.M. To Be Filled By O.E.M./A320M-DVS R4.0, BIOS P2.20 06/26/2019
Oct 07 10:18:49 archlinux kernel: DMI: Memory slots populated: 2/2
Oct 07 10:18:49 archlinux kernel: tsc: Fast TSC calibration failed
Oct 07 10:18:49 archlinux kernel: e820: update [mem 0x00000000-0x00000fff] usable ==> reserved
Oct 07 10:18:49 archlinux kernel: e820: remove [mem 0x000a0000-0x000fffff] usable
Oct 07 10:18:49 archlinux kernel: last_pfn = 0x41f380 max_arch_pfn = 0x400000000
Oct 07 10:18:49 archlinux kernel: MTRR map: 6 entries (4 fixed + 2 variable; max 21), built from 9 variable MTRRs
Oct 07 10:18:49 archlinux kernel: x86/PAT: Configuration [0-7]: WB  WC  UC- UC  WB  WP  UC- WT  
Oct 07 10:18:49 archlinux kernel: e820: update [mem 0xe0000000-0xffffffff] usable ==> reserved
Oct 07 10:18:49 archlinux kernel: last_pfn = 0xdf000 max_arch_pfn = 0x400000000
Oct 07 10:18:49 archlinux kernel: esrt: Reserving ESRT space from 0x00000000d9254f98 to 0x00000000d9254fd0.
Oct 07 10:18:49 archlinux kernel: e820: update [mem 0xd9254000-0xd9254fff] usable ==> reserved
Oct 07 10:18:49 archlinux kernel: Using GB pages for direct mapping
Oct 07 10:18:49 archlinux kernel: Secure boot disabled
Oct 07 10:18:49 archlinux kernel: RAMDISK: [mem 0xcf3c6000-0xd168afff]
Oct 07 10:18:49 archlinux kernel: ACPI: Early table checksum verification disabled
Oct 07 10:18:49 archlinux kernel: ACPI: RSDP 0x00000000DC14A000 000024 (v02 ALASKA)
Oct 07 10:18:49 archlinux kernel: ACPI: XSDT 0x00000000DC14A0A8 0000CC (v01 ALASKA A M I    01072009 AMI  00010013)
Oct 07 10:18:49 archlinux kernel: ACPI: FACP 0x00000000DC150A30 000114 (v06 ALASKA A M I    01072009 AMI  00010013)
Oct 07 10:18:49 archlinux kernel: ACPI: DSDT 0x00000000DC14A208 006825 (v02 ALASKA A M I    01072009 INTL 20120913)
Oct 07 10:18:49 archlinux kernel: ACPI: FACS 0x00000000DC1B6E00 000040
Oct 07 10:18:49 archlinux kernel: ACPI: APIC 0x00000000DC150B48 00015E (v03 ALASKA A M I    01072009 AMI  00010013)
Oct 07 10:18:49 archlinux kernel: ACPI: FPDT 0x00000000DC150CA8 000044 (v01 ALASKA A M I    01072009 AMI  00010013)
Oct 07 10:18:49 archlinux kernel: ACPI: FIDT 0x00000000DC150CF0 00009C (v01 ALASKA A M I    01072009 AMI  00010013)
Oct 07 10:18:49 archlinux kernel: ACPI: SSDT 0x00000000DC150D90 0000C8 (v02 ALASKA CPUSSDT  01072009 AMI  01072009)
Oct 07 10:18:49 archlinux kernel: ACPI: SSDT 0x00000000DC150E58 008C98 (v02 AMD    AMD ALIB 00000002 MSFT 04000000)
Oct 07 10:18:49 archlinux kernel: ACPI: SSDT 0x00000000DC159AF0 00307E (v01 AMD    AMD AOD  00000001 INTL 20120913)
Oct 07 10:18:49 archlinux kernel: ACPI: MCFG 0x00000000DC15CB70 00003C (v01 ALASKA A M I    01072009 MSFT 00010013)
Oct 07 10:18:49 archlinux kernel: ACPI: AAFT 0x00000000DC15CBB0 0003EA (v01 ALASKA OEMAAFT  01072009 MSFT 00000097)
Oct 07 10:18:49 archlinux kernel: ACPI: HPET 0x00000000DC15CFA0 000038 (v01 ALASKA A M I    01072009 AMI  00000005)
Oct 07 10:18:49 archlinux kernel: ACPI: SSDT 0x00000000DC15CFD8 000024 (v01 AMDFCH FCHZP    00001000 INTL 20120913)
Oct 07 10:18:49 archlinux kernel: ACPI: UEFI 0x00000000DC15D000 000042 (v01 ALASKA A M I    00000002      01000013)
Oct 07 10:18:49 archlinux kernel: ACPI: VFCT 0x00000000DC15D048 00EA84 (v01 ALASKA A M I    00000001 AMD  31504F47)
Oct 07 10:18:49 archlinux kernel: ACPI: IVRS 0x00000000DC16BAD0 0000D0 (v02 AMD    AMD IVRS 00000001 AMD  00000000)
Oct 07 10:18:49 archlinux kernel: ACPI: SSDT 0x00000000DC16BBA0 001A58 (v01 AMD    AMD CPU  00000001 AMD  00000001)
Oct 07 10:18:49 archlinux kernel: ACPI: CRAT 0x00000000DC16D5F8 000BD0 (v01 AMD    AMD CRAT 00000001 AMD  00000001)
Oct 07 10:18:49 archlinux kernel: ACPI: CDIT 0x00000000DC16E1C8 000029 (v01 AMD    AMD CDIT 00000001 AMD  00000001)
Oct 07 10:18:49 archlinux kernel: ACPI: BGRT 0x00000000DC16E1F8 000038 (v01 ALASKA A M I    01072009 AMI  00010013)
Oct 07 10:18:49 archlinux kernel: ACPI: SSDT 0x00000000DC16E230 001D4A (v01 AMD    AmdTable 00000001 INTL 20120913)
Oct 07 10:18:49 archlinux kernel: ACPI: SSDT 0x00000000DC16FF80 0000BF (v01 AMD    AMD PT   00001000 INTL 20120913)
Oct 07 10:18:49 archlinux kernel: ACPI: WSMT 0x00000000DC170040 000028 (v01 ALASKA A M I    01072009 AMI  00010013)
Oct 07 10:18:49 archlinux kernel: ACPI: Reserving FACP table memory at [mem 0xdc150a30-0xdc150b43]
Oct 07 10:18:49 archlinux kernel: ACPI: Reserving DSDT table memory at [mem 0xdc14a208-0xdc150a2c]
Oct 07 10:18:49 archlinux kernel: ACPI: Reserving FACS table memory at [mem 0xdc1b6e00-0xdc1b6e3f]
Oct 07 10:18:49 archlinux kernel: ACPI: Reserving APIC table memory at [mem 0xdc150b48-0xdc150ca5]
Oct 07 10:18:49 archlinux kernel: ACPI: Reserving FPDT table memory at [mem 0xdc150ca8-0xdc150ceb]
Oct 07 10:18:49 archlinux kernel: ACPI: Reserving FIDT table memory at [mem 0xdc150cf0-0xdc150d8b]
Oct 07 10:18:49 archlinux kernel: ACPI: Reserving SSDT table memory at [mem 0xdc150d90-0xdc150e57]
Oct 07 10:18:49 archlinux kernel: ACPI: Reserving SSDT table memory at [mem 0xdc150e58-0xdc159aef]
Oct 07 10:18:49 archlinux kernel: ACPI: Reserving SSDT table memory at [mem 0xdc159af0-0xdc15cb6d]
Oct 07 10:18:49 archlinux kernel: ACPI: Reserving MCFG table memory at [mem 0xdc15cb70-0xdc15cbab]
Oct 07 10:18:49 archlinux kernel: ACPI: Reserving AAFT table memory at [mem 0xdc15cbb0-0xdc15cf99]
Oct 07 10:18:49 archlinux kernel: ACPI: Reserving HPET table memory at [mem 0xdc15cfa0-0xdc15cfd7]
Oct 07 10:18:49 archlinux kernel: ACPI: Reserving SSDT table memory at [mem 0xdc15cfd8-0xdc15cffb]
Oct 07 10:18:49 archlinux kernel: ACPI: Reserving UEFI table memory at [mem 0xdc15d000-0xdc15d041]
Oct 07 10:18:49 archlinux kernel: ACPI: Reserving VFCT table memory at [mem 0xdc15d048-0xdc16bacb]
Oct 07 10:18:49 archlinux kernel: ACPI: Reserving IVRS table memory at [mem 0xdc16bad0-0xdc16bb9f]
Oct 07 10:18:49 archlinux kernel: ACPI: Reserving SSDT table memory at [mem 0xdc16bba0-0xdc16d5f7]
Oct 07 10:18:49 archlinux kernel: ACPI: Reserving CRAT table memory at [mem 0xdc16d5f8-0xdc16e1c7]
Oct 07 10:18:49 archlinux kernel: ACPI: Reserving CDIT table memory at [mem 0xdc16e1c8-0xdc16e1f0]
Oct 07 10:18:49 archlinux kernel: ACPI: Reserving BGRT table memory at [mem 0xdc16e1f8-0xdc16e22f]
Oct 07 10:18:49 archlinux kernel: ACPI: Reserving SSDT table memory at [mem 0xdc16e230-0xdc16ff79]
Oct 07 10:18:49 archlinux kernel: ACPI: Reserving SSDT table memory at [mem 0xdc16ff80-0xdc17003e]
Oct 07 10:18:49 archlinux kernel: ACPI: Reserving WSMT table memory at [mem 0xdc170040-0xdc170067]
Oct 07 10:18:49 archlinux kernel: No NUMA configuration found
Oct 07 10:18:49 archlinux kernel: Faking a node at [mem 0x0000000000000000-0x000000041f37ffff]
Oct 07 10:18:49 archlinux kernel: NODE_DATA(0) allocated [mem 0x41f37b000-0x41f37ffff]
Oct 07 10:18:49 archlinux kernel: Zone ranges:
Oct 07 10:18:49 archlinux kernel:   DMA      [mem 0x0000000000001000-0x0000000000ffffff]
Oct 07 10:18:49 archlinux kernel:   DMA32    [mem 0x0000000001000000-0x00000000ffffffff]
Oct 07 10:18:49 archlinux kernel:   Normal   [mem 0x0000000100000000-0x000000041f37ffff]
Oct 07 10:18:49 archlinux kernel:   Device   empty
Oct 07 10:18:49 archlinux kernel: Movable zone start for each node
Oct 07 10:18:49 archlinux kernel: Early memory node ranges
Oct 07 10:18:49 archlinux kernel:   node   0: [mem 0x0000000000001000-0x000000000009ffff]
Oct 07 10:18:49 archlinux kernel:   node   0: [mem 0x0000000000100000-0x0000000009cfffff]
Oct 07 10:18:49 archlinux kernel:   node   0: [mem 0x000000000a000000-0x000000000a1fffff]
Oct 07 10:18:49 archlinux kernel:   node   0: [mem 0x000000000a20b000-0x000000000affffff]
Oct 07 10:18:49 archlinux kernel:   node   0: [mem 0x000000000b020000-0x00000000da746fff]
Oct 07 10:18:49 archlinux kernel:   node   0: [mem 0x00000000dcd03000-0x00000000deffffff]
Oct 07 10:18:49 archlinux kernel:   node   0: [mem 0x0000000100000000-0x000000041f37ffff]
Oct 07 10:18:49 archlinux kernel: Initmem setup node 0 [mem 0x0000000000001000-0x000000041f37ffff]
Oct 07 10:18:49 archlinux kernel: On node 0, zone DMA: 1 pages in unavailable ranges
Oct 07 10:18:49 archlinux kernel: On node 0, zone DMA: 96 pages in unavailable ranges
Oct 07 10:18:49 archlinux kernel: On node 0, zone DMA32: 768 pages in unavailable ranges
Oct 07 10:18:49 archlinux kernel: On node 0, zone DMA32: 11 pages in unavailable ranges
Oct 07 10:18:49 archlinux kernel: On node 0, zone DMA32: 32 pages in unavailable ranges
Oct 07 10:18:49 archlinux kernel: On node 0, zone DMA32: 9660 pages in unavailable ranges
Oct 07 10:18:49 archlinux kernel: On node 0, zone Normal: 4096 pages in unavailable ranges
Oct 07 10:18:49 archlinux kernel: On node 0, zone Normal: 3200 pages in unavailable ranges
Oct 07 10:18:49 archlinux kernel: ACPI: PM-Timer IO Port: 0x808
Oct 07 10:18:49 archlinux kernel: CPU topo: Ignoring hot-pluggable APIC ID 0 in present package.
Oct 07 10:18:49 archlinux kernel: ACPI: LAPIC_NMI (acpi_id[0xff] high edge lint[0x1])
Oct 07 10:18:49 archlinux kernel: IOAPIC[0]: apic_id 13, version 33, address 0xfec00000, GSI 0-23
Oct 07 10:18:49 archlinux kernel: IOAPIC[1]: apic_id 14, version 33, address 0xfec01000, GSI 24-55
Oct 07 10:18:49 archlinux kernel: ACPI: INT_SRC_OVR (bus 0 bus_irq 0 global_irq 2 dfl dfl)
Oct 07 10:18:49 archlinux kernel: ACPI: INT_SRC_OVR (bus 0 bus_irq 9 global_irq 9 low level)
Oct 07 10:18:49 archlinux kernel: ACPI: Using ACPI (MADT) for SMP configuration information
Oct 07 10:18:49 archlinux kernel: ACPI: HPET id: 0x10228201 base: 0xfed00000
Oct 07 10:18:49 archlinux kernel: e820: update [mem 0xd776d000-0xd77adfff] usable ==> reserved
Oct 07 10:18:49 archlinux kernel: CPU topo: Max. logical packages:   1
Oct 07 10:18:49 archlinux kernel: CPU topo: Max. logical dies:       1
Oct 07 10:18:49 archlinux kernel: CPU topo: Max. dies per package:   1
Oct 07 10:18:49 archlinux kernel: CPU topo: Max. threads per core:   2
Oct 07 10:18:49 archlinux kernel: CPU topo: Num. cores per package:     6
Oct 07 10:18:49 archlinux kernel: CPU topo: Num. threads per package:  12
Oct 07 10:18:49 archlinux kernel: CPU topo: Allowing 12 present CPUs plus 0 hotplug CPUs
Oct 07 10:18:49 archlinux kernel: CPU topo: Rejected CPUs 20
Oct 07 10:18:49 archlinux kernel: PM: hibernation: Registered nosave memory: [mem 0x00000000-0x00000fff]
Oct 07 10:18:49 archlinux kernel: PM: hibernation: Registered nosave memory: [mem 0x000a0000-0x000fffff]
Oct 07 10:18:49 archlinux kernel: PM: hibernation: Registered nosave memory: [mem 0x09d00000-0x09ffffff]
Oct 07 10:18:49 archlinux kernel: PM: hibernation: Registered nosave memory: [mem 0x0a200000-0x0a20afff]
Oct 07 10:18:49 archlinux kernel: PM: hibernation: Registered nosave memory: [mem 0x0b000000-0x0b01ffff]
Oct 07 10:18:49 archlinux kernel: PM: hibernation: Registered nosave memory: [mem 0xd7746000-0xd7746fff]
Oct 07 10:18:49 archlinux kernel: PM: hibernation: Registered nosave memory: [mem 0xd7763000-0xd7763fff]
Oct 07 10:18:49 archlinux kernel: PM: hibernation: Registered nosave memory: [mem 0xd776d000-0xd77adfff]
Oct 07 10:18:49 archlinux kernel: PM: hibernation: Registered nosave memory: [mem 0xd9254000-0xd9254fff]
Oct 07 10:18:49 archlinux kernel: PM: hibernation: Registered nosave memory: [mem 0xda747000-0xdbc38fff]
Oct 07 10:18:49 archlinux kernel: PM: hibernation: Registered nosave memory: [mem 0xdbc39000-0xdbcb5fff]
Oct 07 10:18:49 archlinux kernel: PM: hibernation: Registered nosave memory: [mem 0xdbcb6000-0xdc1cefff]
Oct 07 10:18:49 archlinux kernel: PM: hibernation: Registered nosave memory: [mem 0xdc1cf000-0xdcd02fff]
Oct 07 10:18:49 archlinux kernel: PM: hibernation: Registered nosave memory: [mem 0xdf000000-0xdfffffff]
Oct 07 10:18:49 archlinux kernel: PM: hibernation: Registered nosave memory: [mem 0xe0000000-0xffffffff]
Oct 07 10:18:49 archlinux kernel: [mem 0xe0000000-0xffffffff] available for PCI devices
Oct 07 10:18:49 archlinux kernel: Booting paravirtualized kernel on bare hardware
Oct 07 10:18:49 archlinux kernel: clocksource: refined-jiffies: mask: 0xffffffff max_cycles: 0xffffffff, max_idle_ns: 6370452778343963 ns
Oct 07 10:18:49 archlinux kernel: setup_percpu: NR_CPUS:320 nr_cpumask_bits:12 nr_cpu_ids:12 nr_node_ids:1
Oct 07 10:18:49 archlinux kernel: percpu: Embedded 66 pages/cpu s233472 r8192 d28672 u524288
Oct 07 10:18:49 archlinux kernel: pcpu-alloc: s233472 r8192 d28672 u524288 alloc=1*2097152
Oct 07 10:18:49 archlinux kernel: pcpu-alloc: [0] 00 01 02 03 [0] 04 05 06 07 
Oct 07 10:18:49 archlinux kernel: pcpu-alloc: [0] 08 09 10 11 
Oct 07 10:18:49 archlinux kernel: Kernel command line: initrd=\initramfs-linux.img root=PARTUUID=5ed156b4-e169-42eb-9c4a-16156a2e7e8f zswap.enabled=0 rootflags=subvol=@ rw rootfstype=btrfs
Oct 07 10:18:49 archlinux kernel: Dentry cache hash table entries: 2097152 (order: 12, 16777216 bytes, linear)
Oct 07 10:18:49 archlinux kernel: Inode-cache hash table entries: 1048576 (order: 11, 8388608 bytes, linear)
Oct 07 10:18:49 archlinux kernel: Fallback order for Node 0: 0 
Oct 07 10:18:49 archlinux kernel: Built 1 zonelists, mobility grouping on.  Total pages: 4176440
Oct 07 10:18:49 archlinux kernel: Policy zone: Normal
Oct 07 10:18:49 archlinux kernel: mem auto-init: stack:all(zero), heap alloc:on, heap free:off
Oct 07 10:18:49 archlinux kernel: software IO TLB: area num 16.
Oct 07 10:18:49 archlinux kernel: SLUB: HWalign=64, Order=0-3, MinObjects=0, CPUs=12, Nodes=1
Oct 07 10:18:49 archlinux kernel: ftrace: allocating 50628 entries in 198 pages
Oct 07 10:18:49 archlinux kernel: ftrace: allocated 198 pages with 4 groups
Oct 07 10:18:49 archlinux kernel: Dynamic Preempt: full
Oct 07 10:18:49 archlinux kernel: rcu: Preemptible hierarchical RCU implementation.
Oct 07 10:18:49 archlinux kernel: rcu:         RCU restricting CPUs from NR_CPUS=320 to nr_cpu_ids=12.
Oct 07 10:18:49 archlinux kernel: rcu:         RCU priority boosting: priority 1 delay 500 ms.
Oct 07 10:18:49 archlinux kernel:         Trampoline variant of Tasks RCU enabled.
Oct 07 10:18:49 archlinux kernel:         Rude variant of Tasks RCU enabled.
Oct 07 10:18:49 archlinux kernel:         Tracing variant of Tasks RCU enabled.
Oct 07 10:18:49 archlinux kernel: rcu: RCU calculated value of scheduler-enlistment delay is 30 jiffies.
Oct 07 10:18:49 archlinux kernel: rcu: Adjusting geometry for rcu_fanout_leaf=16, nr_cpu_ids=12
Oct 07 10:18:49 archlinux kernel: RCU Tasks: Setting shift to 4 and lim to 1 rcu_task_cb_adjust=1.
Oct 07 10:18:49 archlinux kernel: RCU Tasks Rude: Setting shift to 4 and lim to 1 rcu_task_cb_adjust=1.
Oct 07 10:18:49 archlinux kernel: RCU Tasks Trace: Setting shift to 4 and lim to 1 rcu_task_cb_adjust=1.
Oct 07 10:18:49 archlinux kernel: NR_IRQS: 20736, nr_irqs: 1064, preallocated irqs: 16
Oct 07 10:18:49 archlinux kernel: rcu: srcu_init: Setting srcu_struct sizes based on contention.
Oct 07 10:18:49 archlinux kernel: kfence: initialized - using 2097152 bytes for 255 objects at 0x(____ptrval____)-0x(____ptrval____)
Oct 07 10:18:49 archlinux kernel: Console: colour dummy device 80x25
Oct 07 10:18:49 archlinux kernel: printk: legacy console [tty0] enabled
Oct 07 10:18:49 archlinux kernel: ACPI: Core revision 20240322
Oct 07 10:18:49 archlinux kernel: clocksource: hpet: mask: 0xffffffff max_cycles: 0xffffffff, max_idle_ns: 133484873504 ns
Oct 07 10:18:49 archlinux kernel: APIC: Switch to symmetric I/O mode setup
Oct 07 10:18:49 archlinux kernel: AMD-Vi: Using global IVHD EFR:0xf77ef22294ada, EFR2:0x0
Oct 07 10:18:49 archlinux kernel: ..TIMER: vector=0x30 apic1=0 pin1=2 apic2=-1 pin2=-1
Oct 07 10:18:49 archlinux kernel: tsc: PIT calibration matches HPET. 2 loops
Oct 07 10:18:49 archlinux kernel: tsc: Detected 3399.529 MHz processor
Oct 07 10:18:49 archlinux kernel: clocksource: tsc-early: mask: 0xffffffffffffffff max_cycles: 0x310091bd117, max_idle_ns: 440795290729 ns
Oct 07 10:18:49 archlinux kernel: Calibrating delay loop (skipped), value calculated using timer frequency.. 6801.35 BogoMIPS (lpj=11331763)
Oct 07 10:18:49 archlinux kernel: AMD Zen1 DIV0 bug detected. Disable SMT for full protection.
Oct 07 10:18:49 archlinux kernel: LVT offset 1 assigned for vector 0xf9
Oct 07 10:18:49 archlinux kernel: LVT offset 2 assigned for vector 0xf4
Oct 07 10:18:49 archlinux kernel: Last level iTLB entries: 4KB 1024, 2MB 1024, 4MB 512
Oct 07 10:18:49 archlinux kernel: Last level dTLB entries: 4KB 1536, 2MB 1536, 4MB 768, 1GB 0
Oct 07 10:18:49 archlinux kernel: process: using mwait in idle threads
Oct 07 10:18:49 archlinux kernel: Spectre V1 : Mitigation: usercopy/swapgs barriers and __user pointer sanitization
Oct 07 10:18:49 archlinux kernel: Spectre V2 : Mitigation: Retpolines
Oct 07 10:18:49 archlinux kernel: Spectre V2 : Spectre v2 / SpectreRSB mitigation: Filling RSB on context switch
Oct 07 10:18:49 archlinux kernel: Spectre V2 : Spectre v2 / SpectreRSB : Filling RSB on VMEXIT
Oct 07 10:18:49 archlinux kernel: Spectre V2 : Enabling Speculation Barrier for firmware calls
Oct 07 10:18:49 archlinux kernel: RETBleed: Mitigation: untrained return thunk
Oct 07 10:18:49 archlinux kernel: Spectre V2 : mitigation: Enabling conditional Indirect Branch Prediction Barrier
Oct 07 10:18:49 archlinux kernel: Speculative Store Bypass: Mitigation: Speculative Store Bypass disabled via prctl
Oct 07 10:18:49 archlinux kernel: Speculative Return Stack Overflow: Mitigation: Safe RET
Oct 07 10:18:49 archlinux kernel: x86/fpu: Supporting XSAVE feature 0x001: 'x87 floating point registers'
Oct 07 10:18:49 archlinux kernel: x86/fpu: Supporting XSAVE feature 0x002: 'SSE registers'
Oct 07 10:18:49 archlinux kernel: x86/fpu: Supporting XSAVE feature 0x004: 'AVX registers'
Oct 07 10:18:49 archlinux kernel: x86/fpu: xstate_offset[2]:  576, xstate_sizes[2]:  256
Oct 07 10:18:49 archlinux kernel: x86/fpu: Enabled xstate features 0x7, context size is 832 bytes, using 'compacted' format.
Oct 07 10:18:49 archlinux kernel: Freeing SMP alternatives memory: 40K
Oct 07 10:18:49 archlinux kernel: pid_max: default: 32768 minimum: 301
Oct 07 10:18:49 archlinux kernel: LSM: initializing lsm=capability,landlock,lockdown,yama,bpf
Oct 07 10:18:49 archlinux kernel: landlock: Up and running.
Oct 07 10:18:49 archlinux kernel: Yama: becoming mindful.
Oct 07 10:18:49 archlinux kernel: LSM support for eBPF active
Oct 07 10:18:49 archlinux kernel: Mount-cache hash table entries: 32768 (order: 6, 262144 bytes, linear)
Oct 07 10:18:49 archlinux kernel: Mountpoint-cache hash table entries: 32768 (order: 6, 262144 bytes, linear)
Oct 07 10:18:49 archlinux kernel: smpboot: CPU0: AMD Ryzen 5 2600 Six-Core Processor (family: 0x17, model: 0x8, stepping: 0x2)
Oct 07 10:18:49 archlinux kernel: Performance Events: Fam17h+ core perfctr, AMD PMU driver.
Oct 07 10:18:49 archlinux kernel: ... version:                0
Oct 07 10:18:49 archlinux kernel: ... bit width:              48
Oct 07 10:18:49 archlinux kernel: ... generic registers:      6
Oct 07 10:18:49 archlinux kernel: ... value mask:             0000ffffffffffff
Oct 07 10:18:49 archlinux kernel: ... max period:             00007fffffffffff
Oct 07 10:18:49 archlinux kernel: ... fixed-purpose events:   0
Oct 07 10:18:49 archlinux kernel: ... event mask:             000000000000003f
Oct 07 10:18:49 archlinux kernel: signal: max sigframe size: 1776
Oct 07 10:18:49 archlinux kernel: rcu: Hierarchical SRCU implementation.
Oct 07 10:18:49 archlinux kernel: rcu:         Max phase no-delay instances is 1000.
Oct 07 10:18:49 archlinux kernel: Timer migration: 2 hierarchy levels; 8 children per group; 2 crossnode level
Oct 07 10:18:49 archlinux kernel: MCE: In-kernel MCE decoding enabled.
Oct 07 10:18:49 archlinux kernel: NMI watchdog: Enabled. Permanently consumes one hw-PMU counter.
Oct 07 10:18:49 archlinux kernel: smp: Bringing up secondary CPUs ...
Oct 07 10:18:49 archlinux kernel: smpboot: x86: Booting SMP configuration:
Oct 07 10:18:49 archlinux kernel: .... node  #0, CPUs:        #1  #2  #3  #4  #5  #6  #7  #8  #9 #10 #11
Oct 07 10:18:49 archlinux kernel: smp: Brought up 1 node, 12 CPUs
Oct 07 10:18:49 archlinux kernel: smpboot: Total of 12 processors activated (81621.22 BogoMIPS)
Oct 07 10:18:49 archlinux kernel: Memory: 16245860K/16705760K available (18432K kernel code, 2187K rwdata, 13520K rodata, 3452K init, 3432K bss, 442464K reserved, 0K cma-reserved)
Oct 07 10:18:49 archlinux kernel: devtmpfs: initialized
Oct 07 10:18:49 archlinux kernel: x86/mm: Memory block size: 128MB
Oct 07 10:18:49 archlinux kernel: ACPI: PM: Registering ACPI NVS region [mem 0x0a200000-0x0a20afff] (45056 bytes)
Oct 07 10:18:49 archlinux kernel: ACPI: PM: Registering ACPI NVS region [mem 0xdbcb6000-0xdc1cefff] (5345280 bytes)
Oct 07 10:18:49 archlinux kernel: clocksource: jiffies: mask: 0xffffffff max_cycles: 0xffffffff, max_idle_ns: 6370867519511994 ns
Oct 07 10:18:49 archlinux kernel: futex hash table entries: 4096 (order: 6, 262144 bytes, linear)
Oct 07 10:18:49 archlinux kernel: pinctrl core: initialized pinctrl subsystem
Oct 07 10:18:49 archlinux kernel: PM: RTC time: 01:18:43, date: 2024-10-07
Oct 07 10:18:49 archlinux kernel: NET: Registered PF_NETLINK/PF_ROUTE protocol family
Oct 07 10:18:49 archlinux kernel: DMA: preallocated 2048 KiB GFP_KERNEL pool for atomic allocations
Oct 07 10:18:49 archlinux kernel: DMA: preallocated 2048 KiB GFP_KERNEL|GFP_DMA pool for atomic allocations
Oct 07 10:18:49 archlinux kernel: DMA: preallocated 2048 KiB GFP_KERNEL|GFP_DMA32 pool for atomic allocations
Oct 07 10:18:49 archlinux kernel: audit: initializing netlink subsys (disabled)
Oct 07 10:18:49 archlinux kernel: audit: type=2000 audit(1728263922.209:1): state=initialized audit_enabled=0 res=1
Oct 07 10:18:49 archlinux kernel: thermal_sys: Registered thermal governor 'fair_share'
Oct 07 10:18:49 archlinux kernel: thermal_sys: Registered thermal governor 'bang_bang'
Oct 07 10:18:49 archlinux kernel: thermal_sys: Registered thermal governor 'step_wise'
Oct 07 10:18:49 archlinux kernel: thermal_sys: Registered thermal governor 'user_space'
Oct 07 10:18:49 archlinux kernel: thermal_sys: Registered thermal governor 'power_allocator'
Oct 07 10:18:49 archlinux kernel: cpuidle: using governor ladder
Oct 07 10:18:49 archlinux kernel: cpuidle: using governor menu
Oct 07 10:18:49 archlinux kernel: acpiphp: ACPI Hot Plug PCI Controller Driver version: 0.5
Oct 07 10:18:49 archlinux kernel: PCI: ECAM [mem 0xf8000000-0xfbffffff] (base 0xf8000000) for domain 0000 [bus 00-3f]
Oct 07 10:18:49 archlinux kernel: PCI: Using configuration type 1 for base access
Oct 07 10:18:49 archlinux kernel: kprobes: kprobe jump-optimization is enabled. All kprobes are optimized if possible.
Oct 07 10:18:49 archlinux kernel: HugeTLB: registered 1.00 GiB page size, pre-allocated 0 pages
Oct 07 10:18:49 archlinux kernel: HugeTLB: 16380 KiB vmemmap can be freed for a 1.00 GiB page
Oct 07 10:18:49 archlinux kernel: HugeTLB: registered 2.00 MiB page size, pre-allocated 0 pages
Oct 07 10:18:49 archlinux kernel: HugeTLB: 28 KiB vmemmap can be freed for a 2.00 MiB page
Oct 07 10:18:49 archlinux kernel: ACPI: Added _OSI(Module Device)
Oct 07 10:18:49 archlinux kernel: ACPI: Added _OSI(Processor Device)
Oct 07 10:18:49 archlinux kernel: ACPI: Added _OSI(3.0 _SCP Extensions)
Oct 07 10:18:49 archlinux kernel: ACPI: Added _OSI(Processor Aggregator Device)
Oct 07 10:18:49 archlinux kernel: ACPI: 8 ACPI AML tables successfully acquired and loaded
Oct 07 10:18:49 archlinux kernel: ACPI: [Firmware Bug]: BIOS _OSI(Linux) query ignored
Oct 07 10:18:49 archlinux kernel: ACPI: Interpreter enabled
Oct 07 10:18:49 archlinux kernel: ACPI: PM: (supports S0 S3 S4 S5)
Oct 07 10:18:49 archlinux kernel: ACPI: Using IOAPIC for interrupt routing
Oct 07 10:18:49 archlinux kernel: PCI: Using host bridge windows from ACPI; if necessary, use "pci=nocrs" and report a bug
Oct 07 10:18:49 archlinux kernel: PCI: Using E820 reservations for host bridge windows
Oct 07 10:18:49 archlinux kernel: ACPI: Enabled 2 GPEs in block 00 to 1F
Oct 07 10:18:49 archlinux kernel: ACPI: PCI Root Bridge [PCI0] (domain 0000 [bus 00-ff])
Oct 07 10:18:49 archlinux kernel: acpi PNP0A08:00: _OSC: OS supports [ExtendedConfig ASPM ClockPM Segments MSI EDR HPX-Type3]
Oct 07 10:18:49 archlinux kernel: acpi PNP0A08:00: _OSC: platform does not support [SHPCHotplug LTR DPC]
Oct 07 10:18:49 archlinux kernel: acpi PNP0A08:00: _OSC: OS now controls [PCIeHotplug PME AER PCIeCapability]
Oct 07 10:18:49 archlinux kernel: acpi PNP0A08:00: [Firmware Info]: ECAM [mem 0xf8000000-0xfbffffff] for domain 0000 [bus 00-3f] only partially covers this bridge
Oct 07 10:18:49 archlinux kernel: PCI host bridge to bus 0000:00
Oct 07 10:18:49 archlinux kernel: pci_bus 0000:00: root bus resource [io  0x0000-0x03af window]
Oct 07 10:18:49 archlinux kernel: pci_bus 0000:00: root bus resource [io  0x03e0-0x0cf7 window]
Oct 07 10:18:49 archlinux kernel: pci_bus 0000:00: root bus resource [io  0x03b0-0x03df window]
Oct 07 10:18:49 archlinux kernel: pci_bus 0000:00: root bus resource [io  0x0d00-0xffff window]
Oct 07 10:18:49 archlinux kernel: pci_bus 0000:00: root bus resource [mem 0x000a0000-0x000dffff window]
Oct 07 10:18:49 archlinux kernel: pci_bus 0000:00: root bus resource [mem 0xe0000000-0xfec2ffff window]
Oct 07 10:18:49 archlinux kernel: pci_bus 0000:00: root bus resource [mem 0xfee00000-0xffffffff window]
Oct 07 10:18:49 archlinux kernel: pci_bus 0000:00: root bus resource [bus 00-ff]
Oct 07 10:18:49 archlinux kernel: pci 0000:00:00.0: [1022:1450] type 00 class 0x060000 conventional PCI endpoint
Oct 07 10:18:49 archlinux kernel: pci 0000:00:00.2: [1022:1451] type 00 class 0x080600 conventional PCI endpoint
Oct 07 10:18:49 archlinux kernel: pci 0000:00:01.0: [1022:1452] type 00 class 0x060000 conventional PCI endpoint
Oct 07 10:18:49 archlinux kernel: pci 0000:00:01.3: [1022:1453] type 01 class 0x060400 PCIe Root Port
Oct 07 10:18:49 archlinux kernel: pci 0000:00:01.3: PCI bridge to [bus 01-05]
Oct 07 10:18:49 archlinux kernel: pci 0000:00:01.3:   bridge window [io  0xf000-0xffff]
Oct 07 10:18:49 archlinux kernel: pci 0000:00:01.3:   bridge window [mem 0xfcc00000-0xfcdfffff]
Oct 07 10:18:49 archlinux kernel: pci 0000:00:01.3: enabling Extended Tags
Oct 07 10:18:49 archlinux kernel: pci 0000:00:01.3: PME# supported from D0 D3hot D3cold
Oct 07 10:18:49 archlinux kernel: pci 0000:00:02.0: [1022:1452] type 00 class 0x060000 conventional PCI endpoint
Oct 07 10:18:49 archlinux kernel: pci 0000:00:03.0: [1022:1452] type 00 class 0x060000 conventional PCI endpoint
Oct 07 10:18:49 archlinux kernel: pci 0000:00:03.1: [1022:1453] type 01 class 0x060400 PCIe Root Port
Oct 07 10:18:49 archlinux kernel: pci 0000:00:03.1: PCI bridge to [bus 06]
Oct 07 10:18:49 archlinux kernel: pci 0000:00:03.1:   bridge window [io  0xe000-0xefff]
Oct 07 10:18:49 archlinux kernel: pci 0000:00:03.1:   bridge window [mem 0xfcf00000-0xfcffffff]
Oct 07 10:18:49 archlinux kernel: pci 0000:00:03.1:   bridge window [mem 0xe0000000-0xf01fffff 64bit pref]
Oct 07 10:18:49 archlinux kernel: pci 0000:00:03.1: PME# supported from D0 D3hot D3cold
Oct 07 10:18:49 archlinux kernel: pci 0000:00:04.0: [1022:1452] type 00 class 0x060000 conventional PCI endpoint
Oct 07 10:18:49 archlinux kernel: pci 0000:00:07.0: [1022:1452] type 00 class 0x060000 conventional PCI endpoint
Oct 07 10:18:49 archlinux kernel: pci 0000:00:07.1: [1022:1454] type 01 class 0x060400 PCIe Root Port
Oct 07 10:18:49 archlinux kernel: pci 0000:00:07.1: PCI bridge to [bus 07]
Oct 07 10:18:49 archlinux kernel: pci 0000:00:07.1:   bridge window [mem 0xfc900000-0xfcbfffff]
Oct 07 10:18:49 archlinux kernel: pci 0000:00:07.1: enabling Extended Tags
Oct 07 10:18:49 archlinux kernel: pci 0000:00:07.1: PME# supported from D0 D3hot D3cold
Oct 07 10:18:49 archlinux kernel: pci 0000:00:08.0: [1022:1452] type 00 class 0x060000 conventional PCI endpoint
Oct 07 10:18:49 archlinux kernel: pci 0000:00:08.1: [1022:1454] type 01 class 0x060400 PCIe Root Port
Oct 07 10:18:49 archlinux kernel: pci 0000:00:08.1: PCI bridge to [bus 08]
Oct 07 10:18:49 archlinux kernel: pci 0000:00:08.1:   bridge window [mem 0xfce00000-0xfcefffff]
Oct 07 10:18:49 archlinux kernel: pci 0000:00:08.1: enabling Extended Tags
Oct 07 10:18:49 archlinux kernel: pci 0000:00:08.1: PME# supported from D0 D3hot D3cold
Oct 07 10:18:49 archlinux kernel: pci 0000:00:14.0: [1022:790b] type 00 class 0x0c0500 conventional PCI endpoint
Oct 07 10:18:49 archlinux kernel: pci 0000:00:14.3: [1022:790e] type 00 class 0x060100 conventional PCI endpoint
Oct 07 10:18:49 archlinux kernel: pci 0000:00:18.0: [1022:1460] type 00 class 0x060000 conventional PCI endpoint
Oct 07 10:18:49 archlinux kernel: pci 0000:00:18.1: [1022:1461] type 00 class 0x060000 conventional PCI endpoint
Oct 07 10:18:49 archlinux kernel: pci 0000:00:18.2: [1022:1462] type 00 class 0x060000 conventional PCI endpoint
Oct 07 10:18:49 archlinux kernel: pci 0000:00:18.3: [1022:1463] type 00 class 0x060000 conventional PCI endpoint
Oct 07 10:18:49 archlinux kernel: pci 0000:00:18.4: [1022:1464] type 00 class 0x060000 conventional PCI endpoint
Oct 07 10:18:49 archlinux kernel: pci 0000:00:18.5: [1022:1465] type 00 class 0x060000 conventional PCI endpoint
Oct 07 10:18:49 archlinux kernel: pci 0000:00:18.6: [1022:1466] type 00 class 0x060000 conventional PCI endpoint
Oct 07 10:18:49 archlinux kernel: pci 0000:00:18.7: [1022:1467] type 00 class 0x060000 conventional PCI endpoint
Oct 07 10:18:49 archlinux kernel: pci 0000:01:00.0: [1022:43bc] type 00 class 0x0c0330 PCIe Legacy Endpoint
Oct 07 10:18:49 archlinux kernel: pci 0000:01:00.0: BAR 0 [mem 0xfcda0000-0xfcda7fff 64bit]
Oct 07 10:18:49 archlinux kernel: pci 0000:01:00.0: enabling Extended Tags
Oct 07 10:18:49 archlinux kernel: pci 0000:01:00.0: PME# supported from D3hot D3cold
Oct 07 10:18:49 archlinux kernel: pci 0000:01:00.1: [1022:43b8] type 00 class 0x010601 PCIe Legacy Endpoint
Oct 07 10:18:49 archlinux kernel: pci 0000:01:00.1: BAR 5 [mem 0xfcd80000-0xfcd9ffff]
Oct 07 10:18:49 archlinux kernel: pci 0000:01:00.1: ROM [mem 0xfcd00000-0xfcd7ffff pref]
Oct 07 10:18:49 archlinux kernel: pci 0000:01:00.1: enabling Extended Tags
Oct 07 10:18:49 archlinux kernel: pci 0000:01:00.1: PME# supported from D3hot D3cold
Oct 07 10:18:49 archlinux kernel: pci 0000:01:00.2: [1022:43b3] type 01 class 0x060400 PCIe Switch Upstream Port
Oct 07 10:18:49 archlinux kernel: pci 0000:01:00.2: PCI bridge to [bus 02-05]
Oct 07 10:18:49 archlinux kernel: pci 0000:01:00.2:   bridge window [io  0xf000-0xffff]
Oct 07 10:18:49 archlinux kernel: pci 0000:01:00.2:   bridge window [mem 0xfcc00000-0xfccfffff]
Oct 07 10:18:49 archlinux kernel: pci 0000:01:00.2: enabling Extended Tags
Oct 07 10:18:49 archlinux kernel: pci 0000:01:00.2: PME# supported from D3hot D3cold
Oct 07 10:18:49 archlinux kernel: pci 0000:00:01.3: PCI bridge to [bus 01-05]
Oct 07 10:18:49 archlinux kernel: pci 0000:02:04.0: [1022:43b4] type 01 class 0x060400 PCIe Switch Downstream Port
Oct 07 10:18:49 archlinux kernel: pci 0000:02:04.0: PCI bridge to [bus 03]
Oct 07 10:18:49 archlinux kernel: pci 0000:02:04.0: enabling Extended Tags
Oct 07 10:18:49 archlinux kernel: pci 0000:02:04.0: PME# supported from D3hot D3cold
Oct 07 10:18:49 archlinux kernel: pci 0000:02:06.0: [1022:43b4] type 01 class 0x060400 PCIe Switch Downstream Port
Oct 07 10:18:49 archlinux kernel: pci 0000:02:06.0: PCI bridge to [bus 04]
Oct 07 10:18:49 archlinux kernel: pci 0000:02:06.0: enabling Extended Tags
Oct 07 10:18:49 archlinux kernel: pci 0000:02:06.0: PME# supported from D3hot D3cold
Oct 07 10:18:49 archlinux kernel: pci 0000:02:07.0: [1022:43b4] type 01 class 0x060400 PCIe Switch Downstream Port
Oct 07 10:18:49 archlinux kernel: pci 0000:02:07.0: PCI bridge to [bus 05]
Oct 07 10:18:49 archlinux kernel: pci 0000:02:07.0:   bridge window [io  0xf000-0xffff]
Oct 07 10:18:49 archlinux kernel: pci 0000:02:07.0:   bridge window [mem 0xfcc00000-0xfccfffff]
Oct 07 10:18:49 archlinux kernel: pci 0000:02:07.0: enabling Extended Tags
Oct 07 10:18:49 archlinux kernel: pci 0000:02:07.0: PME# supported from D3hot D3cold
Oct 07 10:18:49 archlinux kernel: pci 0000:01:00.2: PCI bridge to [bus 02-05]
Oct 07 10:18:49 archlinux kernel: pci 0000:02:04.0: PCI bridge to [bus 03]
Oct 07 10:18:49 archlinux kernel: pci 0000:02:06.0: PCI bridge to [bus 04]
Oct 07 10:18:49 archlinux kernel: pci 0000:05:00.0: [10ec:8168] type 00 class 0x020000 PCIe Endpoint
Oct 07 10:18:49 archlinux kernel: pci 0000:05:00.0: BAR 0 [io  0xf000-0xf0ff]
Oct 07 10:18:49 archlinux kernel: pci 0000:05:00.0: BAR 2 [mem 0xfcc04000-0xfcc04fff 64bit]
Oct 07 10:18:49 archlinux kernel: pci 0000:05:00.0: BAR 4 [mem 0xfcc00000-0xfcc03fff 64bit]
Oct 07 10:18:49 archlinux kernel: pci 0000:05:00.0: supports D1 D2
Oct 07 10:18:49 archlinux kernel: pci 0000:05:00.0: PME# supported from D0 D1 D2 D3hot D3cold
Oct 07 10:18:49 archlinux kernel: pci 0000:02:07.0: PCI bridge to [bus 05]
Oct 07 10:18:49 archlinux kernel: pci 0000:06:00.0: [1002:67df] type 00 class 0x030000 PCIe Legacy Endpoint
Oct 07 10:18:49 archlinux kernel: pci 0000:06:00.0: BAR 0 [mem 0xe0000000-0xefffffff 64bit pref]
Oct 07 10:18:49 archlinux kernel: pci 0000:06:00.0: BAR 2 [mem 0xf0000000-0xf01fffff 64bit pref]
Oct 07 10:18:49 archlinux kernel: pci 0000:06:00.0: BAR 4 [io  0xe000-0xe0ff]
Oct 07 10:18:49 archlinux kernel: pci 0000:06:00.0: BAR 5 [mem 0xfcf00000-0xfcf3ffff]
Oct 07 10:18:49 archlinux kernel: pci 0000:06:00.0: ROM [mem 0xfcf40000-0xfcf5ffff pref]
Oct 07 10:18:49 archlinux kernel: pci 0000:06:00.0: supports D1 D2
Oct 07 10:18:49 archlinux kernel: pci 0000:06:00.0: PME# supported from D1 D2 D3hot D3cold
Oct 07 10:18:49 archlinux kernel: pci 0000:06:00.1: [1002:aaf0] type 00 class 0x040300 PCIe Legacy Endpoint
Oct 07 10:18:49 archlinux kernel: pci 0000:06:00.1: BAR 0 [mem 0xfcf60000-0xfcf63fff 64bit]
Oct 07 10:18:49 archlinux kernel: pci 0000:06:00.1: supports D1 D2
Oct 07 10:18:49 archlinux kernel: pci 0000:00:03.1: PCI bridge to [bus 06]
Oct 07 10:18:49 archlinux kernel: pci 0000:07:00.0: [1022:145a] type 00 class 0x130000 PCIe Endpoint
Oct 07 10:18:49 archlinux kernel: pci 0000:07:00.0: enabling Extended Tags
Oct 07 10:18:49 archlinux kernel: pci 0000:07:00.2: [1022:1456] type 00 class 0x108000 PCIe Endpoint
Oct 07 10:18:49 archlinux kernel: pci 0000:07:00.2: BAR 2 [mem 0xfca00000-0xfcafffff]
Oct 07 10:18:49 archlinux kernel: pci 0000:07:00.2: BAR 5 [mem 0xfcb00000-0xfcb01fff]
Oct 07 10:18:49 archlinux kernel: pci 0000:07:00.2: enabling Extended Tags
Oct 07 10:18:49 archlinux kernel: pci 0000:07:00.3: [1022:145f] type 00 class 0x0c0330 PCIe Endpoint
Oct 07 10:18:49 archlinux kernel: pci 0000:07:00.3: BAR 0 [mem 0xfc900000-0xfc9fffff 64bit]
Oct 07 10:18:49 archlinux kernel: pci 0000:07:00.3: enabling Extended Tags
Oct 07 10:18:49 archlinux kernel: pci 0000:07:00.3: PME# supported from D0 D3hot D3cold
Oct 07 10:18:49 archlinux kernel: pci 0000:00:07.1: PCI bridge to [bus 07]
Oct 07 10:18:49 archlinux kernel: pci 0000:08:00.0: [1022:1455] type 00 class 0x130000 PCIe Endpoint
Oct 07 10:18:49 archlinux kernel: pci 0000:08:00.0: enabling Extended Tags
Oct 07 10:18:49 archlinux kernel: pci 0000:08:00.2: [1022:7901] type 00 class 0x010601 PCIe Endpoint
Oct 07 10:18:49 archlinux kernel: pci 0000:08:00.2: BAR 5 [mem 0xfce08000-0xfce08fff]
Oct 07 10:18:49 archlinux kernel: pci 0000:08:00.2: enabling Extended Tags
Oct 07 10:18:49 archlinux kernel: pci 0000:08:00.2: PME# supported from D3hot D3cold
Oct 07 10:18:49 archlinux kernel: pci 0000:08:00.3: [1022:1457] type 00 class 0x040300 PCIe Endpoint
Oct 07 10:18:49 archlinux kernel: pci 0000:08:00.3: BAR 0 [mem 0xfce00000-0xfce07fff]
Oct 07 10:18:49 archlinux kernel: pci 0000:08:00.3: enabling Extended Tags
Oct 07 10:18:49 archlinux kernel: pci 0000:08:00.3: PME# supported from D0 D3hot D3cold
Oct 07 10:18:49 archlinux kernel: pci 0000:00:08.1: PCI bridge to [bus 08]
Oct 07 10:18:49 archlinux kernel: ACPI: PCI: Interrupt link LNKA configured for IRQ 0
Oct 07 10:18:49 archlinux kernel: ACPI: PCI: Interrupt link LNKB configured for IRQ 0
Oct 07 10:18:49 archlinux kernel: ACPI: PCI: Interrupt link LNKC configured for IRQ 0
Oct 07 10:18:49 archlinux kernel: ACPI: PCI: Interrupt link LNKD configured for IRQ 0
Oct 07 10:18:49 archlinux kernel: ACPI: PCI: Interrupt link LNKE configured for IRQ 0
Oct 07 10:18:49 archlinux kernel: ACPI: PCI: Interrupt link LNKF configured for IRQ 0
Oct 07 10:18:49 archlinux kernel: ACPI: PCI: Interrupt link LNKG configured for IRQ 0
Oct 07 10:18:49 archlinux kernel: ACPI: PCI: Interrupt link LNKH configured for IRQ 0
Oct 07 10:18:49 archlinux kernel: iommu: Default domain type: Translated
Oct 07 10:18:49 archlinux kernel: iommu: DMA domain TLB invalidation policy: lazy mode
Oct 07 10:18:49 archlinux kernel: SCSI subsystem initialized
Oct 07 10:18:49 archlinux kernel: libata version 3.00 loaded.
Oct 07 10:18:49 archlinux kernel: ACPI: bus type USB registered
Oct 07 10:18:49 archlinux kernel: usbcore: registered new interface driver usbfs
Oct 07 10:18:49 archlinux kernel: usbcore: registered new interface driver hub
Oct 07 10:18:49 archlinux kernel: usbcore: registered new device driver usb
Oct 07 10:18:49 archlinux kernel: EDAC MC: Ver: 3.0.0
Oct 07 10:18:49 archlinux kernel: efivars: Registered efivars operations
Oct 07 10:18:49 archlinux kernel: NetLabel: Initializing
Oct 07 10:18:49 archlinux kernel: NetLabel:  domain hash size = 128
Oct 07 10:18:49 archlinux kernel: NetLabel:  protocols = UNLABELED CIPSOv4 CALIPSO
Oct 07 10:18:49 archlinux kernel: NetLabel:  unlabeled traffic allowed by default
Oct 07 10:18:49 archlinux kernel: mctp: management component transport protocol core
Oct 07 10:18:49 archlinux kernel: NET: Registered PF_MCTP protocol family
Oct 07 10:18:49 archlinux kernel: PCI: Using ACPI for IRQ routing
Oct 07 10:18:49 archlinux kernel: PCI: pci_cache_line_size set to 64 bytes
Oct 07 10:18:49 archlinux kernel: e820: reserve RAM buffer [mem 0x09d00000-0x0bffffff]
Oct 07 10:18:49 archlinux kernel: e820: reserve RAM buffer [mem 0x0a200000-0x0bffffff]
Oct 07 10:18:49 archlinux kernel: e820: reserve RAM buffer [mem 0x0b000000-0x0bffffff]
Oct 07 10:18:49 archlinux kernel: e820: reserve RAM buffer [mem 0xd7746018-0xd7ffffff]
Oct 07 10:18:49 archlinux kernel: e820: reserve RAM buffer [mem 0xd776d000-0xd7ffffff]
Oct 07 10:18:49 archlinux kernel: e820: reserve RAM buffer [mem 0xd9254000-0xdbffffff]
Oct 07 10:18:49 archlinux kernel: e820: reserve RAM buffer [mem 0xda747000-0xdbffffff]
Oct 07 10:18:49 archlinux kernel: e820: reserve RAM buffer [mem 0xdf000000-0xdfffffff]
Oct 07 10:18:49 archlinux kernel: e820: reserve RAM buffer [mem 0x41f380000-0x41fffffff]
Oct 07 10:18:49 archlinux kernel: pci 0000:06:00.0: vgaarb: setting as boot VGA device
Oct 07 10:18:49 archlinux kernel: pci 0000:06:00.0: vgaarb: bridge control possible
Oct 07 10:18:49 archlinux kernel: pci 0000:06:00.0: vgaarb: VGA device added: decodes=io+mem,owns=none,locks=none
Oct 07 10:18:49 archlinux kernel: vgaarb: loaded
Oct 07 10:18:49 archlinux kernel: hpet0: at MMIO 0xfed00000, IRQs 2, 8, 0
Oct 07 10:18:49 archlinux kernel: hpet0: 3 comparators, 32-bit 14.318180 MHz counter
Oct 07 10:18:49 archlinux kernel: clocksource: Switched to clocksource tsc-early
Oct 07 10:18:49 archlinux kernel: VFS: Disk quotas dquot_6.6.0
Oct 07 10:18:49 archlinux kernel: VFS: Dquot-cache hash table entries: 512 (order 0, 4096 bytes)
Oct 07 10:18:49 archlinux kernel: pnp: PnP ACPI init
Oct 07 10:18:49 archlinux kernel: system 00:00: [mem 0xf8000000-0xfbffffff] has been reserved
Oct 07 10:18:49 archlinux kernel: system 00:02: [io  0x0280-0x028f] has been reserved
Oct 07 10:18:49 archlinux kernel: system 00:02: [io  0x0290-0x029f] has been reserved
Oct 07 10:18:49 archlinux kernel: system 00:02: [io  0x02a0-0x02af] has been reserved
Oct 07 10:18:49 archlinux kernel: system 00:02: [io  0x02b0-0x02bf] has been reserved
Oct 07 10:18:49 archlinux kernel: pnp 00:03: [dma 0 disabled]
Oct 07 10:18:49 archlinux kernel: system 00:04: [io  0x04d0-0x04d1] has been reserved
Oct 07 10:18:49 archlinux kernel: system 00:04: [io  0x040b] has been reserved
Oct 07 10:18:49 archlinux kernel: system 00:04: [io  0x04d6] has been reserved
Oct 07 10:18:49 archlinux kernel: system 00:04: [io  0x0c00-0x0c01] has been reserved
Oct 07 10:18:49 archlinux kernel: system 00:04: [io  0x0c14] has been reserved
Oct 07 10:18:49 archlinux kernel: system 00:04: [io  0x0c50-0x0c51] has been reserved
Oct 07 10:18:49 archlinux kernel: system 00:04: [io  0x0c52] has been reserved
Oct 07 10:18:49 archlinux kernel: system 00:04: [io  0x0c6c] has been reserved
Oct 07 10:18:49 archlinux kernel: system 00:04: [io  0x0c6f] has been reserved
Oct 07 10:18:49 archlinux kernel: system 00:04: [io  0x0cd0-0x0cd1] has been reserved
Oct 07 10:18:49 archlinux kernel: system 00:04: [io  0x0cd2-0x0cd3] has been reserved
Oct 07 10:18:49 archlinux kernel: system 00:04: [io  0x0cd4-0x0cd5] has been reserved
Oct 07 10:18:49 archlinux kernel: system 00:04: [io  0x0cd6-0x0cd7] has been reserved
Oct 07 10:18:49 archlinux kernel: system 00:04: [io  0x0cd8-0x0cdf] has been reserved
Oct 07 10:18:49 archlinux kernel: system 00:04: [io  0x0800-0x089f] has been reserved
Oct 07 10:18:49 archlinux kernel: system 00:04: [io  0x0b00-0x0b0f] has been reserved
Oct 07 10:18:49 archlinux kernel: system 00:04: [io  0x0b20-0x0b3f] has been reserved
Oct 07 10:18:49 archlinux kernel: system 00:04: [io  0x0900-0x090f] has been reserved
Oct 07 10:18:49 archlinux kernel: system 00:04: [io  0x0910-0x091f] has been reserved
Oct 07 10:18:49 archlinux kernel: system 00:04: [mem 0xfec00000-0xfec00fff] could not be reserved
Oct 07 10:18:49 archlinux kernel: system 00:04: [mem 0xfec01000-0xfec01fff] could not be reserved
Oct 07 10:18:49 archlinux kernel: system 00:04: [mem 0xfedc0000-0xfedc0fff] has been reserved
Oct 07 10:18:49 archlinux kernel: system 00:04: [mem 0xfee00000-0xfee00fff] has been reserved
Oct 07 10:18:49 archlinux kernel: system 00:04: [mem 0xfed80000-0xfed8ffff] could not be reserved
Oct 07 10:18:49 archlinux kernel: system 00:04: [mem 0xfec10000-0xfec10fff] has been reserved
Oct 07 10:18:49 archlinux kernel: system 00:04: [mem 0xff000000-0xffffffff] has been reserved
Oct 07 10:18:49 archlinux kernel: pnp: PnP ACPI: found 5 devices
Oct 07 10:18:49 archlinux kernel: clocksource: acpi_pm: mask: 0xffffff max_cycles: 0xffffff, max_idle_ns: 2085701024 ns
Oct 07 10:18:49 archlinux kernel: NET: Registered PF_INET protocol family
Oct 07 10:18:49 archlinux kernel: IP idents hash table entries: 262144 (order: 9, 2097152 bytes, linear)
Oct 07 10:18:49 archlinux kernel: tcp_listen_portaddr_hash hash table entries: 8192 (order: 5, 131072 bytes, linear)
Oct 07 10:18:49 archlinux kernel: Table-perturb hash table entries: 65536 (order: 6, 262144 bytes, linear)
Oct 07 10:18:49 archlinux kernel: TCP established hash table entries: 131072 (order: 8, 1048576 bytes, linear)
Oct 07 10:18:49 archlinux kernel: TCP bind hash table entries: 65536 (order: 9, 2097152 bytes, linear)
Oct 07 10:18:49 archlinux kernel: TCP: Hash tables configured (established 131072 bind 65536)
Oct 07 10:18:49 archlinux kernel: MPTCP token hash table entries: 16384 (order: 6, 393216 bytes, linear)
Oct 07 10:18:49 archlinux kernel: UDP hash table entries: 8192 (order: 6, 262144 bytes, linear)
Oct 07 10:18:49 archlinux kernel: UDP-Lite hash table entries: 8192 (order: 6, 262144 bytes, linear)
Oct 07 10:18:49 archlinux kernel: NET: Registered PF_UNIX/PF_LOCAL protocol family
Oct 07 10:18:49 archlinux kernel: NET: Registered PF_XDP protocol family
Oct 07 10:18:49 archlinux kernel: pci 0000:02:04.0: PCI bridge to [bus 03]
Oct 07 10:18:49 archlinux kernel: pci 0000:02:06.0: PCI bridge to [bus 04]
Oct 07 10:18:49 archlinux kernel: pci 0000:02:07.0: PCI bridge to [bus 05]
Oct 07 10:18:49 archlinux kernel: pci 0000:02:07.0:   bridge window [io  0xf000-0xffff]
Oct 07 10:18:49 archlinux kernel: pci 0000:02:07.0:   bridge window [mem 0xfcc00000-0xfccfffff]
Oct 07 10:18:49 archlinux kernel: pci 0000:01:00.2: PCI bridge to [bus 02-05]
Oct 07 10:18:49 archlinux kernel: pci 0000:01:00.2:   bridge window [io  0xf000-0xffff]
Oct 07 10:18:49 archlinux kernel: pci 0000:01:00.2:   bridge window [mem 0xfcc00000-0xfccfffff]
Oct 07 10:18:49 archlinux kernel: pci 0000:00:01.3: PCI bridge to [bus 01-05]
Oct 07 10:18:49 archlinux kernel: pci 0000:00:01.3:   bridge window [io  0xf000-0xffff]
Oct 07 10:18:49 archlinux kernel: pci 0000:00:01.3:   bridge window [mem 0xfcc00000-0xfcdfffff]
Oct 07 10:18:49 archlinux kernel: pci 0000:00:03.1: PCI bridge to [bus 06]
Oct 07 10:18:49 archlinux kernel: pci 0000:00:03.1:   bridge window [io  0xe000-0xefff]
Oct 07 10:18:49 archlinux kernel: pci 0000:00:03.1:   bridge window [mem 0xfcf00000-0xfcffffff]
Oct 07 10:18:49 archlinux kernel: pci 0000:00:03.1:   bridge window [mem 0xe0000000-0xf01fffff 64bit pref]
Oct 07 10:18:49 archlinux kernel: pci 0000:00:07.1: PCI bridge to [bus 07]
Oct 07 10:18:49 archlinux kernel: pci 0000:00:07.1:   bridge window [mem 0xfc900000-0xfcbfffff]
Oct 07 10:18:49 archlinux kernel: pci 0000:00:08.1: PCI bridge to [bus 08]
Oct 07 10:18:49 archlinux kernel: pci 0000:00:08.1:   bridge window [mem 0xfce00000-0xfcefffff]
Oct 07 10:18:49 archlinux kernel: pci_bus 0000:00: resource 4 [io  0x0000-0x03af window]
Oct 07 10:18:49 archlinux kernel: pci_bus 0000:00: resource 5 [io  0x03e0-0x0cf7 window]
Oct 07 10:18:49 archlinux kernel: pci_bus 0000:00: resource 6 [io  0x03b0-0x03df window]
Oct 07 10:18:49 archlinux kernel: pci_bus 0000:00: resource 7 [io  0x0d00-0xffff window]
Oct 07 10:18:49 archlinux kernel: pci_bus 0000:00: resource 8 [mem 0x000a0000-0x000dffff window]
Oct 07 10:18:49 archlinux kernel: pci_bus 0000:00: resource 9 [mem 0xe0000000-0xfec2ffff window]
Oct 07 10:18:49 archlinux kernel: pci_bus 0000:00: resource 10 [mem 0xfee00000-0xffffffff window]
Oct 07 10:18:49 archlinux kernel: pci_bus 0000:01: resource 0 [io  0xf000-0xffff]
Oct 07 10:18:49 archlinux kernel: pci_bus 0000:01: resource 1 [mem 0xfcc00000-0xfcdfffff]
Oct 07 10:18:49 archlinux kernel: pci_bus 0000:02: resource 0 [io  0xf000-0xffff]
Oct 07 10:18:49 archlinux kernel: pci_bus 0000:02: resource 1 [mem 0xfcc00000-0xfccfffff]
Oct 07 10:18:49 archlinux kernel: pci_bus 0000:05: resource 0 [io  0xf000-0xffff]
Oct 07 10:18:49 archlinux kernel: pci_bus 0000:05: resource 1 [mem 0xfcc00000-0xfccfffff]
Oct 07 10:18:49 archlinux kernel: pci_bus 0000:06: resource 0 [io  0xe000-0xefff]
Oct 07 10:18:49 archlinux kernel: pci_bus 0000:06: resource 1 [mem 0xfcf00000-0xfcffffff]
Oct 07 10:18:49 archlinux kernel: pci_bus 0000:06: resource 2 [mem 0xe0000000-0xf01fffff 64bit pref]
Oct 07 10:18:49 archlinux kernel: pci_bus 0000:07: resource 1 [mem 0xfc900000-0xfcbfffff]
Oct 07 10:18:49 archlinux kernel: pci_bus 0000:08: resource 1 [mem 0xfce00000-0xfcefffff]
Oct 07 10:18:49 archlinux kernel: pci 0000:06:00.1: D0 power state depends on 0000:06:00.0
Oct 07 10:18:49 archlinux kernel: PCI: CLS 64 bytes, default 64
Oct 07 10:18:49 archlinux kernel: pci 0000:00:00.2: AMD-Vi: IOMMU performance counters supported
Oct 07 10:18:49 archlinux kernel: Trying to unpack rootfs image as initramfs...
Oct 07 10:18:49 archlinux kernel: pci 0000:00:01.0: Adding to iommu group 0
Oct 07 10:18:49 archlinux kernel: pci 0000:00:01.3: Adding to iommu group 1
Oct 07 10:18:49 archlinux kernel: pci 0000:00:02.0: Adding to iommu group 2
Oct 07 10:18:49 archlinux kernel: pci 0000:00:03.0: Adding to iommu group 3
Oct 07 10:18:49 archlinux kernel: pci 0000:00:03.1: Adding to iommu group 4
Oct 07 10:18:49 archlinux kernel: pci 0000:00:04.0: Adding to iommu group 5
Oct 07 10:18:49 archlinux kernel: pci 0000:00:07.0: Adding to iommu group 6
Oct 07 10:18:49 archlinux kernel: pci 0000:00:07.1: Adding to iommu group 7
Oct 07 10:18:49 archlinux kernel: pci 0000:00:08.0: Adding to iommu group 8
Oct 07 10:18:49 archlinux kernel: pci 0000:00:08.1: Adding to iommu group 9
Oct 07 10:18:49 archlinux kernel: pci 0000:00:14.0: Adding to iommu group 10
Oct 07 10:18:49 archlinux kernel: pci 0000:00:14.3: Adding to iommu group 10
Oct 07 10:18:49 archlinux kernel: pci 0000:00:18.0: Adding to iommu group 11
Oct 07 10:18:49 archlinux kernel: pci 0000:00:18.1: Adding to iommu group 11
Oct 07 10:18:49 archlinux kernel: pci 0000:00:18.2: Adding to iommu group 11
Oct 07 10:18:49 archlinux kernel: pci 0000:00:18.3: Adding to iommu group 11
Oct 07 10:18:49 archlinux kernel: pci 0000:00:18.4: Adding to iommu group 11
Oct 07 10:18:49 archlinux kernel: pci 0000:00:18.5: Adding to iommu group 11
Oct 07 10:18:49 archlinux kernel: pci 0000:00:18.6: Adding to iommu group 11
Oct 07 10:18:49 archlinux kernel: pci 0000:00:18.7: Adding to iommu group 11
Oct 07 10:18:49 archlinux kernel: pci 0000:01:00.0: Adding to iommu group 12
Oct 07 10:18:49 archlinux kernel: pci 0000:01:00.1: Adding to iommu group 12
Oct 07 10:18:49 archlinux kernel: pci 0000:01:00.2: Adding to iommu group 12
Oct 07 10:18:49 archlinux kernel: pci 0000:02:04.0: Adding to iommu group 12
Oct 07 10:18:49 archlinux kernel: pci 0000:02:06.0: Adding to iommu group 12
Oct 07 10:18:49 archlinux kernel: pci 0000:02:07.0: Adding to iommu group 12
Oct 07 10:18:49 archlinux kernel: pci 0000:05:00.0: Adding to iommu group 12
Oct 07 10:18:49 archlinux kernel: pci 0000:06:00.0: Adding to iommu group 13
Oct 07 10:18:49 archlinux kernel: pci 0000:06:00.1: Adding to iommu group 13
Oct 07 10:18:49 archlinux kernel: pci 0000:07:00.0: Adding to iommu group 14
Oct 07 10:18:49 archlinux kernel: pci 0000:07:00.2: Adding to iommu group 15
Oct 07 10:18:49 archlinux kernel: pci 0000:07:00.3: Adding to iommu group 16
Oct 07 10:18:49 archlinux kernel: pci 0000:08:00.0: Adding to iommu group 17
Oct 07 10:18:49 archlinux kernel: pci 0000:08:00.2: Adding to iommu group 18
Oct 07 10:18:49 archlinux kernel: pci 0000:08:00.3: Adding to iommu group 19
Oct 07 10:18:49 archlinux kernel: AMD-Vi: Extended features (0xf77ef22294ada, 0x0): PPR NX GT IA GA PC GA_vAPIC
Oct 07 10:18:49 archlinux kernel: AMD-Vi: Interrupt remapping enabled
Oct 07 10:18:49 archlinux kernel: AMD-Vi: Virtual APIC enabled
Oct 07 10:18:49 archlinux kernel: PCI-DMA: Using software bounce buffering for IO (SWIOTLB)
Oct 07 10:18:49 archlinux kernel: software IO TLB: mapped [mem 0x00000000cb3c6000-0x00000000cf3c6000] (64MB)
Oct 07 10:18:49 archlinux kernel: perf/amd_iommu: Detected AMD IOMMU #0 (2 banks, 4 counters/bank).
Oct 07 10:18:49 archlinux kernel: Initialise system trusted keyrings
Oct 07 10:18:49 archlinux kernel: Key type blacklist registered
Oct 07 10:18:49 archlinux kernel: workingset: timestamp_bits=41 max_order=22 bucket_order=0
Oct 07 10:18:49 archlinux kernel: zbud: loaded
Oct 07 10:18:49 archlinux kernel: fuse: init (API version 7.40)
Oct 07 10:18:49 archlinux kernel: integrity: Platform Keyring initialized
Oct 07 10:18:49 archlinux kernel: integrity: Machine keyring initialized
Oct 07 10:18:49 archlinux kernel: Key type asymmetric registered
Oct 07 10:18:49 archlinux kernel: Asymmetric key parser 'x509' registered
Oct 07 10:18:49 archlinux kernel: Block layer SCSI generic (bsg) driver version 0.4 loaded (major 246)
Oct 07 10:18:49 archlinux kernel: io scheduler mq-deadline registered
Oct 07 10:18:49 archlinux kernel: io scheduler kyber registered
Oct 07 10:18:49 archlinux kernel: io scheduler bfq registered
Oct 07 10:18:49 archlinux kernel: pcieport 0000:00:01.3: PME: Signaling with IRQ 26
Oct 07 10:18:49 archlinux kernel: pcieport 0000:00:01.3: AER: enabled with IRQ 26
Oct 07 10:18:49 archlinux kernel: pcieport 0000:00:03.1: PME: Signaling with IRQ 27
Oct 07 10:18:49 archlinux kernel: pcieport 0000:00:03.1: AER: enabled with IRQ 27
Oct 07 10:18:49 archlinux kernel: pcieport 0000:00:07.1: PME: Signaling with IRQ 28
Oct 07 10:18:49 archlinux kernel: pcieport 0000:00:07.1: AER: enabled with IRQ 28
Oct 07 10:18:49 archlinux kernel: pcieport 0000:00:08.1: PME: Signaling with IRQ 30
Oct 07 10:18:49 archlinux kernel: pcieport 0000:00:08.1: AER: enabled with IRQ 30
Oct 07 10:18:49 archlinux kernel: shpchp: Standard Hot Plug PCI Controller Driver version: 0.4
Oct 07 10:18:49 archlinux kernel: input: Power Button as /devices/LNXSYSTM:00/LNXSYBUS:00/PNP0C0C:00/input/input0
Oct 07 10:18:49 archlinux kernel: ACPI: button: Power Button [PWRB]
Oct 07 10:18:49 archlinux kernel: input: Power Button as /devices/LNXSYSTM:00/LNXPWRBN:00/input/input1
Oct 07 10:18:49 archlinux kernel: ACPI: button: Power Button [PWRF]
Oct 07 10:18:49 archlinux kernel: Monitor-Mwait will be used to enter C-1 state
Oct 07 10:18:49 archlinux kernel: ACPI: \_PR_.C000: Found 2 idle states
Oct 07 10:18:49 archlinux kernel: ACPI: \_PR_.C002: Found 2 idle states
Oct 07 10:18:49 archlinux kernel: ACPI: \_PR_.C004: Found 2 idle states
Oct 07 10:18:49 archlinux kernel: ACPI: \_PR_.C006: Found 2 idle states
Oct 07 10:18:49 archlinux kernel: ACPI: \_PR_.C008: Found 2 idle states
Oct 07 10:18:49 archlinux kernel: ACPI: \_PR_.C00A: Found 2 idle states
Oct 07 10:18:49 archlinux kernel: ACPI: \_PR_.C001: Found 2 idle states
Oct 07 10:18:49 archlinux kernel: ACPI: \_PR_.C003: Found 2 idle states
Oct 07 10:18:49 archlinux kernel: ACPI: \_PR_.C005: Found 2 idle states
Oct 07 10:18:49 archlinux kernel: ACPI: \_PR_.C007: Found 2 idle states
Oct 07 10:18:49 archlinux kernel: ACPI: \_PR_.C009: Found 2 idle states
Oct 07 10:18:49 archlinux kernel: ACPI: \_PR_.C00B: Found 2 idle states
Oct 07 10:18:49 archlinux kernel: Serial: 8250/16550 driver, 32 ports, IRQ sharing enabled
Oct 07 10:18:49 archlinux kernel: 00:03: ttyS0 at I/O 0x3f8 (irq = 4, base_baud = 115200) is a 16550A
Oct 07 10:18:49 archlinux kernel: Non-volatile memory driver v1.3
Oct 07 10:18:49 archlinux kernel: Linux agpgart interface v0.103
Oct 07 10:18:49 archlinux kernel: ACPI: bus type drm_connector registered
Oct 07 10:18:49 archlinux kernel: ahci 0000:01:00.1: version 3.0
Oct 07 10:18:49 archlinux kernel: ahci 0000:01:00.1: SSS flag set, parallel bus scan disabled
Oct 07 10:18:49 archlinux kernel: ahci 0000:01:00.1: AHCI vers 0001.0301, 32 command slots, 6 Gbps, SATA mode
Oct 07 10:18:49 archlinux kernel: ahci 0000:01:00.1: 4/8 ports implemented (port mask 0x33)
Oct 07 10:18:49 archlinux kernel: ahci 0000:01:00.1: flags: 64bit ncq sntf stag pm led clo only pmp pio slum part sxs deso sadm sds apst 
Oct 07 10:18:49 archlinux kernel: scsi host0: ahci
Oct 07 10:18:49 archlinux kernel: scsi host1: ahci
Oct 07 10:18:49 archlinux kernel: scsi host2: ahci
Oct 07 10:18:49 archlinux kernel: scsi host3: ahci
Oct 07 10:18:49 archlinux kernel: scsi host4: ahci
Oct 07 10:18:49 archlinux kernel: scsi host5: ahci
Oct 07 10:18:49 archlinux kernel: scsi host6: ahci
Oct 07 10:18:49 archlinux kernel: scsi host7: ahci
Oct 07 10:18:49 archlinux kernel: ata1: SATA max UDMA/133 abar m131072@0xfcd80000 port 0xfcd80100 irq 37 lpm-pol 3
Oct 07 10:18:49 archlinux kernel: ata2: SATA max UDMA/133 abar m131072@0xfcd80000 port 0xfcd80180 irq 37 lpm-pol 3
Oct 07 10:18:49 archlinux kernel: ata3: DUMMY
Oct 07 10:18:49 archlinux kernel: ata4: DUMMY
Oct 07 10:18:49 archlinux kernel: ata5: SATA max UDMA/133 abar m131072@0xfcd80000 port 0xfcd80300 irq 37 lpm-pol 3
Oct 07 10:18:49 archlinux kernel: ata6: SATA max UDMA/133 abar m131072@0xfcd80000 port 0xfcd80380 irq 37 lpm-pol 3
Oct 07 10:18:49 archlinux kernel: ata7: DUMMY
Oct 07 10:18:49 archlinux kernel: ata8: DUMMY
Oct 07 10:18:49 archlinux kernel: ahci 0000:08:00.2: AHCI vers 0001.0301, 32 command slots, 6 Gbps, SATA mode
Oct 07 10:18:49 archlinux kernel: ahci 0000:08:00.2: 1/1 ports implemented (port mask 0x1)
Oct 07 10:18:49 archlinux kernel: ahci 0000:08:00.2: flags: 64bit ncq sntf ilck pm led clo only pmp fbs pio slum part 
Oct 07 10:18:49 archlinux kernel: scsi host8: ahci
Oct 07 10:18:49 archlinux kernel: ata9: SATA max UDMA/133 abar m4096@0xfce08000 port 0xfce08100 irq 39 lpm-pol 3
Oct 07 10:18:49 archlinux kernel: usbcore: registered new interface driver usbserial_generic
Oct 07 10:18:49 archlinux kernel: usbserial: USB Serial support registered for generic
Oct 07 10:18:49 archlinux kernel: rtc_cmos 00:01: RTC can wake from S4
Oct 07 10:18:49 archlinux kernel: rtc_cmos 00:01: registered as rtc0
Oct 07 10:18:49 archlinux kernel: rtc_cmos 00:01: setting system clock to 2024-10-07T01:18:43 UTC (1728263923)
Oct 07 10:18:49 archlinux kernel: rtc_cmos 00:01: alarms up to one month, y3k, 114 bytes nvram, hpet irqs
Oct 07 10:18:49 archlinux kernel: ledtrig-cpu: registered to indicate activity on CPUs
Oct 07 10:18:49 archlinux kernel: [drm] Initialized simpledrm 1.0.0 for simple-framebuffer.0 on minor 0
Oct 07 10:18:49 archlinux kernel: fbcon: Deferring console take-over
Oct 07 10:18:49 archlinux kernel: simple-framebuffer simple-framebuffer.0: [drm] fb0: simpledrmdrmfb frame buffer device
Oct 07 10:18:49 archlinux kernel: hid: raw HID events driver (C) Jiri Kosina
Oct 07 10:18:49 archlinux kernel: drop_monitor: Initializing network drop monitor service
Oct 07 10:18:49 archlinux kernel: NET: Registered PF_INET6 protocol family
Oct 07 10:18:49 archlinux kernel: Freeing initrd memory: 35604K
Oct 07 10:18:49 archlinux kernel: Segment Routing with IPv6
Oct 07 10:18:49 archlinux kernel: RPL Segment Routing with IPv6
Oct 07 10:18:49 archlinux kernel: In-situ OAM (IOAM) with IPv6
Oct 07 10:18:49 archlinux kernel: NET: Registered PF_PACKET protocol family
Oct 07 10:18:49 archlinux kernel: microcode: Current revision: 0x0800820d
Oct 07 10:18:49 archlinux kernel: microcode: Updated early from: 0x0800820c
Oct 07 10:18:49 archlinux kernel: IPI shorthand broadcast: enabled
Oct 07 10:18:49 archlinux kernel: sched_clock: Marking stable (384044263, -23329312)->(362835653, -2120702)
Oct 07 10:18:49 archlinux kernel: registered taskstats version 1
Oct 07 10:18:49 archlinux kernel: Loading compiled-in X.509 certificates
Oct 07 10:18:49 archlinux kernel: Loaded X.509 cert 'Build time autogenerated kernel key: 3ae415431ef7c3cee36317b0a9b56394a07ffb2c'
Oct 07 10:18:49 archlinux kernel: Demotion targets for Node 0: null
Oct 07 10:18:49 archlinux kernel: Key type .fscrypt registered
Oct 07 10:18:49 archlinux kernel: Key type fscrypt-provisioning registered
Oct 07 10:18:49 archlinux kernel: PM:   Magic number: 12:922:305
Oct 07 10:18:49 archlinux kernel: tty tty34: hash matches
Oct 07 10:18:49 archlinux kernel: RAS: Correctable Errors collector initialized.
Oct 07 10:18:49 archlinux kernel: clk: Disabling unused clocks
Oct 07 10:18:49 archlinux kernel: PM: genpd: Disabling unused power domains
Oct 07 10:18:49 archlinux kernel: ata9: SATA link down (SStatus 0 SControl 300)
Oct 07 10:18:49 archlinux kernel: ata1: SATA link up 6.0 Gbps (SStatus 133 SControl 300)
Oct 07 10:18:49 archlinux kernel: ata1.00: supports DRM functions and may not be fully accessible
Oct 07 10:18:49 archlinux kernel: ata1.00: ATA-11: Samsung SSD 860 EVO 250GB, RVT03B6Q, max UDMA/133
Oct 07 10:18:49 archlinux kernel: ata1.00: 488397168 sectors, multi 1: LBA48 NCQ (depth 32), AA
Oct 07 10:18:49 archlinux kernel: ata1.00: Features: Trust Dev-Sleep NCQ-sndrcv
Oct 07 10:18:49 archlinux kernel: ata1.00: supports DRM functions and may not be fully accessible
Oct 07 10:18:49 archlinux kernel: ata1.00: configured for UDMA/133
Oct 07 10:18:49 archlinux kernel: ahci 0000:01:00.1: port does not support device sleep
Oct 07 10:18:49 archlinux kernel: scsi 0:0:0:0: Direct-Access     ATA      Samsung SSD 860  3B6Q PQ: 0 ANSI: 5
Oct 07 10:18:49 archlinux kernel: ata1.00: Enabling discard_zeroes_data
Oct 07 10:18:49 archlinux kernel: sd 0:0:0:0: [sda] 488397168 512-byte logical blocks: (250 GB/233 GiB)
Oct 07 10:18:49 archlinux kernel: sd 0:0:0:0: [sda] Write Protect is off
Oct 07 10:18:49 archlinux kernel: sd 0:0:0:0: [sda] Mode Sense: 00 3a 00 00
Oct 07 10:18:49 archlinux kernel: sd 0:0:0:0: [sda] Write cache: enabled, read cache: enabled, doesn't support DPO or FUA
Oct 07 10:18:49 archlinux kernel: sd 0:0:0:0: [sda] Preferred minimum I/O size 512 bytes
Oct 07 10:18:49 archlinux kernel: ata1.00: Enabling discard_zeroes_data
Oct 07 10:18:49 archlinux kernel:  sda: sda1 sda2
Oct 07 10:18:49 archlinux kernel: sd 0:0:0:0: [sda] supports TCG Opal
Oct 07 10:18:49 archlinux kernel: sd 0:0:0:0: [sda] Attached SCSI disk
Oct 07 10:18:49 archlinux kernel: ata2: SATA link down (SStatus 0 SControl 300)
Oct 07 10:18:49 archlinux kernel: tsc: Refined TSC clocksource calibration: 3399.997 MHz
Oct 07 10:18:49 archlinux kernel: clocksource: tsc: mask: 0xffffffffffffffff max_cycles: 0x31024bd20a6, max_idle_ns: 440795346804 ns
Oct 07 10:18:49 archlinux kernel: clocksource: Switched to clocksource tsc
Oct 07 10:18:49 archlinux kernel: ata5: SATA link down (SStatus 0 SControl 300)
Oct 07 10:18:49 archlinux kernel: ata6: SATA link down (SStatus 0 SControl 300)
Oct 07 10:18:49 archlinux kernel: Freeing unused decrypted memory: 2028K
Oct 07 10:18:49 archlinux kernel: Freeing unused kernel image (initmem) memory: 3452K
Oct 07 10:18:49 archlinux kernel: Write protecting the kernel read-only data: 32768k
Oct 07 10:18:49 archlinux kernel: Freeing unused kernel image (rodata/data gap) memory: 816K
Oct 07 10:18:49 archlinux kernel: x86/mm: Checked W+X mappings: passed, no W+X pages found.
Oct 07 10:18:49 archlinux kernel: rodata_test: all tests were successful
Oct 07 10:18:49 archlinux kernel: Run /init as init process
Oct 07 10:18:49 archlinux kernel:   with arguments:
Oct 07 10:18:49 archlinux kernel:     /init
Oct 07 10:18:49 archlinux kernel:   with environment:
Oct 07 10:18:49 archlinux kernel:     HOME=/
Oct 07 10:18:49 archlinux kernel:     TERM=linux
Oct 07 10:18:49 archlinux kernel: fbcon: Taking over console
Oct 07 10:18:49 archlinux kernel: Console: switching to colour frame buffer device 240x67
Oct 07 10:18:49 archlinux kernel: raid6: skipped pq benchmark and selected avx2x4
Oct 07 10:18:49 archlinux kernel: raid6: using avx2x2 recovery algorithm
Oct 07 10:18:49 archlinux kernel: xor: automatically using best checksumming function   avx       
Oct 07 10:18:49 archlinux kernel: Btrfs loaded, zoned=yes, fsverity=yes
Oct 07 10:18:49 archlinux kernel: xhci_hcd 0000:01:00.0: xHCI Host Controller
Oct 07 10:18:49 archlinux kernel: xhci_hcd 0000:01:00.0: new USB bus registered, assigned bus number 1
Oct 07 10:18:49 archlinux kernel: xhci_hcd 0000:01:00.0: hcc params 0x0200ef81 hci version 0x110 quirks 0x0000000008000010
Oct 07 10:18:49 archlinux kernel: xhci_hcd 0000:01:00.0: xHCI Host Controller
Oct 07 10:18:49 archlinux kernel: xhci_hcd 0000:01:00.0: new USB bus registered, assigned bus number 2
Oct 07 10:18:49 archlinux kernel: xhci_hcd 0000:01:00.0: Host supports USB 3.1 Enhanced SuperSpeed
Oct 07 10:18:49 archlinux kernel: usb usb1: New USB device found, idVendor=1d6b, idProduct=0002, bcdDevice= 6.11
Oct 07 10:18:49 archlinux kernel: usb usb1: New USB device strings: Mfr=3, Product=2, SerialNumber=1
Oct 07 10:18:49 archlinux kernel: usb usb1: Product: xHCI Host Controller
Oct 07 10:18:49 archlinux kernel: usb usb1: Manufacturer: Linux 6.11.2-arch1-1 xhci-hcd
Oct 07 10:18:49 archlinux kernel: usb usb1: SerialNumber: 0000:01:00.0
Oct 07 10:18:49 archlinux kernel: hub 1-0:1.0: USB hub found
Oct 07 10:18:49 archlinux kernel: hub 1-0:1.0: 9 ports detected
Oct 07 10:18:49 archlinux kernel: usb usb2: We don't know the algorithms for LPM for this host, disabling LPM.
Oct 07 10:18:49 archlinux kernel: usb usb2: New USB device found, idVendor=1d6b, idProduct=0003, bcdDevice= 6.11
Oct 07 10:18:49 archlinux kernel: usb usb2: New USB device strings: Mfr=3, Product=2, SerialNumber=1
Oct 07 10:18:49 archlinux kernel: usb usb2: Product: xHCI Host Controller
Oct 07 10:18:49 archlinux kernel: usb usb2: Manufacturer: Linux 6.11.2-arch1-1 xhci-hcd
Oct 07 10:18:49 archlinux kernel: usb usb2: SerialNumber: 0000:01:00.0
Oct 07 10:18:49 archlinux kernel: hub 2-0:1.0: USB hub found
Oct 07 10:18:49 archlinux kernel: hub 2-0:1.0: 3 ports detected
Oct 07 10:18:49 archlinux kernel: xhci_hcd 0000:07:00.3: xHCI Host Controller
Oct 07 10:18:49 archlinux kernel: xhci_hcd 0000:07:00.3: new USB bus registered, assigned bus number 3
Oct 07 10:18:49 archlinux kernel: xhci_hcd 0000:07:00.3: hcc params 0x0270f665 hci version 0x100 quirks 0x0000000000000010
Oct 07 10:18:49 archlinux kernel: xhci_hcd 0000:07:00.3: xHCI Host Controller
Oct 07 10:18:49 archlinux kernel: xhci_hcd 0000:07:00.3: new USB bus registered, assigned bus number 4
Oct 07 10:18:49 archlinux kernel: xhci_hcd 0000:07:00.3: Host supports USB 3.0 SuperSpeed
Oct 07 10:18:49 archlinux kernel: usb usb3: New USB device found, idVendor=1d6b, idProduct=0002, bcdDevice= 6.11
Oct 07 10:18:49 archlinux kernel: usb usb3: New USB device strings: Mfr=3, Product=2, SerialNumber=1
Oct 07 10:18:49 archlinux kernel: usb usb3: Product: xHCI Host Controller
Oct 07 10:18:49 archlinux kernel: usb usb3: Manufacturer: Linux 6.11.2-arch1-1 xhci-hcd
Oct 07 10:18:49 archlinux kernel: usb usb3: SerialNumber: 0000:07:00.3
Oct 07 10:18:49 archlinux kernel: hub 3-0:1.0: USB hub found
Oct 07 10:18:49 archlinux kernel: hub 3-0:1.0: 4 ports detected
Oct 07 10:18:49 archlinux kernel: usb usb4: We don't know the algorithms for LPM for this host, disabling LPM.
Oct 07 10:18:49 archlinux kernel: usb usb4: New USB device found, idVendor=1d6b, idProduct=0003, bcdDevice= 6.11
Oct 07 10:18:49 archlinux kernel: usb usb4: New USB device strings: Mfr=3, Product=2, SerialNumber=1
Oct 07 10:18:49 archlinux kernel: usb usb4: Product: xHCI Host Controller
Oct 07 10:18:49 archlinux kernel: usb usb4: Manufacturer: Linux 6.11.2-arch1-1 xhci-hcd
Oct 07 10:18:49 archlinux kernel: usb usb4: SerialNumber: 0000:07:00.3
Oct 07 10:18:49 archlinux kernel: hub 4-0:1.0: USB hub found
Oct 07 10:18:49 archlinux kernel: hub 4-0:1.0: 4 ports detected
Oct 07 10:18:49 archlinux kernel: usb 3-1: new full-speed USB device number 2 using xhci_hcd
Oct 07 10:18:49 archlinux kernel: usb 3-1: New USB device found, idVendor=258a, idProduct=002a, bcdDevice=90.36
Oct 07 10:18:49 archlinux kernel: usb 3-1: New USB device strings: Mfr=1, Product=2, SerialNumber=0
Oct 07 10:18:49 archlinux kernel: usb 3-1: Product: COX CK420 
Oct 07 10:18:49 archlinux kernel: usb 3-1: Manufacturer: SINO WEALTH
Oct 07 10:18:49 archlinux kernel: usb 3-2: new full-speed USB device number 3 using xhci_hcd
Oct 07 10:18:49 archlinux kernel: usb 3-2: New USB device found, idVendor=046d, idProduct=c09d, bcdDevice=52.02
Oct 07 10:18:49 archlinux kernel: usb 3-2: New USB device strings: Mfr=1, Product=2, SerialNumber=3
Oct 07 10:18:49 archlinux kernel: usb 3-2: Product: G102 LIGHTSYNC Gaming Mouse
Oct 07 10:18:49 archlinux kernel: usb 3-2: Manufacturer: Logitech
Oct 07 10:18:49 archlinux kernel: usb 3-2: SerialNumber: 207E38685357
Oct 07 10:18:49 archlinux kernel: usb 3-3: new high-speed USB device number 4 using xhci_hcd
Oct 07 10:18:49 archlinux kernel: usb 3-3: New USB device found, idVendor=0c45, idProduct=6367, bcdDevice= 1.00
Oct 07 10:18:49 archlinux kernel: usb 3-3: New USB device strings: Mfr=2, Product=1, SerialNumber=3
Oct 07 10:18:49 archlinux kernel: usb 3-3: Product: HCAM01N
Oct 07 10:18:49 archlinux kernel: usb 3-3: Manufacturer: Sonix Technology Co., Ltd.
Oct 07 10:18:49 archlinux kernel: usb 3-3: SerialNumber: SN0001
Oct 07 10:18:49 archlinux kernel: [drm] amdgpu kernel modesetting enabled.
Oct 07 10:18:49 archlinux kernel: amdgpu: Virtual CRAT table created for CPU
Oct 07 10:18:49 archlinux kernel: amdgpu: Topology: Add CPU node
Oct 07 10:18:49 archlinux kernel: amdgpu 0000:06:00.0: enabling device (0006 -> 0007)
Oct 07 10:18:49 archlinux kernel: [drm] initializing kernel modesetting (POLARIS10 0x1002:0x67DF 0x1458:0x22F7 0xEF).
Oct 07 10:18:49 archlinux kernel: [drm] register mmio base: 0xFCF00000
Oct 07 10:18:49 archlinux kernel: [drm] register mmio size: 262144
Oct 07 10:18:49 archlinux kernel: [drm] add ip block number 0 <vi_common>
Oct 07 10:18:49 archlinux kernel: [drm] add ip block number 1 <gmc_v8_0>
Oct 07 10:18:49 archlinux kernel: [drm] add ip block number 2 <tonga_ih>
Oct 07 10:18:49 archlinux kernel: [drm] add ip block number 3 <gfx_v8_0>
Oct 07 10:18:49 archlinux kernel: [drm] add ip block number 4 <sdma_v3_0>
Oct 07 10:18:49 archlinux kernel: [drm] add ip block number 5 <powerplay>
Oct 07 10:18:49 archlinux kernel: [drm] add ip block number 6 <dm>
Oct 07 10:18:49 archlinux kernel: [drm] add ip block number 7 <uvd_v6_0>
Oct 07 10:18:49 archlinux kernel: [drm] add ip block number 8 <vce_v3_0>
Oct 07 10:18:49 archlinux kernel: amdgpu 0000:06:00.0: amdgpu: Fetched VBIOS from VFCT
Oct 07 10:18:49 archlinux kernel: amdgpu: ATOM BIOS: xxx-xxx-xxx
Oct 07 10:18:49 archlinux kernel: [drm] UVD is enabled in VM mode
Oct 07 10:18:49 archlinux kernel: [drm] UVD ENC is enabled in VM mode
Oct 07 10:18:49 archlinux kernel: [drm] VCE enabled in VM mode
Oct 07 10:18:49 archlinux kernel: Console: switching to colour dummy device 80x25
Oct 07 10:18:49 archlinux kernel: amdgpu 0000:06:00.0: vgaarb: deactivate vga console
Oct 07 10:18:49 archlinux kernel: amdgpu 0000:06:00.0: amdgpu: Trusted Memory Zone (TMZ) feature not supported
Oct 07 10:18:49 archlinux kernel: [drm] vm size is 64 GB, 2 levels, block size is 10-bit, fragment size is 9-bit
Oct 07 10:18:49 archlinux kernel: amdgpu 0000:06:00.0: amdgpu: VRAM: 4096M 0x000000F400000000 - 0x000000F4FFFFFFFF (4096M used)
Oct 07 10:18:49 archlinux kernel: amdgpu 0000:06:00.0: amdgpu: GART: 256M 0x000000FF00000000 - 0x000000FF0FFFFFFF
Oct 07 10:18:49 archlinux kernel: [drm] Detected VRAM RAM=4096M, BAR=256M
Oct 07 10:18:49 archlinux kernel: [drm] RAM width 256bits GDDR5
Oct 07 10:18:49 archlinux kernel: [drm] amdgpu: 4096M of VRAM memory ready
Oct 07 10:18:49 archlinux kernel: [drm] amdgpu: 7961M of GTT memory ready.
Oct 07 10:18:49 archlinux kernel: [drm] GART: num cpu pages 65536, num gpu pages 65536
Oct 07 10:18:49 archlinux kernel: [drm] PCIE GART of 256M enabled (table at 0x000000F400800000).
Oct 07 10:18:49 archlinux kernel: [drm] Chained IB support enabled!
Oct 07 10:18:49 archlinux kernel: amdgpu: hwmgr_sw_init smu backed is polaris10_smu
Oct 07 10:18:49 archlinux kernel: [drm] Found UVD firmware Version: 1.130 Family ID: 16
Oct 07 10:18:49 archlinux kernel: [drm] Found VCE firmware Version: 53.26 Binary ID: 3
Oct 07 10:18:49 archlinux kernel: usbcore: registered new interface driver usbhid
Oct 07 10:18:49 archlinux kernel: usbhid: USB HID core driver
Oct 07 10:18:49 archlinux kernel: input: SINO WEALTH COX CK420  as /devices/pci0000:00/0000:00:07.1/0000:07:00.3/usb3/3-1/3-1:1.0/0003:258A:002A.0001/input/input2
Oct 07 10:18:49 archlinux kernel: [drm] Display Core v3.2.291 initialized on DCE 11.2
Oct 07 10:18:49 archlinux kernel: [drm] UVD and UVD ENC initialized successfully.
Oct 07 10:18:49 archlinux kernel: hid-generic 0003:258A:002A.0001: input,hidraw0: USB HID v1.11 Keyboard [SINO WEALTH COX CK420 ] on usb-0000:07:00.3-1/input0
Oct 07 10:18:49 archlinux kernel: input: SINO WEALTH COX CK420  System Control as /devices/pci0000:00/0000:00:07.1/0000:07:00.3/usb3/3-1/3-1:1.1/0003:258A:002A.0002/input/input3
Oct 07 10:18:49 archlinux kernel: input: SINO WEALTH COX CK420  Consumer Control as /devices/pci0000:00/0000:00:07.1/0000:07:00.3/usb3/3-1/3-1:1.1/0003:258A:002A.0002/input/input4
Oct 07 10:18:49 archlinux kernel: input: SINO WEALTH COX CK420  Keyboard as /devices/pci0000:00/0000:00:07.1/0000:07:00.3/usb3/3-1/3-1:1.1/0003:258A:002A.0002/input/input5
Oct 07 10:18:49 archlinux kernel: hid-generic 0003:258A:002A.0002: input,hiddev96,hidraw1: USB HID v1.11 Keyboard [SINO WEALTH COX CK420 ] on usb-0000:07:00.3-1/input1
Oct 07 10:18:49 archlinux kernel: input: Logitech G102 LIGHTSYNC Gaming Mouse as /devices/pci0000:00/0000:00:07.1/0000:07:00.3/usb3/3-2/3-2:1.0/0003:046D:C09D.0003/input/input6
Oct 07 10:18:49 archlinux kernel: hid-generic 0003:046D:C09D.0003: input,hidraw2: USB HID v1.11 Mouse [Logitech G102 LIGHTSYNC Gaming Mouse] on usb-0000:07:00.3-2/input0
Oct 07 10:18:49 archlinux kernel: input: Logitech G102 LIGHTSYNC Gaming Mouse Keyboard as /devices/pci0000:00/0000:00:07.1/0000:07:00.3/usb3/3-2/3-2:1.1/0003:046D:C09D.0004/input/input7
Oct 07 10:18:49 archlinux kernel: [drm] VCE initialized successfully.
Oct 07 10:18:49 archlinux kernel: kfd kfd: amdgpu: Allocated 3969056 bytes on gart
Oct 07 10:18:49 archlinux kernel: kfd kfd: amdgpu: Total number of KFD nodes to be created: 1
Oct 07 10:18:49 archlinux kernel: amdgpu: Virtual CRAT table created for GPU
Oct 07 10:18:49 archlinux kernel: amdgpu: Topology: Add dGPU node [0x67df:0x1002]
Oct 07 10:18:49 archlinux kernel: kfd kfd: amdgpu: added device 1002:67df
Oct 07 10:18:49 archlinux kernel: amdgpu 0000:06:00.0: amdgpu: SE 4, SH per SE 1, CU per SH 9, active_cu_number 32
Oct 07 10:18:49 archlinux kernel: amdgpu 0000:06:00.0: amdgpu: Using BACO for runtime pm
Oct 07 10:18:49 archlinux kernel: [drm] Initialized amdgpu 3.59.0 for 0000:06:00.0 on minor 1
Oct 07 10:18:49 archlinux kernel: fbcon: amdgpudrmfb (fb0) is primary device
Oct 07 10:18:49 archlinux kernel: hid-generic 0003:046D:C09D.0004: input,hiddev97,hidraw3: USB HID v1.11 Keyboard [Logitech G102 LIGHTSYNC Gaming Mouse] on usb-0000:07:00.3-2/input1
Oct 07 10:18:49 archlinux kernel: Console: switching to colour frame buffer device 210x65
Oct 07 10:18:49 archlinux kernel: amdgpu 0000:06:00.0: [drm] fb0: amdgpudrmfb frame buffer device
Oct 07 10:18:49 archlinux kernel: BTRFS: device fsid ab2a05fa-aaf4-4f2d-be34-404d2fc8d2e7 devid 1 transid 24 /dev/sda2 (8:2) scanned by mount (313)
Oct 07 10:18:49 archlinux kernel: BTRFS info (device sda2): first mount of filesystem ab2a05fa-aaf4-4f2d-be34-404d2fc8d2e7
Oct 07 10:18:49 archlinux kernel: BTRFS info (device sda2): using crc32c (crc32c-intel) checksum algorithm
Oct 07 10:18:49 archlinux kernel: BTRFS info (device sda2): using free-space-tree
Oct 07 10:18:49 archlinux systemd[1]: systemd 256.6-1-arch running in system mode (+PAM +AUDIT -SELINUX -APPARMOR -IMA +SMACK +SECCOMP +GCRYPT +GNUTLS +OPENSSL +ACL +BLKID +CURL +ELFUTILS +FIDO2 +IDN2 -IDN +IPTC +KMOD +LIBCRYPTSETUP +LIBCRYPTSETUP_PLUGINS +LIBFDISK +PCRE2 +PWQUALITY +P11KIT +QRENCODE +TPM2 +BZIP2 +LZ4 +XZ +ZLIB +ZSTD +BPF_FRAMEWORK +XKBCOMMON +UTMP -SYSVINIT +LIBARCHIVE)
Oct 07 10:18:49 archlinux systemd[1]: Detected architecture x86-64.
Oct 07 10:18:49 archlinux systemd[1]: bpf-restrict-fs: LSM BPF program attached
Oct 07 10:18:49 archlinux kernel: zram: Added device: zram0
Oct 07 10:18:49 archlinux systemd[1]: Queued start job for default target Graphical Interface.
Oct 07 10:18:49 archlinux systemd[1]: Created slice Slice /system/dirmngr.
Oct 07 10:18:49 archlinux systemd[1]: Created slice Slice /system/getty.
Oct 07 10:18:49 archlinux systemd[1]: Created slice Slice /system/gpg-agent.
Oct 07 10:18:49 archlinux systemd[1]: Created slice Slice /system/gpg-agent-browser.
Oct 07 10:18:49 archlinux systemd[1]: Created slice Slice /system/gpg-agent-extra.
Oct 07 10:18:49 archlinux systemd[1]: Created slice Slice /system/gpg-agent-ssh.
Oct 07 10:18:49 archlinux systemd[1]: Created slice Slice /system/keyboxd.
Oct 07 10:18:49 archlinux systemd[1]: Created slice Slice /system/modprobe.
Oct 07 10:18:49 archlinux systemd[1]: Created slice Slice /system/systemd-zram-setup.
Oct 07 10:18:49 archlinux systemd[1]: Created slice User and Session Slice.
Oct 07 10:18:49 archlinux systemd[1]: Started Dispatch Password Requests to Console Directory Watch.
Oct 07 10:18:49 archlinux systemd[1]: Started Forward Password Requests to Wall Directory Watch.
Oct 07 10:18:49 archlinux systemd[1]: Set up automount Arbitrary Executable File Formats File System Automount Point.
Oct 07 10:18:49 archlinux systemd[1]: Expecting device /dev/disk/by-uuid/5A60-AFDB...
Oct 07 10:18:49 archlinux systemd[1]: Expecting device /dev/disk/by-uuid/ab2a05fa-aaf4-4f2d-be34-404d2fc8d2e7...
Oct 07 10:18:49 archlinux systemd[1]: Expecting device /dev/zram0...
Oct 07 10:18:49 archlinux systemd[1]: Reached target Local Encrypted Volumes.
Oct 07 10:18:49 archlinux systemd[1]: Reached target Login Prompts.
Oct 07 10:18:49 archlinux systemd[1]: Reached target Local Integrity Protected Volumes.
Oct 07 10:18:49 archlinux systemd[1]: Reached target Path Units.
Oct 07 10:18:49 archlinux systemd[1]: Reached target Remote File Systems.
Oct 07 10:18:49 archlinux systemd[1]: Reached target Slice Units.
Oct 07 10:18:49 archlinux systemd[1]: Reached target Local Verity Protected Volumes.
Oct 07 10:18:49 archlinux systemd[1]: Listening on Device-mapper event daemon FIFOs.
Oct 07 10:18:49 archlinux systemd[1]: Listening on Process Core Dump Socket.
